<html>
<body>
<pre>
<h1>µVision Build Log</h1>
<h2>Tool Versions:</h2>
IDE-Version: µVision V5.24.2.0
Copyright (C) 2017 ARM Ltd and ARM Germany GmbH. All rights reserved.
License Information: Aniket Gujarathi, VNIT, Nagpur, LIC=----
 
Tool Versions:
Toolchain:       MDK-Lite  Version: 5.24.1
Toolchain Path:  C:\Keil_v5\ARM\ARMCC\Bin
C Compiler:      Armcc.exe V5.06 update 5 (build 528)
Assembler:       Armasm.exe V5.06 update 5 (build 528)
Linker/Locator:  ArmLink.exe V5.06 update 5 (build 528)
Library Manager: ArmAr.exe V5.06 update 5 (build 528)
Hex Converter:   FromElf.exe V5.06 update 5 (build 528)
CPU DLL:         SARMCM3.DLL V5.24.1
Dialog DLL:      DCM.DLL V1.16.0.0
Target DLL:      STLink\ST-LINKIII-KEIL_SWO.dll V3.0.1.0
Dialog DLL:      TCM.DLL V1.32.0.0
 
<h2>Project:</h2>
C:\Users\Aniket Gujarathi\Desktop\projects\test codes\mpu6050 madgwick filter\MDK-ARM\mpu6050 madgwick filter.uvprojx
Project File Date:  12/16/2017

<h2>Output:</h2>
*** Using Compiler 'V5.06 update 5 (build 528)', folder: 'C:\Keil_v5\ARM\ARMCC\Bin'
Build target 'mpu6050 madgwick filter'
compiling main.c...
../Src/main.c(191): warning:  #1035-D: single-precision operand implicitly converted to double-precision
   angle_pitch += angle_roll * sin(gz * 0.000001066);               //If the IMU has yawed, transfer the roll angle to the pitch angle
../Src/main.c(193): warning:  #1035-D: single-precision operand implicitly converted to double-precision
   angle_roll -= angle_pitch * sin(gz * 0.000001066);               //If the IMU has yawed, transfer the pitch angle to the roll angle
../Src/main.c(197): warning:  #1035-D: single-precision operand implicitly converted to double-precision
   angle_pitch_output = angle_pitch_output * 0.9 + angle_pitch * 0.1;   //Take 90% of the output pitch value and add 10% of the raw pitch value
../Src/main.c(197): warning:  #1035-D: single-precision operand implicitly converted to double-precision
   angle_pitch_output = angle_pitch_output * 0.9 + angle_pitch * 0.1;   //Take 90% of the output pitch value and add 10% of the raw pitch value
../Src/main.c(199): warning:  #1035-D: single-precision operand implicitly converted to double-precision
   angle_roll_output = angle_roll_output * 0.9 + angle_roll * 0.1;      //Take 90% of the output roll value and add 10% of the raw roll value
../Src/main.c(199): warning:  #1035-D: single-precision operand implicitly converted to double-precision
   angle_roll_output = angle_roll_output * 0.9 + angle_roll * 0.1;      //Take 90% of the output roll value and add 10% of the raw roll value
../Src/main.c: 6 warnings, 0 errors
linking...
Program Size: Code=19782 RO-data=738 RW-data=372 ZI-data=3756  
"mpu6050 madgwick filter\mpu6050 madgwick filter.axf" - 0 Error(s), 6 Warning(s).

<h2>Software Packages used:</h2>

Package Vendor: ARM
                http://www.keil.com/pack/ARM.CMSIS.5.2.0.pack
                ARM.CMSIS.5.2.0
                CMSIS (Cortex Microcontroller Software Interface Standard)
   * Component: CORE Version: 5.0.2

Package Vendor: Keil
                http://www.keil.com/pack/Keil.STM32F4xx_DFP.2.11.0.pack
                Keil.STM32F4xx_DFP.2.11.0
                STMicroelectronics STM32F4 Series Device Support, Drivers and Examples

<h2>Collection of Component include folders:</h2>
  .\RTE\_mpu6050_madgwick_filter
  C:\Keil_v5\ARM\PACK\ARM\CMSIS\5.2.0\CMSIS\Include
  C:\Keil_v5\ARM\PACK\Keil\STM32F4xx_DFP\2.11.0\Drivers\CMSIS\Device\ST\STM32F4xx\Include

<h2>Collection of Component Files used:</h2>

   * Component: ARM::CMSIS:CORE:5.0.2
Build Time Elapsed:  00:00:05
</pre>
</body>
</html>
