Component: ARM Compiler 5.06 update 5 (build 528) Tool: armlink [4d35e2]

==============================================================================

Section Cross References

    stm32f4xx_hal_rcc.o(i.HAL_RCC_ClockConfig) refers to stm32f4xx_hal.o(i.HAL_GetTick) for HAL_GetTick
    stm32f4xx_hal_rcc.o(i.HAL_RCC_ClockConfig) refers to stm32f4xx_hal_rcc.o(i.HAL_RCC_GetSysClockFreq) for HAL_RCC_GetSysClockFreq
    stm32f4xx_hal_rcc.o(i.HAL_RCC_ClockConfig) refers to stm32f4xx_hal.o(i.HAL_InitTick) for HAL_InitTick
    stm32f4xx_hal_rcc.o(i.HAL_RCC_ClockConfig) refers to system_stm32f4xx.o(.constdata) for AHBPrescTable
    stm32f4xx_hal_rcc.o(i.HAL_RCC_ClockConfig) refers to system_stm32f4xx.o(.data) for SystemCoreClock
    stm32f4xx_hal_rcc.o(i.HAL_RCC_GetHCLKFreq) refers to system_stm32f4xx.o(.data) for SystemCoreClock
    stm32f4xx_hal_rcc.o(i.HAL_RCC_GetPCLK1Freq) refers to system_stm32f4xx.o(.data) for SystemCoreClock
    stm32f4xx_hal_rcc.o(i.HAL_RCC_GetPCLK1Freq) refers to system_stm32f4xx.o(.constdata) for APBPrescTable
    stm32f4xx_hal_rcc.o(i.HAL_RCC_GetPCLK2Freq) refers to system_stm32f4xx.o(.data) for SystemCoreClock
    stm32f4xx_hal_rcc.o(i.HAL_RCC_GetPCLK2Freq) refers to system_stm32f4xx.o(.constdata) for APBPrescTable
    stm32f4xx_hal_rcc.o(i.HAL_RCC_GetSysClockFreq) refers to uldiv.o(.text) for __aeabi_uldivmod
    stm32f4xx_hal_rcc.o(i.HAL_RCC_MCOConfig) refers to stm32f4xx_hal_gpio.o(i.HAL_GPIO_Init) for HAL_GPIO_Init
    stm32f4xx_hal_rcc.o(i.HAL_RCC_NMI_IRQHandler) refers to stm32f4xx_hal_rcc.o(i.HAL_RCC_CSSCallback) for HAL_RCC_CSSCallback
    stm32f4xx_hal_rcc.o(i.HAL_RCC_OscConfig) refers to stm32f4xx_hal.o(i.HAL_GetTick) for HAL_GetTick
    stm32f4xx_hal_dma_ex.o(i.HAL_DMAEx_MultiBufferStart) refers to stm32f4xx_hal_dma_ex.o(i.DMA_MultiBufferSetConfig) for DMA_MultiBufferSetConfig
    stm32f4xx_hal_dma_ex.o(i.HAL_DMAEx_MultiBufferStart_IT) refers to stm32f4xx_hal_dma_ex.o(i.DMA_MultiBufferSetConfig) for DMA_MultiBufferSetConfig
    stm32f4xx_hal_gpio.o(i.HAL_GPIO_EXTI_IRQHandler) refers to stm32f4xx_hal_gpio.o(i.HAL_GPIO_EXTI_Callback) for HAL_GPIO_EXTI_Callback
    stm32f4xx_hal_cortex.o(i.HAL_NVIC_SetPriority) refers to stm32f4xx_hal_cortex.o(i.NVIC_SetPriority) for NVIC_SetPriority
    stm32f4xx_hal_cortex.o(i.HAL_SYSTICK_Config) refers to stm32f4xx_hal_cortex.o(i.NVIC_SetPriority) for NVIC_SetPriority
    stm32f4xx_hal_cortex.o(i.HAL_SYSTICK_IRQHandler) refers to stm32f4xx_hal_cortex.o(i.HAL_SYSTICK_Callback) for HAL_SYSTICK_Callback
    stm32f4xx_hal_pwr.o(i.HAL_PWR_PVD_IRQHandler) refers to stm32f4xx_hal_pwr.o(i.HAL_PWR_PVDCallback) for HAL_PWR_PVDCallback
    stm32f4xx_hal_rcc_ex.o(i.HAL_RCCEx_PeriphCLKConfig) refers to stm32f4xx_hal.o(i.HAL_GetTick) for HAL_GetTick
    stm32f4xx_hal_rcc_ex.o(i.HAL_RCC_DeInit) refers to stm32f4xx_hal.o(i.HAL_GetTick) for HAL_GetTick
    stm32f4xx_hal_rcc_ex.o(i.HAL_RCC_DeInit) refers to stm32f4xx_hal.o(i.HAL_InitTick) for HAL_InitTick
    stm32f4xx_hal_rcc_ex.o(i.HAL_RCC_DeInit) refers to system_stm32f4xx.o(.data) for SystemCoreClock
    stm32f4xx_ll_usb.o(i.USB_ActivateDedicatedEndpoint) refers to stm32f4xx_ll_usb.o(.data) for .data
    stm32f4xx_ll_usb.o(i.USB_CoreInit) refers to stm32f4xx_ll_usb.o(i.USB_CoreReset) for USB_CoreReset
    stm32f4xx_ll_usb.o(i.USB_DeactivateDedicatedEndpoint) refers to stm32f4xx_ll_usb.o(i.USB_FlushTxFifo) for USB_FlushTxFifo
    stm32f4xx_ll_usb.o(i.USB_DeactivateEndpoint) refers to stm32f4xx_ll_usb.o(i.USB_FlushTxFifo) for USB_FlushTxFifo
    stm32f4xx_ll_usb.o(i.USB_DevConnect) refers to stm32f4xx_hal.o(i.HAL_Delay) for HAL_Delay
    stm32f4xx_ll_usb.o(i.USB_DevDisconnect) refers to stm32f4xx_hal.o(i.HAL_Delay) for HAL_Delay
    stm32f4xx_ll_usb.o(i.USB_DevInit) refers to stm32f4xx_ll_usb.o(i.USB_FlushTxFifo) for USB_FlushTxFifo
    stm32f4xx_ll_usb.o(i.USB_DevInit) refers to stm32f4xx_ll_usb.o(i.USB_FlushRxFifo) for USB_FlushRxFifo
    stm32f4xx_ll_usb.o(i.USB_EPStartXfer) refers to stm32f4xx_ll_usb.o(i.USB_WritePacket) for USB_WritePacket
    stm32f4xx_ll_usb.o(i.USB_HC_StartXfer) refers to stm32f4xx_ll_usb.o(i.USB_DoPing) for USB_DoPing
    stm32f4xx_ll_usb.o(i.USB_HC_StartXfer) refers to stm32f4xx_ll_usb.o(i.USB_WritePacket) for USB_WritePacket
    stm32f4xx_ll_usb.o(i.USB_HostInit) refers to stm32f4xx_ll_usb.o(i.USB_FlushTxFifo) for USB_FlushTxFifo
    stm32f4xx_ll_usb.o(i.USB_HostInit) refers to stm32f4xx_ll_usb.o(i.USB_FlushRxFifo) for USB_FlushRxFifo
    stm32f4xx_ll_usb.o(i.USB_HostInit) refers to stm32f4xx_ll_usb.o(i.USB_DriveVbus) for USB_DriveVbus
    stm32f4xx_ll_usb.o(i.USB_HostInit) refers to stm32f4xx_hal.o(i.HAL_Delay) for HAL_Delay
    stm32f4xx_ll_usb.o(i.USB_ResetPort) refers to stm32f4xx_hal.o(i.HAL_Delay) for HAL_Delay
    stm32f4xx_ll_usb.o(i.USB_SetCurrentMode) refers to stm32f4xx_hal.o(i.HAL_Delay) for HAL_Delay
    stm32f4xx_ll_usb.o(i.USB_StopDevice) refers to stm32f4xx_ll_usb.o(i.USB_FlushRxFifo) for USB_FlushRxFifo
[...]
    i.HAL_NVIC_EnableIRQ                     0x08001004   Section        0  stm32f4xx_hal_cortex.o(i.HAL_NVIC_EnableIRQ)
    i.HAL_NVIC_SetPriority                   0x0800101c   Section        0  stm32f4xx_hal_cortex.o(i.HAL_NVIC_SetPriority)
    i.HAL_NVIC_SetPriorityGrouping           0x0800105c   Section        0  stm32f4xx_hal_cortex.o(i.HAL_NVIC_SetPriorityGrouping)
    i.HAL_PCDEx_SetRxFiFo                    0x08001080   Section        0  stm32f4xx_hal_pcd_ex.o(i.HAL_PCDEx_SetRxFiFo)
    i.HAL_PCDEx_SetTxFiFo                    0x08001088   Section        0  stm32f4xx_hal_pcd_ex.o(i.HAL_PCDEx_SetTxFiFo)
    i.HAL_PCD_ConnectCallback                0x080010cc   Section        0  usbd_conf.o(i.HAL_PCD_ConnectCallback)
    i.HAL_PCD_DataInStageCallback            0x080010d4   Section        0  usbd_conf.o(i.HAL_PCD_DataInStageCallback)
    i.HAL_PCD_DataOutStageCallback           0x080010e6   Section        0  usbd_conf.o(i.HAL_PCD_DataOutStageCallback)
    i.HAL_PCD_DisconnectCallback             0x080010fa   Section        0  usbd_conf.o(i.HAL_PCD_DisconnectCallback)
    i.HAL_PCD_EP_Close                       0x08001102   Section        0  stm32f4xx_hal_pcd.o(i.HAL_PCD_EP_Close)
    i.HAL_PCD_EP_ClrStall                    0x08001146   Section        0  stm32f4xx_hal_pcd.o(i.HAL_PCD_EP_ClrStall)
    i.HAL_PCD_EP_Open                        0x08001196   Section        0  stm32f4xx_hal_pcd.o(i.HAL_PCD_EP_Open)
    i.HAL_PCD_EP_Receive                     0x080011ea   Section        0  stm32f4xx_hal_pcd.o(i.HAL_PCD_EP_Receive)
    i.HAL_PCD_EP_SetStall                    0x08001232   Section        0  stm32f4xx_hal_pcd.o(i.HAL_PCD_EP_SetStall)
    i.HAL_PCD_EP_Transmit                    0x08001292   Section        0  stm32f4xx_hal_pcd.o(i.HAL_PCD_EP_Transmit)
    i.HAL_PCD_IRQHandler                     0x080012d4   Section        0  stm32f4xx_hal_pcd.o(i.HAL_PCD_IRQHandler)
    i.HAL_PCD_ISOINIncompleteCallback        0x080017c8   Section        0  usbd_conf.o(i.HAL_PCD_ISOINIncompleteCallback)
    i.HAL_PCD_ISOOUTIncompleteCallback       0x080017d0   Section        0  usbd_conf.o(i.HAL_PCD_ISOOUTIncompleteCallback)
    i.HAL_PCD_Init                           0x080017d8   Section        0  stm32f4xx_hal_pcd.o(i.HAL_PCD_Init)
    i.HAL_PCD_MspInit                        0x08001898   Section        0  usbd_conf.o(i.HAL_PCD_MspInit)
    i.HAL_PCD_ResetCallback                  0x080018fc   Section        0  usbd_conf.o(i.HAL_PCD_ResetCallback)
    i.HAL_PCD_ResumeCallback                 0x0800191c   Section        0  usbd_conf.o(i.HAL_PCD_ResumeCallback)
    i.HAL_PCD_SOFCallback                    0x08001924   Section        0  usbd_conf.o(i.HAL_PCD_SOFCallback)
    i.HAL_PCD_SetAddress                     0x0800192c   Section        0  stm32f4xx_hal_pcd.o(i.HAL_PCD_SetAddress)
    i.HAL_PCD_SetupStageCallback             0x08001950   Section        0  usbd_conf.o(i.HAL_PCD_SetupStageCallback)
    i.HAL_PCD_Start                          0x0800195e   Section        0  stm32f4xx_hal_pcd.o(i.HAL_PCD_Start)
    i.HAL_PCD_SuspendCallback                0x08001988   Section        0  usbd_conf.o(i.HAL_PCD_SuspendCallback)
    i.HAL_RCC_ClockConfig                    0x080019b8   Section        0  stm32f4xx_hal_rcc.o(i.HAL_RCC_ClockConfig)
    i.HAL_RCC_GetHCLKFreq                    0x08001ae8   Section        0  stm32f4xx_hal_rcc.o(i.HAL_RCC_GetHCLKFreq)
    i.HAL_RCC_GetPCLK1Freq                   0x08001af4   Section        0  stm32f4xx_hal_rcc.o(i.HAL_RCC_GetPCLK1Freq)
    i.HAL_RCC_GetPCLK2Freq                   0x08001b14   Section        0  stm32f4xx_hal_rcc.o(i.HAL_RCC_GetPCLK2Freq)
    i.HAL_RCC_GetSysClockFreq                0x08001b34   Section        0  stm32f4xx_hal_rcc.o(i.HAL_RCC_GetSysClockFreq)
    i.HAL_RCC_OscConfig                      0x08001b94   Section        0  stm32f4xx_hal_rcc.o(i.HAL_RCC_OscConfig)
    i.HAL_SYSTICK_CLKSourceConfig            0x08001e84   Section        0  stm32f4xx_hal_cortex.o(i.HAL_SYSTICK_CLKSourceConfig)
    i.HAL_SYSTICK_Callback                   0x08001e9c   Section        0  stm32f4xx_hal_cortex.o(i.HAL_SYSTICK_Callback)
    i.HAL_SYSTICK_Config                     0x08001e9e   Section        0  stm32f4xx_hal_cortex.o(i.HAL_SYSTICK_Config)
    i.HAL_SYSTICK_IRQHandler                 0x08001ec6   Section        0  stm32f4xx_hal_cortex.o(i.HAL_SYSTICK_IRQHandler)
    i.HAL_UART_Init                          0x08001ece   Section        0  stm32f4xx_hal_uart.o(i.HAL_UART_Init)
    i.HAL_UART_MspInit                       0x08001f30   Section        0  stm32f4xx_hal_msp.o(i.HAL_UART_MspInit)
    i.I2C_IsAcknowledgeFailed                0x08001f7c   Section        0  stm32f4xx_hal_i2c.o(i.I2C_IsAcknowledgeFailed)
    I2C_IsAcknowledgeFailed                  0x08001f7d   Thumb Code    40  stm32f4xx_hal_i2c.o(i.I2C_IsAcknowledgeFailed)
    i.I2C_MasterRequestRead                  0x08001fa4   Section        0  stm32f4xx_hal_i2c.o(i.I2C_MasterRequestRead)
    I2C_MasterRequestRead                    0x08001fa5   Thumb Code   222  stm32f4xx_hal_i2c.o(i.I2C_MasterRequestRead)
    i.I2C_MasterRequestWrite                 0x08002084   Section        0  stm32f4xx_hal_i2c.o(i.I2C_MasterRequestWrite)
    I2C_MasterRequestWrite                   0x08002085   Thumb Code   142  stm32f4xx_hal_i2c.o(i.I2C_MasterRequestWrite)
    i.I2C_WaitOnBTFFlagUntilTimeout          0x08002118   Section        0  stm32f4xx_hal_i2c.o(i.I2C_WaitOnBTFFlagUntilTimeout)
    I2C_WaitOnBTFFlagUntilTimeout            0x08002119   Thumb Code    78  stm32f4xx_hal_i2c.o(i.I2C_WaitOnBTFFlagUntilTimeout)
    i.I2C_WaitOnFlagUntilTimeout             0x08002166   Section        0  stm32f4xx_hal_i2c.o(i.I2C_WaitOnFlagUntilTimeout)
    I2C_WaitOnFlagUntilTimeout               0x08002167   Thumb Code    96  stm32f4xx_hal_i2c.o(i.I2C_WaitOnFlagUntilTimeout)
    i.I2C_WaitOnMasterAddressFlagUntilTimeout 0x080021c8   Section        0  stm32f4xx_hal_i2c.o(i.I2C_WaitOnMasterAddressFlagUntilTimeout)
    I2C_WaitOnMasterAddressFlagUntilTimeout  0x080021c9   Thumb Code   136  stm32f4xx_hal_i2c.o(i.I2C_WaitOnMasterAddressFlagUntilTimeout)
    i.I2C_WaitOnRXNEFlagUntilTimeout         0x08002250   Section        0  stm32f4xx_hal_i2c.o(i.I2C_WaitOnRXNEFlagUntilTimeout)
    I2C_WaitOnRXNEFlagUntilTimeout           0x08002251   Thumb Code    98  stm32f4xx_hal_i2c.o(i.I2C_WaitOnRXNEFlagUntilTimeout)
    i.I2C_WaitOnTXEFlagUntilTimeout          0x080022b2   Section        0  stm32f4xx_hal_i2c.o(i.I2C_WaitOnTXEFlagUntilTimeout)
    I2C_WaitOnTXEFlagUntilTimeout            0x080022b3   Thumb Code    78  stm32f4xx_hal_i2c.o(i.I2C_WaitOnTXEFlagUntilTimeout)
    i.MX_I2C1_Init                           0x08002300   Section        0  main.o(i.MX_I2C1_Init)
    MX_I2C1_Init                             0x08002301   Thumb Code    44  main.o(i.MX_I2C1_Init)
    i.MX_USB_DEVICE_Init                     0x08002338   Section        0  usb_device.o(i.MX_USB_DEVICE_Init)
    i.MadgwickAHRSupdateIMU                  0x08002364   Section        0  madgwickahrs.o(i.MadgwickAHRSupdateIMU)
    i.NVIC_SetPriority                       0x08002608   Section        0  stm32f4xx_hal_cortex.o(i.NVIC_SetPriority)
    NVIC_SetPriority                         0x08002609   Thumb Code    32  stm32f4xx_hal_cortex.o(i.NVIC_SetPriority)
    i.OTG_FS_IRQHandler                      0x08002628   Section        0  stm32f4xx_it.o(i.OTG_FS_IRQHandler)
    i.PCD_WriteEmptyTxFifo                   0x08002634   Section        0  stm32f4xx_hal_pcd.o(i.PCD_WriteEmptyTxFifo)
    PCD_WriteEmptyTxFifo                     0x08002635   Thumb Code   136  stm32f4xx_hal_pcd.o(i.PCD_WriteEmptyTxFifo)
    i.PendSV_Handler                         0x080026bc   Section        0  stm32f4xx_it.o(i.PendSV_Handler)
    i.RCC_IRQHandler                         0x080026be   Section        0  stm32f4xx_it.o(i.RCC_IRQHandler)
    i.SVC_Handler                            0x080026c0   Section        0  stm32f4xx_it.o(i.SVC_Handler)
    i.SysTick_Handler                        0x080026c2   Section        0  stm32f4xx_it.o(i.SysTick_Handler)
    i.SystemClock_Config                     0x080026d0   Section        0  main.o(i.SystemClock_Config)
    i.SystemInit                             0x08002768   Section        0  system_stm32f4xx.o(i.SystemInit)
    i.UART_SetConfig                         0x080027bc   Section        0  stm32f4xx_hal_uart.o(i.UART_SetConfig)
    UART_SetConfig                           0x080027bd   Thumb Code   676  stm32f4xx_hal_uart.o(i.UART_SetConfig)
    i.USBD_ClrClassConfig                    0x08002a68   Section        0  usbd_core.o(i.USBD_ClrClassConfig)
    i.USBD_CtlContinueRx                     0x08002a76   Section        0  usbd_ioreq.o(i.USBD_CtlContinueRx)
    i.USBD_CtlContinueSendData               0x08002a86   Section        0  usbd_ioreq.o(i.USBD_CtlContinueSendData)
    i.USBD_CtlError                          0x08002a96   Section        0  usbd_ctlreq.o(i.USBD_CtlError)
    i.USBD_CtlReceiveStatus                  0x08002aac   Section        0  usbd_ioreq.o(i.USBD_CtlReceiveStatus)
    i.USBD_CtlSendData                       0x08002ac2   Section        0  usbd_ioreq.o(i.USBD_CtlSendData)
    i.USBD_CtlSendStatus                     0x08002adc   Section        0  usbd_ioreq.o(i.USBD_CtlSendStatus)
    i.USBD_FS_ConfigStrDescriptor            0x08002af4   Section        0  usbd_desc.o(i.USBD_FS_ConfigStrDescriptor)
    i.USBD_FS_DeviceDescriptor               0x08002b14   Section        0  usbd_desc.o(i.USBD_FS_DeviceDescriptor)
    i.USBD_FS_InterfaceStrDescriptor         0x08002b20   Section        0  usbd_desc.o(i.USBD_FS_InterfaceStrDescriptor)
    i.USBD_FS_LangIDStrDescriptor            0x08002b44   Section        0  usbd_desc.o(i.USBD_FS_LangIDStrDescriptor)
    i.USBD_FS_ManufacturerStrDescriptor      0x08002b50   Section        0  usbd_desc.o(i.USBD_FS_ManufacturerStrDescriptor)
    i.USBD_FS_ProductStrDescriptor           0x08002b78   Section        0  usbd_desc.o(i.USBD_FS_ProductStrDescriptor)
    i.USBD_FS_SerialStrDescriptor            0x08002ba4   Section        0  usbd_desc.o(i.USBD_FS_SerialStrDescriptor)
    i.USBD_GetDescriptor                     0x08002bc8   Section        0  usbd_ctlreq.o(i.USBD_GetDescriptor)
    USBD_GetDescriptor                       0x08002bc9   Thumb Code   224  usbd_ctlreq.o(i.USBD_GetDescriptor)
    i.USBD_GetString                         0x08002ca8   Section        0  usbd_ctlreq.o(i.USBD_GetString)
    i.USBD_HID_DataIn                        0x08002cee   Section        0  usbd_hid.o(i.USBD_HID_DataIn)
    USBD_HID_DataIn                          0x08002cef   Thumb Code    12  usbd_hid.o(i.USBD_HID_DataIn)
    i.USBD_HID_DeInit                        0x08002cfa   Section        0  usbd_hid.o(i.USBD_HID_DeInit)
    USBD_HID_DeInit                          0x08002cfb   Thumb Code    30  usbd_hid.o(i.USBD_HID_DeInit)
    i.USBD_HID_GetCfgDesc                    0x08002d18   Section        0  usbd_hid.o(i.USBD_HID_GetCfgDesc)
    USBD_HID_GetCfgDesc                      0x08002d19   Thumb Code     8  usbd_hid.o(i.USBD_HID_GetCfgDesc)
    i.USBD_HID_GetDeviceQualifierDesc        0x08002d24   Section        0  usbd_hid.o(i.USBD_HID_GetDeviceQualifierDesc)
    USBD_HID_GetDeviceQualifierDesc          0x08002d25   Thumb Code     8  usbd_hid.o(i.USBD_HID_GetDeviceQualifierDesc)
    i.USBD_HID_Init                          0x08002d30   Section        0  usbd_hid.o(i.USBD_HID_Init)
    USBD_HID_Init                            0x08002d31   Thumb Code    40  usbd_hid.o(i.USBD_HID_Init)
    i.USBD_HID_Setup                         0x08002d58   Section        0  usbd_hid.o(i.USBD_HID_Setup)
    USBD_HID_Setup                           0x08002d59   Thumb Code   156  usbd_hid.o(i.USBD_HID_Setup)
    i.USBD_Init                              0x08002df8   Section        0  usbd_core.o(i.USBD_Init)
    i.USBD_LL_ClearStallEP                   0x08002e22   Section        0  usbd_conf.o(i.USBD_LL_ClearStallEP)
    i.USBD_LL_CloseEP                        0x08002e42   Section        0  usbd_conf.o(i.USBD_LL_CloseEP)
    i.USBD_LL_DataInStage                    0x08002e62   Section        0  usbd_core.o(i.USBD_LL_DataInStage)
    i.USBD_LL_DataOutStage                   0x08002f0c   Section        0  usbd_core.o(i.USBD_LL_DataOutStage)
    i.USBD_LL_DevConnected                   0x08002f76   Section        0  usbd_core.o(i.USBD_LL_DevConnected)
    i.USBD_LL_DevDisconnected                0x08002f7a   Section        0  usbd_core.o(i.USBD_LL_DevDisconnected)
    i.USBD_LL_Init                           0x08002f90   Section        0  usbd_conf.o(i.USBD_LL_Init)
    i.USBD_LL_IsStallEP                      0x0800300c   Section        0  usbd_conf.o(i.USBD_LL_IsStallEP)
    i.USBD_LL_IsoINIncomplete                0x0800302c   Section        0  usbd_core.o(i.USBD_LL_IsoINIncomplete)
    i.USBD_LL_IsoOUTIncomplete               0x08003030   Section        0  usbd_core.o(i.USBD_LL_IsoOUTIncomplete)
    i.USBD_LL_OpenEP                         0x08003034   Section        0  usbd_conf.o(i.USBD_LL_OpenEP)
    i.USBD_LL_PrepareReceive                 0x0800305a   Section        0  usbd_conf.o(i.USBD_LL_PrepareReceive)
    i.USBD_LL_Reset                          0x0800307a   Section        0  usbd_core.o(i.USBD_LL_Reset)
    i.USBD_LL_Resume                         0x080030b8   Section        0  usbd_core.o(i.USBD_LL_Resume)
    i.USBD_LL_SOF                            0x080030c4   Section        0  usbd_core.o(i.USBD_LL_SOF)
    i.USBD_LL_SetSpeed                       0x080030dc   Section        0  usbd_core.o(i.USBD_LL_SetSpeed)
    i.USBD_LL_SetUSBAddress                  0x080030e2   Section        0  usbd_conf.o(i.USBD_LL_SetUSBAddress)
    i.USBD_LL_SetupStage                     0x08003102   Section        0  usbd_core.o(i.USBD_LL_SetupStage)
    i.USBD_LL_StallEP                        0x0800315c   Section        0  usbd_conf.o(i.USBD_LL_StallEP)
    i.USBD_LL_Start                          0x0800317c   Section        0  usbd_conf.o(i.USBD_LL_Start)
    i.USBD_LL_Suspend                        0x0800319c   Section        0  usbd_core.o(i.USBD_LL_Suspend)
    i.USBD_LL_Transmit                       0x080031ae   Section        0  usbd_conf.o(i.USBD_LL_Transmit)
    i.USBD_ParseSetupRequest                 0x080031ce   Section        0  usbd_ctlreq.o(i.USBD_ParseSetupRequest)
    i.USBD_RegisterClass                     0x080031f6   Section        0  usbd_core.o(i.USBD_RegisterClass)
    i.USBD_SetClassConfig                    0x08003206   Section        0  usbd_core.o(i.USBD_SetClassConfig)
    i.USBD_SetConfig                         0x0800321c   Section        0  usbd_ctlreq.o(i.USBD_SetConfig)
    USBD_SetConfig                           0x0800321d   Thumb Code   110  usbd_ctlreq.o(i.USBD_SetConfig)
    i.USBD_Start                             0x08003290   Section        0  usbd_core.o(i.USBD_Start)
    i.USBD_StdDevReq                         0x0800329a   Section        0  usbd_ctlreq.o(i.USBD_StdDevReq)
    i.USBD_StdEPReq                          0x0800338c   Section        0  usbd_ctlreq.o(i.USBD_StdEPReq)
    i.USBD_StdItfReq                         0x08003468   Section        0  usbd_ctlreq.o(i.USBD_StdItfReq)
    i.USB_ActivateEndpoint                   0x0800349c   Section        0  stm32f4xx_ll_usb.o(i.USB_ActivateEndpoint)
    i.USB_ActivateSetup                      0x0800351c   Section        0  stm32f4xx_ll_usb.o(i.USB_ActivateSetup)
    i.USB_CoreInit                           0x08003550   Section        0  stm32f4xx_ll_usb.o(i.USB_CoreInit)
    i.USB_CoreReset                          0x080035bc   Section        0  stm32f4xx_ll_usb.o(i.USB_CoreReset)
    USB_CoreReset                            0x080035bd   Thumb Code    50  stm32f4xx_ll_usb.o(i.USB_CoreReset)
    i.USB_DeactivateEndpoint                 0x080035f4   Section        0  stm32f4xx_ll_usb.o(i.USB_DeactivateEndpoint)
    i.USB_DevConnect                         0x080036bc   Section        0  stm32f4xx_ll_usb.o(i.USB_DevConnect)
    i.USB_DevDisconnect                      0x080036d4   Section        0  stm32f4xx_ll_usb.o(i.USB_DevDisconnect)
    i.USB_DevInit                            0x080036ec   Section        0  stm32f4xx_ll_usb.o(i.USB_DevInit)
    i.USB_DisableGlobalInt                   0x0800382c   Section        0  stm32f4xx_ll_usb.o(i.USB_DisableGlobalInt)
    i.USB_EP0StartXfer                       0x08003838   Section        0  stm32f4xx_ll_usb.o(i.USB_EP0StartXfer)
    i.USB_EP0_OutStart                       0x08003978   Section        0  stm32f4xx_ll_usb.o(i.USB_EP0_OutStart)
    i.USB_EPClearStall                       0x080039b6   Section        0  stm32f4xx_ll_usb.o(i.USB_EPClearStall)
    i.USB_EPSetStall                         0x08003a1a   Section        0  stm32f4xx_ll_usb.o(i.USB_EPSetStall)
    i.USB_EPStartXfer                        0x08003a78   Section        0  stm32f4xx_ll_usb.o(i.USB_EPStartXfer)
    i.USB_EnableGlobalInt                    0x08003c94   Section        0  stm32f4xx_ll_usb.o(i.USB_EnableGlobalInt)
    i.USB_FlushRxFifo                        0x08003ca0   Section        0  stm32f4xx_ll_usb.o(i.USB_FlushRxFifo)
    i.USB_FlushTxFifo                        0x08003cc0   Section        0  stm32f4xx_ll_usb.o(i.USB_FlushTxFifo)
    i.USB_GetDevSpeed                        0x08003ce4   Section        0  stm32f4xx_ll_usb.o(i.USB_GetDevSpeed)
    i.USB_GetMode                            0x08003d20   Section        0  stm32f4xx_ll_usb.o(i.USB_GetMode)
    i.USB_ReadDevAllInEpInterrupt            0x08003d28   Section        0  stm32f4xx_ll_usb.o(i.USB_ReadDevAllInEpInterrupt)
    i.USB_ReadDevAllOutEpInterrupt           0x08003d36   Section        0  stm32f4xx_ll_usb.o(i.USB_ReadDevAllOutEpInterrupt)
    i.USB_ReadDevInEPInterrupt               0x08003d44   Section        0  stm32f4xx_ll_usb.o(i.USB_ReadDevInEPInterrupt)
    i.USB_ReadDevOutEPInterrupt              0x08003d62   Section        0  stm32f4xx_ll_usb.o(i.USB_ReadDevOutEPInterrupt)
    i.USB_ReadInterrupts                     0x08003d72   Section        0  stm32f4xx_ll_usb.o(i.USB_ReadInterrupts)
    i.USB_ReadPacket                         0x08003d7a   Section        0  stm32f4xx_ll_usb.o(i.USB_ReadPacket)
    i.USB_SetCurrentMode                     0x08003d9a   Section        0  stm32f4xx_ll_usb.o(i.USB_SetCurrentMode)
    i.USB_SetDevAddress                      0x08003dc6   Section        0  stm32f4xx_ll_usb.o(i.USB_SetDevAddress)
    i.USB_WritePacket                        0x08003de8   Section        0  stm32f4xx_ll_usb.o(i.USB_WritePacket)
    i._Error_Handler                         0x08003e10   Section        0  main.o(i._Error_Handler)
    i.__ARM_fpclassify                       0x08003e12   Section        0  fpclassify.o(i.__ARM_fpclassify)
    i.__hardfp_acosf                         0x08003e44   Section        0  acosf.o(i.__hardfp_acosf)
    i.__hardfp_sin                           0x08003f60   Section        0  sin.o(i.__hardfp_sin)
    i.__hardfp_sqrt                          0x08004028   Section        0  sqrt.o(i.__hardfp_sqrt)
    i.__ieee754_rem_pio2                     0x080040a8   Section        0  rred.o(i.__ieee754_rem_pio2)
    i.__kernel_cos                           0x080044e0   Section        0  cos_i.o(i.__kernel_cos)
    i.__kernel_poly                          0x08004650   Section        0  poly.o(i.__kernel_poly)
    i.__kernel_sin                           0x08004748   Section        0  sin_i.o(i.__kernel_sin)
    i.__mathlib_dbl_infnan                   0x08004878   Section        0  dunder.o(i.__mathlib_dbl_infnan)
    i.__mathlib_dbl_invalid                  0x08004890   Section        0  dunder.o(i.__mathlib_dbl_invalid)
    i.__mathlib_dbl_underflow                0x080048b0   Section        0  dunder.o(i.__mathlib_dbl_underflow)
    i.__mathlib_flt_infnan                   0x080048d0   Section        0  funder.o(i.__mathlib_flt_infnan)
    i.__mathlib_flt_invalid                  0x080048d8   Section        0  funder.o(i.__mathlib_flt_invalid)
    i.__scatterload_copy                     0x080048e8   Section       14  handlers.o(i.__scatterload_copy)
    i.__scatterload_null                     0x080048f6   Section        2  handlers.o(i.__scatterload_null)
    i.__scatterload_zeroinit                 0x080048f8   Section       14  handlers.o(i.__scatterload_zeroinit)
    i.__set_errno                            0x08004908   Section        0  errno.o(i.__set_errno)
    i.fabs                                   0x08004914   Section        0  fabs.o(i.fabs)
    i.free                                   0x0800492c   Section        0  malloc.o(i.free)
    i.invSqrt                                0x0800497c   Section        0  madgwickahrs.o(i.invSqrt)
    i.main                                   0x080049a8   Section        0  main.o(i.main)
    i.malloc                                 0x08004d40   Section        0  malloc.o(i.malloc)
    i.read_mpu_6050_data                     0x08004dac   Section        0  main.o(i.read_mpu_6050_data)
    i.set_MPU6050_registers                  0x08004e24   Section        0  main.o(i.set_MPU6050_registers)
    i.sqrtf                                  0x08004e90   Section        0  sqrtf.o(i.sqrtf)
    .constdata                               0x08004ece   Section       16  system_stm32f4xx.o(.constdata)
    .constdata                               0x08004ede   Section        8  system_stm32f4xx.o(.constdata)
    .constdata                               0x08004ee8   Section       48  cos_i.o(.constdata)
    C                                        0x08004ee8   Data          48  cos_i.o(.constdata)
    .constdata                               0x08004f18   Section      200  rred.o(.constdata)
    pio2s                                    0x08004f18   Data          48  rred.o(.constdata)
    twooverpi                                0x08004f48   Data         152  rred.o(.constdata)
    .constdata                               0x08004fe0   Section       40  sin_i.o(.constdata)
    S                                        0x08004fe0   Data          40  sin_i.o(.constdata)
    .data                                    0x20000000   Section        4  stm32f4xx_hal.o(.data)
    .data                                    0x20000004   Section       28  usbd_desc.o(.data)
    .data                                    0x20000020   Section       22  usbd_desc.o(.data)
    .data                                    0x20000038   Section       84  main.o(.data)
    .data                                    0x2000008c   Section       20  madgwickahrs.o(.data)
    .data                                    0x200000a0   Section        1  usbd_ctlreq.o(.data)
    cfgidx                                   0x200000a0   Data           1  usbd_ctlreq.o(.data)
    .data                                    0x200000a4   Section       56  usbd_hid.o(.data)
    .data                                    0x200000dc   Section      134  usbd_hid.o(.data)
    USBD_HID_CfgDesc                         0x200000dc   Data          34  usbd_hid.o(.data)
    USBD_HID_Desc                            0x20000100   Data           9  usbd_hid.o(.data)
    USBD_HID_DeviceQualifierDesc             0x2000010c   Data          10  usbd_hid.o(.data)
    HID_MOUSE_ReportDesc                     0x20000118   Data          74  usbd_hid.o(.data)
    .data                                    0x20000164   Section        4  system_stm32f4xx.o(.data)
    .data                                    0x20000168   Section        4  mvars.o(.data)
    .data                                    0x2000016c   Section        4  mvars.o(.data)
    .data                                    0x20000170   Section        4  errno.o(.data)
    _errno                                   0x20000170   Data           4  errno.o(.data)
    .bss                                     0x20000174   Section      548  usb_device.o(.bss)
    .bss                                     0x20000398   Section      512  usbd_desc.o(.bss)
    .bss                                     0x20000598   Section      148  main.o(.bss)
    .bss                                     0x2000062c   Section     1008  usbd_conf.o(.bss)
    HEAP                                     0x20000a20   Section      512  startup_stm32f407xx.o(HEAP)
    STACK                                    0x20000c20   Section     1024  startup_stm32f407xx.o(STACK)

    Global Symbols

    Symbol Name                              Value     Ov Type        Size  Object(Section)

    BuildAttributes$$THM_ISAv4$E$P$D$K$B$S$7EM$VFPi3$EXTD16$VFPS$VFMA$PE$A:L22UL41UL21$X:L11$S22US41US21$IEEE1$IW$USESV6$~STKCKD$USESV7$~SHL$OTIME$ROPI$IEEEX$EBA8$MICROLIB$REQ8$PRES8$EABIv2 0x00000000   Number         0  anon$$obj.o ABSOLUTE
    __ARM_use_no_argv                        0x00000000   Number         0  main.o ABSOLUTE
    __cpp_initialize__aeabi_                  - Undefined Weak Reference
    __cxa_finalize                            - Undefined Weak Reference
    _clock_init                               - Undefined Weak Reference
    _microlib_exit                            - Undefined Weak Reference
    __Vectors_Size                           0x00000188   Number         0  startup_stm32f407xx.o ABSOLUTE
    __Vectors                                0x08000000   Data           4  startup_stm32f407xx.o(RESET)
    __Vectors_End                            0x08000188   Data           0  startup_stm32f407xx.o(RESET)
    __main                                   0x08000189   Thumb Code     0  entry.o(.ARM.Collect$$$$00000000)
    _main_stk                                0x08000189   Thumb Code     0  entry2.o(.ARM.Collect$$$$00000001)
    _main_scatterload                        0x0800018d   Thumb Code     0  entry5.o(.ARM.Collect$$$$00000004)
    __main_after_scatterload                 0x08000191   Thumb Code     0  entry5.o(.ARM.Collect$$$$00000004)
    _main_clock                              0x08000191   Thumb Code     0  entry7b.o(.ARM.Collect$$$$00000008)
    _main_cpp_init                           0x08000191   Thumb Code     0  entry8b.o(.ARM.Collect$$$$0000000A)
    _main_init                               0x08000191   Thumb Code     0  entry9a.o(.ARM.Collect$$$$0000000B)
    __rt_final_cpp                           0x08000199   Thumb Code     0  entry10a.o(.ARM.Collect$$$$0000000D)
    __rt_final_exit                          0x08000199   Thumb Code     0  entry11a.o(.ARM.Collect$$$$0000000F)
    Reset_Handler                            0x0800019d   Thumb Code     8  startup_stm32f407xx.o(.text)
    NMI_Handler                              0x080001a5   Thumb Code     2  startup_stm32f407xx.o(.text)
    HardFault_Handler                        0x080001a7   Thumb Code     2  startup_stm32f407xx.o(.text)
    MemManage_Handler                        0x080001a9   Thumb Code     2  startup_stm32f407xx.o(.text)
    BusFault_Handler                         0x080001ab   Thumb Code     2  startup_stm32f407xx.o(.text)
    UsageFault_Handler                       0x080001ad   Thumb Code     2  startup_stm32f407xx.o(.text)
    DebugMon_Handler                         0x080001b1   Thumb Code     2  startup_stm32f407xx.o(.text)
    ADC_IRQHandler                           0x080001b7   Thumb Code     0  startup_stm32f407xx.o(.text)
    CAN1_RX0_IRQHandler                      0x080001b7   Thumb Code     0  startup_stm32f407xx.o(.text)
    CAN1_RX1_IRQHandler                      0x080001b7   Thumb Code     0  startup_stm32f407xx.o(.text)
    CAN1_SCE_IRQHandler                      0x080001b7   Thumb Code     0  startup_stm32f407xx.o(.text)
    CAN1_TX_IRQHandler                       0x080001b7   Thumb Code     0  startup_stm32f407xx.o(.text)
    CAN2_RX0_IRQHandler                      0x080001b7   Thumb Code     0  startup_stm32f407xx.o(.text)
    CAN2_RX1_IRQHandler                      0x080001b7   Thumb Code     0  startup_stm32f407xx.o(.text)
    CAN2_SCE_IRQHandler                      0x080001b7   Thumb Code     0  startup_stm32f407xx.o(.text)
    CAN2_TX_IRQHandler                       0x080001b7   Thumb Code     0  startup_stm32f407xx.o(.text)
    DCMI_IRQHandler                          0x080001b7   Thumb Code     0  startup_stm32f407xx.o(.text)
    DMA1_Stream0_IRQHandler                  0x080001b7   Thumb Code     0  startup_stm32f407xx.o(.text)
    DMA1_Stream1_IRQHandler                  0x080001b7   Thumb Code     0  startup_stm32f407xx.o(.text)
    DMA1_Stream2_IRQHandler                  0x080001b7   Thumb Code     0  startup_stm32f407xx.o(.text)
    DMA1_Stream3_IRQHandler                  0x080001b7   Thumb Code     0  startup_stm32f407xx.o(.text)
    DMA1_Stream4_IRQHandler                  0x080001b7   Thumb Code     0  startup_stm32f407xx.o(.text)
    DMA1_Stream5_IRQHandler                  0x080001b7   Thumb Code     0  startup_stm32f407xx.o(.text)
    DMA1_Stream6_IRQHandler                  0x080001b7   Thumb Code     0  startup_stm32f407xx.o(.text)
    DMA1_Stream7_IRQHandler                  0x080001b7   Thumb Code     0  startup_stm32f407xx.o(.text)
    DMA2_Stream0_IRQHandler                  0x080001b7   Thumb Code     0  startup_stm32f407xx.o(.text)
    DMA2_Stream1_IRQHandler                  0x080001b7   Thumb Code     0  startup_stm32f407xx.o(.text)
    DMA2_Stream2_IRQHandler                  0x080001b7   Thumb Code     0  startup_stm32f407xx.o(.text)
    DMA2_Stream3_IRQHandler                  0x080001b7   Thumb Code     0  startup_stm32f407xx.o(.text)
    DMA2_Stream4_IRQHandler                  0x080001b7   Thumb Code     0  startup_stm32f407xx.o(.text)
    DMA2_Stream5_IRQHandler                  0x080001b7   Thumb Code     0  startup_stm32f407xx.o(.text)
    DMA2_Stream6_IRQHandler                  0x080001b7   Thumb Code     0  startup_stm32f407xx.o(.text)
    DMA2_Stream7_IRQHandler                  0x080001b7   Thumb Code     0  startup_stm32f407xx.o(.text)
    ETH_IRQHandler                           0x080001b7   Thumb Code     0  startup_stm32f407xx.o(.text)
    ETH_WKUP_IRQHandler                      0x080001b7   Thumb Code     0  startup_stm32f407xx.o(.text)
    EXTI0_IRQHandler                         0x080001b7   Thumb Code     0  startup_stm32f407xx.o(.text)
    EXTI15_10_IRQHandler                     0x080001b7   Thumb Code     0  startup_stm32f407xx.o(.text)
    EXTI1_IRQHandler                         0x080001b7   Thumb Code     0  startup_stm32f407xx.o(.text)
    EXTI2_IRQHandler                         0x080001b7   Thumb Code     0  startup_stm32f407xx.o(.text)
    EXTI3_IRQHandler                         0x080001b7   Thumb Code     0  startup_stm32f407xx.o(.text)
    EXTI4_IRQHandler                         0x080001b7   Thumb Code     0  startup_stm32f407xx.o(.text)
    EXTI9_5_IRQHandler                       0x080001b7   Thumb Code     0  startup_stm32f407xx.o(.text)
    FLASH_IRQHandler                         0x080001b7   Thumb Code     0  startup_stm32f407xx.o(.text)
    FMC_IRQHandler                           0x080001b7   Thumb Code     0  startup_stm32f407xx.o(.text)
    FPU_IRQHandler                           0x080001b7   Thumb Code     0  startup_stm32f407xx.o(.text)
    HASH_RNG_IRQHandler                      0x080001b7   Thumb Code     0  startup_stm32f407xx.o(.text)
    I2C1_ER_IRQHandler                       0x080001b7   Thumb Code     0  startup_stm32f407xx.o(.text)
    I2C1_EV_IRQHandler                       0x080001b7   Thumb Code     0  startup_stm32f407xx.o(.text)
    I2C2_ER_IRQHandler                       0x080001b7   Thumb Code     0  startup_stm32f407xx.o(.text)
    I2C2_EV_IRQHandler                       0x080001b7   Thumb Code     0  startup_stm32f407xx.o(.text)
    I2C3_ER_IRQHandler                       0x080001b7   Thumb Code     0  startup_stm32f407xx.o(.text)
    I2C3_EV_IRQHandler                       0x080001b7   Thumb Code     0  startup_stm32f407xx.o(.text)
    OTG_FS_WKUP_IRQHandler                   0x080001b7   Thumb Code     0  startup_stm32f407xx.o(.text)
    OTG_HS_EP1_IN_IRQHandler                 0x080001b7   Thumb Code     0  startup_stm32f407xx.o(.text)
    OTG_HS_EP1_OUT_IRQHandler                0x080001b7   Thumb Code     0  startup_stm32f407xx.o(.text)
    OTG_HS_IRQHandler                        0x080001b7   Thumb Code     0  startup_stm32f407xx.o(.text)
    OTG_HS_WKUP_IRQHandler                   0x080001b7   Thumb Code     0  startup_stm32f407xx.o(.text)
    PVD_IRQHandler                           0x080001b7   Thumb Code     0  startup_stm32f407xx.o(.text)
    RTC_Alarm_IRQHandler                     0x080001b7   Thumb Code     0  startup_stm32f407xx.o(.text)
    RTC_WKUP_IRQHandler                      0x080001b7   Thumb Code     0  startup_stm32f407xx.o(.text)
    SDIO_IRQHandler                          0x080001b7   Thumb Code     0  startup_stm32f407xx.o(.text)
    SPI1_IRQHandler                          0x080001b7   Thumb Code     0  startup_stm32f407xx.o(.text)
    SPI2_IRQHandler                          0x080001b7   Thumb Code     0  startup_stm32f407xx.o(.text)
    SPI3_IRQHandler                          0x080001b7   Thumb Code     0  startup_stm32f407xx.o(.text)
    TAMP_STAMP_IRQHandler                    0x080001b7   Thumb Code     0  startup_stm32f407xx.o(.text)
    TIM1_BRK_TIM9_IRQHandler                 0x080001b7   Thumb Code     0  startup_stm32f407xx.o(.text)
    TIM1_CC_IRQHandler                       0x080001b7   Thumb Code     0  startup_stm32f407xx.o(.text)
    TIM1_TRG_COM_TIM11_IRQHandler            0x080001b7   Thumb Code     0  startup_stm32f407xx.o(.text)
    TIM1_UP_TIM10_IRQHandler                 0x080001b7   Thumb Code     0  startup_stm32f407xx.o(.text)
    TIM2_IRQHandler                          0x080001b7   Thumb Code     0  startup_stm32f407xx.o(.text)
    TIM3_IRQHandler                          0x080001b7   Thumb Code     0  startup_stm32f407xx.o(.text)
    TIM4_IRQHandler                          0x080001b7   Thumb Code     0  startup_stm32f407xx.o(.text)
    TIM5_IRQHandler                          0x080001b7   Thumb Code     0  startup_stm32f407xx.o(.text)
    TIM6_DAC_IRQHandler                      0x080001b7   Thumb Code     0  startup_stm32f407xx.o(.text)
    TIM7_IRQHandler                          0x080001b7   Thumb Code     0  startup_stm32f407xx.o(.text)
    TIM8_BRK_TIM12_IRQHandler                0x080001b7   Thumb Code     0  startup_stm32f407xx.o(.text)
    TIM8_CC_IRQHandler                       0x080001b7   Thumb Code     0  startup_stm32f407xx.o(.text)
    TIM8_TRG_COM_TIM14_IRQHandler            0x080001b7   Thumb Code     0  startup_stm32f407xx.o(.text)
    TIM8_UP_TIM13_IRQHandler                 0x080001b7   Thumb Code     0  startup_stm32f407xx.o(.text)
    UART4_IRQHandler                         0x080001b7   Thumb Code     0  startup_stm32f407xx.o(.text)
    UART5_IRQHandler                         0x080001b7   Thumb Code     0  startup_stm32f407xx.o(.text)
    USART1_IRQHandler                        0x080001b7   Thumb Code     0  startup_stm32f407xx.o(.text)
    USART2_IRQHandler                        0x080001b7   Thumb Code     0  startup_stm32f407xx.o(.text)
    USART3_IRQHandler                        0x080001b7   Thumb Code     0  startup_stm32f407xx.o(.text)
    USART6_IRQHandler                        0x080001b7   Thumb Code     0  startup_stm32f407xx.o(.text)
    WWDG_IRQHandler                          0x080001b7   Thumb Code     0  startup_stm32f407xx.o(.text)
    __aeabi_uldivmod                         0x080001c1   Thumb Code    98  uldiv.o(.text)
    __aeabi_memcpy                           0x08000223   Thumb Code    36  memcpya.o(.text)
    __aeabi_memcpy4                          0x08000223   Thumb Code     0  memcpya.o(.text)
    __aeabi_memcpy8                          0x08000223   Thumb Code     0  memcpya.o(.text)
    __aeabi_dadd                             0x08000247   Thumb Code   322  dadd.o(.text)
    __aeabi_dsub                             0x08000389   Thumb Code     6  dadd.o(.text)
    __aeabi_drsub                            0x0800038f   Thumb Code     6  dadd.o(.text)
    __aeabi_dmul                             0x08000395   Thumb Code   228  dmul.o(.text)
    __aeabi_ddiv                             0x08000479   Thumb Code   222  ddiv.o(.text)
    __aeabi_f2d                              0x08000557   Thumb Code    38  f2d.o(.text)
    __aeabi_d2f                              0x0800057d   Thumb Code    56  d2f.o(.text)
    __aeabi_llsl                             0x080005b5   Thumb Code    30  llshl.o(.text)
    _ll_shift_l                              0x080005b5   Thumb Code     0  llshl.o(.text)
    __aeabi_llsr                             0x080005d3   Thumb Code    32  llushr.o(.text)
    _ll_ushift_r                             0x080005d3   Thumb Code     0  llushr.o(.text)
    __aeabi_lasr                             0x080005f3   Thumb Code    36  llsshr.o(.text)
    _ll_sshift_r                             0x080005f3   Thumb Code     0  llsshr.o(.text)
    __I$use$fp                               0x08000617   Thumb Code     0  iusefp.o(.text)
    _float_round                             0x08000617   Thumb Code    18  fepilogue.o(.text)
    _float_epilogue                          0x08000629   Thumb Code    92  fepilogue.o(.text)
    _double_round                            0x08000685   Thumb Code    30  depilogue.o(.text)
    _double_epilogue                         0x080006a3   Thumb Code   156  depilogue.o(.text)
    _dsqrt                                   0x0800073f   Thumb Code   162  dsqrt.o(.text)
    __scatterload                            0x080007e1   Thumb Code    28  init.o(.text)
    __scatterload_rt2                        0x080007e1   Thumb Code     0  init.o(.text)
    __aeabi_i2d                              0x08000805   Thumb Code    34  dflti.o(.text)
    __aeabi_ui2d                             0x08000827   Thumb Code    26  dfltui.o(.text)
    __aeabi_d2iz                             0x08000841   Thumb Code    62  dfixi.o(.text)
    __decompress                             0x0800087f   Thumb Code     0  __dczerorl2.o(.text)
    __decompress1                            0x0800087f   Thumb Code    86  __dczerorl2.o(.text)
    HAL_Delay                                0x080008d5   Thumb Code    28  stm32f4xx_hal.o(i.HAL_Delay)
    HAL_GPIO_Init                            0x080008f1   Thumb Code   388  stm32f4xx_hal_gpio.o(i.HAL_GPIO_Init)
    HAL_GPIO_TogglePin                       0x08000aa1   Thumb Code     8  stm32f4xx_hal_gpio.o(i.HAL_GPIO_TogglePin)
    HAL_GetTick                              0x08000aa9   Thumb Code     6  stm32f4xx_hal.o(i.HAL_GetTick)
    HAL_I2C_GetState                         0x08000ab5   Thumb Code     6  stm32f4xx_hal_i2c.o(i.HAL_I2C_GetState)
    HAL_I2C_Init                             0x08000abd   Thumb Code   254  stm32f4xx_hal_i2c.o(i.HAL_I2C_Init)
    HAL_I2C_Master_Receive                   0x08000bc5   Thumb Code   474  stm32f4xx_hal_i2c.o(i.HAL_I2C_Master_Receive)
    HAL_I2C_Master_Transmit                  0x08000dad   Thumb Code   304  stm32f4xx_hal_i2c.o(i.HAL_I2C_Master_Transmit)
    HAL_I2C_MspInit                          0x08000ee5   Thumb Code    62  stm32f4xx_hal_msp.o(i.HAL_I2C_MspInit)
    HAL_IncTick                              0x08000f31   Thumb Code    10  stm32f4xx_hal.o(i.HAL_IncTick)
    HAL_Init                                 0x08000f41   Thumb Code    48  stm32f4xx_hal.o(i.HAL_Init)
    HAL_InitTick                             0x08000f75   Thumb Code    34  stm32f4xx_hal.o(i.HAL_InitTick)
    HAL_MspInit                              0x08000f9d   Thumb Code   104  stm32f4xx_hal_msp.o(i.HAL_MspInit)
    HAL_NVIC_EnableIRQ                       0x08001005   Thumb Code    22  stm32f4xx_hal_cortex.o(i.HAL_NVIC_EnableIRQ)
    HAL_NVIC_SetPriority                     0x0800101d   Thumb Code    60  stm32f4xx_hal_cortex.o(i.HAL_NVIC_SetPriority)
    HAL_NVIC_SetPriorityGrouping             0x0800105d   Thumb Code    26  stm32f4xx_hal_cortex.o(i.HAL_NVIC_SetPriorityGrouping)
    HAL_PCDEx_SetRxFiFo                      0x08001081   Thumb Code     8  stm32f4xx_hal_pcd_ex.o(i.HAL_PCDEx_SetRxFiFo)
    HAL_PCDEx_SetTxFiFo                      0x08001089   Thumb Code    68  stm32f4xx_hal_pcd_ex.o(i.HAL_PCDEx_SetTxFiFo)
    HAL_PCD_ConnectCallback                  0x080010cd   Thumb Code     8  usbd_conf.o(i.HAL_PCD_ConnectCallback)
    HAL_PCD_DataInStageCallback              0x080010d5   Thumb Code    18  usbd_conf.o(i.HAL_PCD_DataInStageCallback)
    HAL_PCD_DataOutStageCallback             0x080010e7   Thumb Code    20  usbd_conf.o(i.HAL_PCD_DataOutStageCallback)
    HAL_PCD_DisconnectCallback               0x080010fb   Thumb Code     8  usbd_conf.o(i.HAL_PCD_DisconnectCallback)
    HAL_PCD_EP_Close                         0x08001103   Thumb Code    68  stm32f4xx_hal_pcd.o(i.HAL_PCD_EP_Close)
    HAL_PCD_EP_ClrStall                      0x08001147   Thumb Code    80  stm32f4xx_hal_pcd.o(i.HAL_PCD_EP_ClrStall)
    HAL_PCD_EP_Open                          0x08001197   Thumb Code    84  stm32f4xx_hal_pcd.o(i.HAL_PCD_EP_Open)
    HAL_PCD_EP_Receive                       0x080011eb   Thumb Code    72  stm32f4xx_hal_pcd.o(i.HAL_PCD_EP_Receive)
    HAL_PCD_EP_SetStall                      0x08001233   Thumb Code    96  stm32f4xx_hal_pcd.o(i.HAL_PCD_EP_SetStall)
    HAL_PCD_EP_Transmit                      0x08001293   Thumb Code    64  stm32f4xx_hal_pcd.o(i.HAL_PCD_EP_Transmit)
    HAL_PCD_IRQHandler                       0x080012d5   Thumb Code  1196  stm32f4xx_hal_pcd.o(i.HAL_PCD_IRQHandler)
    HAL_PCD_ISOINIncompleteCallback          0x080017c9   Thumb Code     8  usbd_conf.o(i.HAL_PCD_ISOINIncompleteCallback)
    HAL_PCD_ISOOUTIncompleteCallback         0x080017d1   Thumb Code     8  usbd_conf.o(i.HAL_PCD_ISOOUTIncompleteCallback)
    HAL_PCD_Init                             0x080017d9   Thumb Code   190  stm32f4xx_hal_pcd.o(i.HAL_PCD_Init)
    HAL_PCD_MspInit                          0x08001899   Thumb Code    92  usbd_conf.o(i.HAL_PCD_MspInit)
    HAL_PCD_ResetCallback                    0x080018fd   Thumb Code    32  usbd_conf.o(i.HAL_PCD_ResetCallback)
    HAL_PCD_ResumeCallback                   0x0800191d   Thumb Code     8  usbd_conf.o(i.HAL_PCD_ResumeCallback)
    HAL_PCD_SOFCallback                      0x08001925   Thumb Code     8  usbd_conf.o(i.HAL_PCD_SOFCallback)
    HAL_PCD_SetAddress                       0x0800192d   Thumb Code    36  stm32f4xx_hal_pcd.o(i.HAL_PCD_SetAddress)
    HAL_PCD_SetupStageCallback               0x08001951   Thumb Code    14  usbd_conf.o(i.HAL_PCD_SetupStageCallback)
    HAL_PCD_Start                            0x0800195f   Thumb Code    42  stm32f4xx_hal_pcd.o(i.HAL_PCD_Start)
    HAL_PCD_SuspendCallback                  0x08001989   Thumb Code    44  usbd_conf.o(i.HAL_PCD_SuspendCallback)
    HAL_RCC_ClockConfig                      0x080019b9   Thumb Code   286  stm32f4xx_hal_rcc.o(i.HAL_RCC_ClockConfig)
    HAL_RCC_GetHCLKFreq                      0x08001ae9   Thumb Code     6  stm32f4xx_hal_rcc.o(i.HAL_RCC_GetHCLKFreq)
    HAL_RCC_GetPCLK1Freq                     0x08001af5   Thumb Code    20  stm32f4xx_hal_rcc.o(i.HAL_RCC_GetPCLK1Freq)
    HAL_RCC_GetPCLK2Freq                     0x08001b15   Thumb Code    20  stm32f4xx_hal_rcc.o(i.HAL_RCC_GetPCLK2Freq)
    HAL_RCC_GetSysClockFreq                  0x08001b35   Thumb Code    88  stm32f4xx_hal_rcc.o(i.HAL_RCC_GetSysClockFreq)
    HAL_RCC_OscConfig                        0x08001b95   Thumb Code   730  stm32f4xx_hal_rcc.o(i.HAL_RCC_OscConfig)
    HAL_SYSTICK_CLKSourceConfig              0x08001e85   Thumb Code    24  stm32f4xx_hal_cortex.o(i.HAL_SYSTICK_CLKSourceConfig)
    HAL_SYSTICK_Callback                     0x08001e9d   Thumb Code     2  stm32f4xx_hal_cortex.o(i.HAL_SYSTICK_Callback)
    HAL_SYSTICK_Config                       0x08001e9f   Thumb Code    40  stm32f4xx_hal_cortex.o(i.HAL_SYSTICK_Config)
    HAL_SYSTICK_IRQHandler                   0x08001ec7   Thumb Code     8  stm32f4xx_hal_cortex.o(i.HAL_SYSTICK_IRQHandler)
    HAL_UART_Init                            0x08001ecf   Thumb Code    98  stm32f4xx_hal_uart.o(i.HAL_UART_Init)
    HAL_UART_MspInit                         0x08001f31   Thumb Code    62  stm32f4xx_hal_msp.o(i.HAL_UART_MspInit)
    MX_USB_DEVICE_Init                       0x08002339   Thumb Code    30  usb_device.o(i.MX_USB_DEVICE_Init)
    MadgwickAHRSupdateIMU                    0x08002365   Thumb Code   668  madgwickahrs.o(i.MadgwickAHRSupdateIMU)
    OTG_FS_IRQHandler                        0x08002629   Thumb Code     6  stm32f4xx_it.o(i.OTG_FS_IRQHandler)
    PendSV_Handler                           0x080026bd   Thumb Code     2  stm32f4xx_it.o(i.PendSV_Handler)
    RCC_IRQHandler                           0x080026bf   Thumb Code     2  stm32f4xx_it.o(i.RCC_IRQHandler)
    SVC_Handler                              0x080026c1   Thumb Code     2  stm32f4xx_it.o(i.SVC_Handler)
    SysTick_Handler                          0x080026c3   Thumb Code    14  stm32f4xx_it.o(i.SysTick_Handler)
    SystemClock_Config                       0x080026d1   Thumb Code   144  main.o(i.SystemClock_Config)
    SystemInit                               0x08002769   Thumb Code    66  system_stm32f4xx.o(i.SystemInit)
    USBD_ClrClassConfig                      0x08002a69   Thumb Code    14  usbd_core.o(i.USBD_ClrClassConfig)
    USBD_CtlContinueRx                       0x08002a77   Thumb Code    16  usbd_ioreq.o(i.USBD_CtlContinueRx)
    USBD_CtlContinueSendData                 0x08002a87   Thumb Code    16  usbd_ioreq.o(i.USBD_CtlContinueSendData)
    USBD_CtlError                            0x08002a97   Thumb Code    22  usbd_ctlreq.o(i.USBD_CtlError)
    USBD_CtlReceiveStatus                    0x08002aad   Thumb Code    22  usbd_ioreq.o(i.USBD_CtlReceiveStatus)
    USBD_CtlSendData                         0x08002ac3   Thumb Code    26  usbd_ioreq.o(i.USBD_CtlSendData)
    USBD_CtlSendStatus                       0x08002add   Thumb Code    22  usbd_ioreq.o(i.USBD_CtlSendStatus)
    USBD_FS_ConfigStrDescriptor              0x08002af5   Thumb Code    16  usbd_desc.o(i.USBD_FS_ConfigStrDescriptor)
    USBD_FS_DeviceDescriptor                 0x08002b15   Thumb Code     8  usbd_desc.o(i.USBD_FS_DeviceDescriptor)
    USBD_FS_InterfaceStrDescriptor           0x08002b21   Thumb Code    16  usbd_desc.o(i.USBD_FS_InterfaceStrDescriptor)
    USBD_FS_LangIDStrDescriptor              0x08002b45   Thumb Code     8  usbd_desc.o(i.USBD_FS_LangIDStrDescriptor)
    USBD_FS_ManufacturerStrDescriptor        0x08002b51   Thumb Code    16  usbd_desc.o(i.USBD_FS_ManufacturerStrDescriptor)
    USBD_FS_ProductStrDescriptor             0x08002b79   Thumb Code    16  usbd_desc.o(i.USBD_FS_ProductStrDescriptor)
    USBD_FS_SerialStrDescriptor              0x08002ba5   Thumb Code    16  usbd_desc.o(i.USBD_FS_SerialStrDescriptor)
    USBD_GetString                           0x08002ca9   Thumb Code    70  usbd_ctlreq.o(i.USBD_GetString)
    USBD_Init                                0x08002df9   Thumb Code    42  usbd_core.o(i.USBD_Init)
    USBD_LL_ClearStallEP                     0x08002e23   Thumb Code    32  usbd_conf.o(i.USBD_LL_ClearStallEP)
    USBD_LL_CloseEP                          0x08002e43   Thumb Code    32  usbd_conf.o(i.USBD_LL_CloseEP)
    USBD_LL_DataInStage                      0x08002e63   Thumb Code   170  usbd_core.o(i.USBD_LL_DataInStage)
    USBD_LL_DataOutStage                     0x08002f0d   Thumb Code   106  usbd_core.o(i.USBD_LL_DataOutStage)
    USBD_LL_DevConnected                     0x08002f77   Thumb Code     4  usbd_core.o(i.USBD_LL_DevConnected)
    USBD_LL_DevDisconnected                  0x08002f7b   Thumb Code    22  usbd_core.o(i.USBD_LL_DevDisconnected)
    USBD_LL_Init                             0x08002f91   Thumb Code    98  usbd_conf.o(i.USBD_LL_Init)
    USBD_LL_IsStallEP                        0x0800300d   Thumb Code    32  usbd_conf.o(i.USBD_LL_IsStallEP)
    USBD_LL_IsoINIncomplete                  0x0800302d   Thumb Code     4  usbd_core.o(i.USBD_LL_IsoINIncomplete)
    USBD_LL_IsoOUTIncomplete                 0x08003031   Thumb Code     4  usbd_core.o(i.USBD_LL_IsoOUTIncomplete)
    USBD_LL_OpenEP                           0x08003035   Thumb Code    38  usbd_conf.o(i.USBD_LL_OpenEP)
    USBD_LL_PrepareReceive                   0x0800305b   Thumb Code    32  usbd_conf.o(i.USBD_LL_PrepareReceive)
    USBD_LL_Reset                            0x0800307b   Thumb Code    62  usbd_core.o(i.USBD_LL_Reset)
    USBD_LL_Resume                           0x080030b9   Thumb Code    12  usbd_core.o(i.USBD_LL_Resume)
    USBD_LL_SOF                              0x080030c5   Thumb Code    24  usbd_core.o(i.USBD_LL_SOF)
    USBD_LL_SetSpeed                         0x080030dd   Thumb Code     6  usbd_core.o(i.USBD_LL_SetSpeed)
    USBD_LL_SetUSBAddress                    0x080030e3   Thumb Code    32  usbd_conf.o(i.USBD_LL_SetUSBAddress)
    USBD_LL_SetupStage                       0x08003103   Thumb Code    90  usbd_core.o(i.USBD_LL_SetupStage)
    USBD_LL_StallEP                          0x0800315d   Thumb Code    32  usbd_conf.o(i.USBD_LL_StallEP)
    USBD_LL_Start                            0x0800317d   Thumb Code    32  usbd_conf.o(i.USBD_LL_Start)
    USBD_LL_Suspend                          0x0800319d   Thumb Code    18  usbd_core.o(i.USBD_LL_Suspend)
    USBD_LL_Transmit                         0x080031af   Thumb Code    32  usbd_conf.o(i.USBD_LL_Transmit)
    USBD_ParseSetupRequest                   0x080031cf   Thumb Code    40  usbd_ctlreq.o(i.USBD_ParseSetupRequest)
    USBD_RegisterClass                       0x080031f7   Thumb Code    16  usbd_core.o(i.USBD_RegisterClass)
    USBD_SetClassConfig                      0x08003207   Thumb Code    22  usbd_core.o(i.USBD_SetClassConfig)
    USBD_Start                               0x08003291   Thumb Code    10  usbd_core.o(i.USBD_Start)
    USBD_StdDevReq                           0x0800329b   Thumb Code   242  usbd_ctlreq.o(i.USBD_StdDevReq)
    USBD_StdEPReq                            0x0800338d   Thumb Code   220  usbd_ctlreq.o(i.USBD_StdEPReq)
    USBD_StdItfReq                           0x08003469   Thumb Code    52  usbd_ctlreq.o(i.USBD_StdItfReq)
    USB_ActivateEndpoint                     0x0800349d   Thumb Code   122  stm32f4xx_ll_usb.o(i.USB_ActivateEndpoint)
    USB_ActivateSetup                        0x0800351d   Thumb Code    52  stm32f4xx_ll_usb.o(i.USB_ActivateSetup)
    USB_CoreInit                             0x08003551   Thumb Code   104  stm32f4xx_ll_usb.o(i.USB_CoreInit)
    USB_DeactivateEndpoint                   0x080035f5   Thumb Code   196  stm32f4xx_ll_usb.o(i.USB_DeactivateEndpoint)
    USB_DevConnect                           0x080036bd   Thumb Code    24  stm32f4xx_ll_usb.o(i.USB_DevConnect)
    USB_DevDisconnect                        0x080036d5   Thumb Code    24  stm32f4xx_ll_usb.o(i.USB_DevDisconnect)
    USB_DevInit                              0x080036ed   Thumb Code   302  stm32f4xx_ll_usb.o(i.USB_DevInit)
    USB_DisableGlobalInt                     0x0800382d   Thumb Code    12  stm32f4xx_ll_usb.o(i.USB_DisableGlobalInt)
    USB_EP0StartXfer                         0x08003839   Thumb Code   316  stm32f4xx_ll_usb.o(i.USB_EP0StartXfer)
    USB_EP0_OutStart                         0x08003979   Thumb Code    62  stm32f4xx_ll_usb.o(i.USB_EP0_OutStart)
    USB_EPClearStall                         0x080039b7   Thumb Code   100  stm32f4xx_ll_usb.o(i.USB_EPClearStall)
    USB_EPSetStall                           0x08003a1b   Thumb Code    94  stm32f4xx_ll_usb.o(i.USB_EPSetStall)
    USB_EPStartXfer                          0x08003a79   Thumb Code   534  stm32f4xx_ll_usb.o(i.USB_EPStartXfer)
    USB_EnableGlobalInt                      0x08003c95   Thumb Code    12  stm32f4xx_ll_usb.o(i.USB_EnableGlobalInt)
    USB_FlushRxFifo                          0x08003ca1   Thumb Code    28  stm32f4xx_ll_usb.o(i.USB_FlushRxFifo)
    USB_FlushTxFifo                          0x08003cc1   Thumb Code    32  stm32f4xx_ll_usb.o(i.USB_FlushTxFifo)
    USB_GetDevSpeed                          0x08003ce5   Thumb Code    60  stm32f4xx_ll_usb.o(i.USB_GetDevSpeed)
    USB_GetMode                              0x08003d21   Thumb Code     8  stm32f4xx_ll_usb.o(i.USB_GetMode)
    USB_ReadDevAllInEpInterrupt              0x08003d29   Thumb Code    14  stm32f4xx_ll_usb.o(i.USB_ReadDevAllInEpInterrupt)
    USB_ReadDevAllOutEpInterrupt             0x08003d37   Thumb Code    14  stm32f4xx_ll_usb.o(i.USB_ReadDevAllOutEpInterrupt)
    USB_ReadDevInEPInterrupt                 0x08003d45   Thumb Code    30  stm32f4xx_ll_usb.o(i.USB_ReadDevInEPInterrupt)
    USB_ReadDevOutEPInterrupt                0x08003d63   Thumb Code    16  stm32f4xx_ll_usb.o(i.USB_ReadDevOutEPInterrupt)
    USB_ReadInterrupts                       0x08003d73   Thumb Code     8  stm32f4xx_ll_usb.o(i.USB_ReadInterrupts)
    USB_ReadPacket                           0x08003d7b   Thumb Code    32  stm32f4xx_ll_usb.o(i.USB_ReadPacket)
    USB_SetCurrentMode                       0x08003d9b   Thumb Code    44  stm32f4xx_ll_usb.o(i.USB_SetCurrentMode)
    USB_SetDevAddress                        0x08003dc7   Thumb Code    34  stm32f4xx_ll_usb.o(i.USB_SetDevAddress)
    USB_WritePacket                          0x08003de9   Thumb Code    40  stm32f4xx_ll_usb.o(i.USB_WritePacket)
    _Error_Handler                           0x08003e11   Thumb Code     2  main.o(i._Error_Handler)
    __ARM_fpclassify                         0x08003e13   Thumb Code    48  fpclassify.o(i.__ARM_fpclassify)
    __hardfp_acosf                           0x08003e45   Thumb Code   234  acosf.o(i.__hardfp_acosf)
    __hardfp_sin                             0x08003f61   Thumb Code   180  sin.o(i.__hardfp_sin)
    __hardfp_sqrt                            0x08004029   Thumb Code   122  sqrt.o(i.__hardfp_sqrt)
    __ieee754_rem_pio2                       0x080040a9   Thumb Code   938  rred.o(i.__ieee754_rem_pio2)
    __kernel_cos                             0x080044e1   Thumb Code   322  cos_i.o(i.__kernel_cos)
    __kernel_poly                            0x08004651   Thumb Code   248  poly.o(i.__kernel_poly)
    __kernel_sin                             0x08004749   Thumb Code   280  sin_i.o(i.__kernel_sin)
    __mathlib_dbl_infnan                     0x08004879   Thumb Code    20  dunder.o(i.__mathlib_dbl_infnan)
    __mathlib_dbl_invalid                    0x08004891   Thumb Code    24  dunder.o(i.__mathlib_dbl_invalid)
    __mathlib_dbl_underflow                  0x080048b1   Thumb Code    24  dunder.o(i.__mathlib_dbl_underflow)
    __mathlib_flt_infnan                     0x080048d1   Thumb Code     6  funder.o(i.__mathlib_flt_infnan)
    __mathlib_flt_invalid                    0x080048d9   Thumb Code    10  funder.o(i.__mathlib_flt_invalid)
    __scatterload_copy                       0x080048e9   Thumb Code    14  handlers.o(i.__scatterload_copy)
    __scatterload_null                       0x080048f7   Thumb Code     2  handlers.o(i.__scatterload_null)
    __scatterload_zeroinit                   0x080048f9   Thumb Code    14  handlers.o(i.__scatterload_zeroinit)
    __set_errno                              0x08004909   Thumb Code     6  errno.o(i.__set_errno)
    fabs                                     0x08004915   Thumb Code    24  fabs.o(i.fabs)
    free                                     0x0800492d   Thumb Code    76  malloc.o(i.free)
    invSqrt                                  0x0800497d   Thumb Code    40  madgwickahrs.o(i.invSqrt)
    main                                     0x080049a9   Thumb Code   844  main.o(i.main)
    malloc                                   0x08004d41   Thumb Code    92  malloc.o(i.malloc)
    read_mpu_6050_data                       0x08004dad   Thumb Code   112  main.o(i.read_mpu_6050_data)
    set_MPU6050_registers                    0x08004e25   Thumb Code   102  main.o(i.set_MPU6050_registers)
    sqrtf                                    0x08004e91   Thumb Code    62  sqrtf.o(i.sqrtf)
    AHBPrescTable                            0x08004ece   Data          16  system_stm32f4xx.o(.constdata)
    APBPrescTable                            0x08004ede   Data           8  system_stm32f4xx.o(.constdata)
    Region$$Table$$Base                      0x08005008   Number         0  anon$$obj.o(Region$$Table)
    Region$$Table$$Limit                     0x08005028   Number         0  anon$$obj.o(Region$$Table)
    uwTick                                   0x20000000   Data           4  stm32f4xx_hal.o(.data)
    FS_Desc                                  0x20000004   Data          28  usbd_desc.o(.data)
    USBD_LangIDDesc                          0x20000020   Data           4  usbd_desc.o(.data)
    USBD_FS_DeviceDesc                       0x20000024   Data          18  usbd_desc.o(.data)
    gx                                       0x20000038   Data           4  main.o(.data)
    gy                                       0x2000003c   Data           4  main.o(.data)
    gz                                       0x20000040   Data           4  main.o(.data)
    ax                                       0x20000044   Data           4  main.o(.data)
    ay                                       0x20000048   Data           4  main.o(.data)
    az                                       0x2000004c   Data           4  main.o(.data)
    gyro_x                                   0x20000050   Data           4  main.o(.data)
    gyro_y                                   0x20000054   Data           4  main.o(.data)
    gyro_z                                   0x20000058   Data           4  main.o(.data)
    acc_x                                    0x2000005c   Data           4  main.o(.data)
    acc_y                                    0x20000060   Data           4  main.o(.data)
    acc_z                                    0x20000064   Data           4  main.o(.data)
    temperature                              0x20000068   Data           4  main.o(.data)
    gyro_x_cal                               0x2000006c   Data           4  main.o(.data)
    gyro_y_cal                               0x20000070   Data           4  main.o(.data)
    gyro_z_cal                               0x20000074   Data           4  main.o(.data)
    angle_pitch                              0x20000078   Data           4  main.o(.data)
    angle_roll                               0x2000007c   Data           4  main.o(.data)
    angle_pitch_output                       0x20000080   Data           4  main.o(.data)
    angle_roll_output                        0x20000084   Data           4  main.o(.data)
    buffer                                   0x20000088   Data           4  main.o(.data)
    beta                                     0x2000008c   Data           4  madgwickahrs.o(.data)
    q0                                       0x20000090   Data           4  madgwickahrs.o(.data)
    q1                                       0x20000094   Data           4  madgwickahrs.o(.data)
    q2                                       0x20000098   Data           4  madgwickahrs.o(.data)
    q3                                       0x2000009c   Data           4  madgwickahrs.o(.data)
    USBD_HID                                 0x200000a4   Data          56  usbd_hid.o(.data)
    SystemCoreClock                          0x20000164   Data           4  system_stm32f4xx.o(.data)
    __microlib_freelist                      0x20000168   Data           4  mvars.o(.data)
    __microlib_freelist_initialised          0x2000016c   Data           4  mvars.o(.data)
    hUsbDeviceFS                             0x20000174   Data         548  usb_device.o(.bss)
    USBD_StrDesc                             0x20000398   Data         512  usbd_desc.o(.bss)
    hi2c1                                    0x20000598   Data          84  main.o(.bss)
    huart2                                   0x200005ec   Data          64  main.o(.bss)
    hpcd_USB_OTG_FS                          0x2000062c   Data        1008  usbd_conf.o(.bss)
    __heap_base                              0x20000a20   Data           0  startup_stm32f407xx.o(HEAP)
    __heap_limit                             0x20000c20   Data           0  startup_stm32f407xx.o(HEAP)
    __initial_sp                             0x20001020   Data           0  startup_stm32f407xx.o(STACK)



==============================================================================

Memory Map of the image

  Image Entry point : 0x08000189

  Load Region LR_IROM1 (Base: 0x08000000, Size: 0x0000519c, Max: 0x00100000, ABSOLUTE, COMPRESSED[0x000050f4])

    Execution Region ER_IROM1 (Exec base: 0x08000000, Load base: 0x08000000, Size: 0x00005028, Max: 0x00100000, ABSOLUTE)

    Exec Addr    Load Addr    Size         Type   Attr      Idx    E Section Name        Object

    0x08000000   0x08000000   0x00000188   Data   RO         2953    RESET               startup_stm32f407xx.o
    0x08000188   0x08000188   0x00000000   Code   RO         3362  * .ARM.Collect$$$$00000000  mc_w.l(entry.o)
    0x08000188   0x08000188   0x00000004   Code   RO         3463    .ARM.Collect$$$$00000001  mc_w.l(entry2.o)
    0x0800018c   0x0800018c   0x00000004   Code   RO         3466    .ARM.Collect$$$$00000004  mc_w.l(entry5.o)
    0x08000190   0x08000190   0x00000000   Code   RO         3468    .ARM.Collect$$$$00000008  mc_w.l(entry7b.o)
    0x08000190   0x08000190   0x00000000   Code   RO         3470    .ARM.Collect$$$$0000000A  mc_w.l(entry8b.o)
    0x08000190   0x08000190   0x00000008   Code   RO         3471    .ARM.Collect$$$$0000000B  mc_w.l(entry9a.o)
    0x08000198   0x08000198   0x00000000   Code   RO         3473    .ARM.Collect$$$$0000000D  mc_w.l(entry10a.o)
    0x08000198   0x08000198   0x00000000   Code   RO         3475    .ARM.Collect$$$$0000000F  mc_w.l(entry11a.o)
    0x08000198   0x08000198   0x00000004   Code   RO         3464    .ARM.Collect$$$$00002712  mc_w.l(entry2.o)
    0x0800019c   0x0800019c   0x00000024   Code   RO         2954    .text               startup_stm32f407xx.o
    0x080001c0   0x080001c0   0x00000062   Code   RO         3365    .text               mc_w.l(uldiv.o)
    0x08000222   0x08000222   0x00000024   Code   RO         3367    .text               mc_w.l(memcpya.o)
    0x08000246   0x08000246   0x0000014e   Code   RO         3399    .text               mf_w.l(dadd.o)
    0x08000394   0x08000394   0x000000e4   Code   RO         3401    .text               mf_w.l(dmul.o)
    0x08000478   0x08000478   0x000000de   Code   RO         3403    .text               mf_w.l(ddiv.o)
    0x08000556   0x08000556   0x00000026   Code   RO         3405    .text               mf_w.l(f2d.o)
    0x0800057c   0x0800057c   0x00000038   Code   RO         3407    .text               mf_w.l(d2f.o)
    0x080005b4   0x080005b4   0x0000001e   Code   RO         3477    .text               mc_w.l(llshl.o)
    0x080005d2   0x080005d2   0x00000020   Code   RO         3479    .text               mc_w.l(llushr.o)
    0x080005f2   0x080005f2   0x00000024   Code   RO         3481    .text               mc_w.l(llsshr.o)
    0x08000616   0x08000616   0x00000000   Code   RO         3492    .text               mc_w.l(iusefp.o)
    0x08000616   0x08000616   0x0000006e   Code   RO         3493    .text               mf_w.l(fepilogue.o)
    0x08000684   0x08000684   0x000000ba   Code   RO         3495    .text               mf_w.l(depilogue.o)
    0x0800073e   0x0800073e   0x000000a2   Code   RO         3499    .text               mf_w.l(dsqrt.o)
    0x080007e0   0x080007e0   0x00000024   Code   RO         3513    .text               mc_w.l(init.o)
    0x08000804   0x08000804   0x00000022   Code   RO         3515    .text               mf_w.l(dflti.o)
    0x08000826   0x08000826   0x0000001a   Code   RO         3517    .text               mf_w.l(dfltui.o)
    0x08000840   0x08000840   0x0000003e   Code   RO         3519    .text               mf_w.l(dfixi.o)
    0x0800087e   0x0800087e   0x00000056   Code   RO         3529    .text               mc_w.l(__dczerorl2.o)
    0x080008d4   0x080008d4   0x0000001c   Code   RO          977    i.HAL_Delay         stm32f4xx_hal.o
    0x080008f0   0x080008f0   0x000001b0   Code   RO          309    i.HAL_GPIO_Init     stm32f4xx_hal_gpio.o
    0x08000aa0   0x08000aa0   0x00000008   Code   RO          312    i.HAL_GPIO_TogglePin  stm32f4xx_hal_gpio.o
    0x08000aa8   0x08000aa8   0x0000000c   Code   RO          983    i.HAL_GetTick       stm32f4xx_hal.o
    0x08000ab4   0x08000ab4   0x00000006   Code   RO         1251    i.HAL_I2C_GetState  stm32f4xx_hal_i2c.o
    0x08000aba   0x08000aba   0x00000002   PAD
    0x08000abc   0x08000abc   0x00000108   Code   RO         1252    i.HAL_I2C_Init      stm32f4xx_hal_i2c.o
    0x08000bc4   0x08000bc4   0x000001e8   Code   RO         1258    i.HAL_I2C_Master_Receive  stm32f4xx_hal_i2c.o
    0x08000dac   0x08000dac   0x00000138   Code   RO         1263    i.HAL_I2C_Master_Transmit  stm32f4xx_hal_i2c.o
    0x08000ee4   0x08000ee4   0x0000004c   Code   RO         2877    i.HAL_I2C_MspInit   stm32f4xx_hal_msp.o
    0x08000f30   0x08000f30   0x00000010   Code   RO          985    i.HAL_IncTick       stm32f4xx_hal.o
    0x08000f40   0x08000f40   0x00000034   Code   RO          986    i.HAL_Init          stm32f4xx_hal.o
    0x08000f74   0x08000f74   0x00000028   Code   RO          987    i.HAL_InitTick      stm32f4xx_hal.o
    0x08000f9c   0x08000f9c   0x00000068   Code   RO         2878    i.HAL_MspInit       stm32f4xx_hal_msp.o
    0x08001004   0x08001004   0x00000016   Code   RO          377    i.HAL_NVIC_EnableIRQ  stm32f4xx_hal_cortex.o
    0x0800101a   0x0800101a   0x00000002   PAD
    0x0800101c   0x0800101c   0x00000040   Code   RO          383    i.HAL_NVIC_SetPriority  stm32f4xx_hal_cortex.o
    0x0800105c   0x0800105c   0x00000024   Code   RO          384    i.HAL_NVIC_SetPriorityGrouping  stm32f4xx_hal_cortex.o
    0x08001080   0x08001080   0x00000008   Code   RO         1859    i.HAL_PCDEx_SetRxFiFo  stm32f4xx_hal_pcd_ex.o
    0x08001088   0x08001088   0x00000044   Code   RO         1860    i.HAL_PCDEx_SetTxFiFo  stm32f4xx_hal_pcd_ex.o
    0x080010cc   0x080010cc   0x00000008   Code   RO         2687    i.HAL_PCD_ConnectCallback  usbd_conf.o
    0x080010d4   0x080010d4   0x00000012   Code   RO         2688    i.HAL_PCD_DataInStageCallback  usbd_conf.o
    0x080010e6   0x080010e6   0x00000014   Code   RO         2689    i.HAL_PCD_DataOutStageCallback  usbd_conf.o
    0x080010fa   0x080010fa   0x00000008   Code   RO         2690    i.HAL_PCD_DisconnectCallback  usbd_conf.o
    0x08001102   0x08001102   0x00000044   Code   RO         1898    i.HAL_PCD_EP_Close  stm32f4xx_hal_pcd.o
    0x08001146   0x08001146   0x00000050   Code   RO         1899    i.HAL_PCD_EP_ClrStall  stm32f4xx_hal_pcd.o
    0x08001196   0x08001196   0x00000054   Code   RO         1902    i.HAL_PCD_EP_Open   stm32f4xx_hal_pcd.o
    0x080011ea   0x080011ea   0x00000048   Code   RO         1903    i.HAL_PCD_EP_Receive  stm32f4xx_hal_pcd.o
    0x08001232   0x08001232   0x00000060   Code   RO         1904    i.HAL_PCD_EP_SetStall  stm32f4xx_hal_pcd.o
    0x08001292   0x08001292   0x00000040   Code   RO         1905    i.HAL_PCD_EP_Transmit  stm32f4xx_hal_pcd.o
    0x080012d2   0x080012d2   0x00000002   PAD
    0x080012d4   0x080012d4   0x000004f4   Code   RO         1907    i.HAL_PCD_IRQHandler  stm32f4xx_hal_pcd.o
    0x080017c8   0x080017c8   0x00000008   Code   RO         2691    i.HAL_PCD_ISOINIncompleteCallback  usbd_conf.o
    0x080017d0   0x080017d0   0x00000008   Code   RO         2692    i.HAL_PCD_ISOOUTIncompleteCallback  usbd_conf.o
    0x080017d8   0x080017d8   0x000000be   Code   RO         1910    i.HAL_PCD_Init      stm32f4xx_hal_pcd.o
    0x08001896   0x08001896   0x00000002   PAD
    0x08001898   0x08001898   0x00000064   Code   RO         2694    i.HAL_PCD_MspInit   usbd_conf.o
    0x080018fc   0x080018fc   0x00000020   Code   RO         2695    i.HAL_PCD_ResetCallback  usbd_conf.o
    0x0800191c   0x0800191c   0x00000008   Code   RO         2696    i.HAL_PCD_ResumeCallback  usbd_conf.o
    0x08001924   0x08001924   0x00000008   Code   RO         2697    i.HAL_PCD_SOFCallback  usbd_conf.o
    0x0800192c   0x0800192c   0x00000024   Code   RO         1916    i.HAL_PCD_SetAddress  stm32f4xx_hal_pcd.o
    0x08001950   0x08001950   0x0000000e   Code   RO         2698    i.HAL_PCD_SetupStageCallback  usbd_conf.o
    0x0800195e   0x0800195e   0x0000002a   Code   RO         1918    i.HAL_PCD_Start     stm32f4xx_hal_pcd.o
    0x08001988   0x08001988   0x00000030   Code   RO         2699    i.HAL_PCD_SuspendCallback  usbd_conf.o
    0x080019b8   0x080019b8   0x00000130   Code   RO          128    i.HAL_RCC_ClockConfig  stm32f4xx_hal_rcc.o
    0x08001ae8   0x08001ae8   0x0000000c   Code   RO          133    i.HAL_RCC_GetHCLKFreq  stm32f4xx_hal_rcc.o
    0x08001af4   0x08001af4   0x00000020   Code   RO          135    i.HAL_RCC_GetPCLK1Freq  stm32f4xx_hal_rcc.o
    0x08001b14   0x08001b14   0x00000020   Code   RO          136    i.HAL_RCC_GetPCLK2Freq  stm32f4xx_hal_rcc.o
    0x08001b34   0x08001b34   0x00000060   Code   RO          137    i.HAL_RCC_GetSysClockFreq  stm32f4xx_hal_rcc.o
    0x08001b94   0x08001b94   0x000002f0   Code   RO          140    i.HAL_RCC_OscConfig  stm32f4xx_hal_rcc.o
    0x08001e84   0x08001e84   0x00000018   Code   RO          386    i.HAL_SYSTICK_CLKSourceConfig  stm32f4xx_hal_cortex.o
    0x08001e9c   0x08001e9c   0x00000002   Code   RO          387    i.HAL_SYSTICK_Callback  stm32f4xx_hal_cortex.o
    0x08001e9e   0x08001e9e   0x00000028   Code   RO          388    i.HAL_SYSTICK_Config  stm32f4xx_hal_cortex.o
    0x08001ec6   0x08001ec6   0x00000008   Code   RO          389    i.HAL_SYSTICK_IRQHandler  stm32f4xx_hal_cortex.o
    0x08001ece   0x08001ece   0x00000062   Code   RO         2129    i.HAL_UART_Init     stm32f4xx_hal_uart.o
    0x08001f30   0x08001f30   0x0000004c   Code   RO         2880    i.HAL_UART_MspInit  stm32f4xx_hal_msp.o
    0x08001f7c   0x08001f7c   0x00000028   Code   RO         1290    i.I2C_IsAcknowledgeFailed  stm32f4xx_hal_i2c.o
    0x08001fa4   0x08001fa4   0x000000de   Code   RO         1293    i.I2C_MasterRequestRead  stm32f4xx_hal_i2c.o
    0x08002082   0x08002082   0x00000002   PAD
    0x08002084   0x08002084   0x00000094   Code   RO         1294    i.I2C_MasterRequestWrite  stm32f4xx_hal_i2c.o
    0x08002118   0x08002118   0x0000004e   Code   RO         1303    i.I2C_WaitOnBTFFlagUntilTimeout  stm32f4xx_hal_i2c.o
    0x08002166   0x08002166   0x00000060   Code   RO         1304    i.I2C_WaitOnFlagUntilTimeout  stm32f4xx_hal_i2c.o
    0x080021c6   0x080021c6   0x00000002   PAD
    0x080021c8   0x080021c8   0x00000088   Code   RO         1305    i.I2C_WaitOnMasterAddressFlagUntilTimeout  stm32f4xx_hal_i2c.o
    0x08002250   0x08002250   0x00000062   Code   RO         1306    i.I2C_WaitOnRXNEFlagUntilTimeout  stm32f4xx_hal_i2c.o
    0x080022b2   0x080022b2   0x0000004e   Code   RO         1307    i.I2C_WaitOnTXEFlagUntilTimeout  stm32f4xx_hal_i2c.o
    0x08002300   0x08002300   0x00000038   Code   RO         2609    i.MX_I2C1_Init      main.o
    0x08002338   0x08002338   0x0000002c   Code   RO         2430    i.MX_USB_DEVICE_Init  usb_device.o
    0x08002364   0x08002364   0x000002a4   Code   RO         2922    i.MadgwickAHRSupdateIMU  madgwickahrs.o
    0x08002608   0x08002608   0x00000020   Code   RO          390    i.NVIC_SetPriority  stm32f4xx_hal_cortex.o
    0x08002628   0x08002628   0x0000000c   Code   RO         2489    i.OTG_FS_IRQHandler  stm32f4xx_it.o
    0x08002634   0x08002634   0x00000088   Code   RO         1921    i.PCD_WriteEmptyTxFifo  stm32f4xx_hal_pcd.o
    0x080026bc   0x080026bc   0x00000002   Code   RO         2490    i.PendSV_Handler    stm32f4xx_it.o
    0x080026be   0x080026be   0x00000002   Code   RO         2491    i.RCC_IRQHandler    stm32f4xx_it.o
    0x080026c0   0x080026c0   0x00000002   Code   RO         2492    i.SVC_Handler       stm32f4xx_it.o
    0x080026c2   0x080026c2   0x0000000e   Code   RO         2493    i.SysTick_Handler   stm32f4xx_it.o
    0x080026d0   0x080026d0   0x00000098   Code   RO         2610    i.SystemClock_Config  main.o
    0x08002768   0x08002768   0x00000054   Code   RO         3292    i.SystemInit        system_stm32f4xx.o
    0x080027bc   0x080027bc   0x000002ac   Code   RO         2155    i.UART_SetConfig    stm32f4xx_hal_uart.o
    0x08002a68   0x08002a68   0x0000000e   Code   RO         3086    i.USBD_ClrClassConfig  usbd_core.o
    0x08002a76   0x08002a76   0x00000010   Code   RO         3026    i.USBD_CtlContinueRx  usbd_ioreq.o
    0x08002a86   0x08002a86   0x00000010   Code   RO         3027    i.USBD_CtlContinueSendData  usbd_ioreq.o
    0x08002a96   0x08002a96   0x00000016   Code   RO         2961    i.USBD_CtlError     usbd_ctlreq.o
    0x08002aac   0x08002aac   0x00000016   Code   RO         3029    i.USBD_CtlReceiveStatus  usbd_ioreq.o
    0x08002ac2   0x08002ac2   0x0000001a   Code   RO         3030    i.USBD_CtlSendData  usbd_ioreq.o
    0x08002adc   0x08002adc   0x00000016   Code   RO         3031    i.USBD_CtlSendStatus  usbd_ioreq.o
    0x08002af2   0x08002af2   0x00000002   PAD
    0x08002af4   0x08002af4   0x00000020   Code   RO         2541    i.USBD_FS_ConfigStrDescriptor  usbd_desc.o
    0x08002b14   0x08002b14   0x0000000c   Code   RO         2542    i.USBD_FS_DeviceDescriptor  usbd_desc.o
    0x08002b20   0x08002b20   0x00000024   Code   RO         2543    i.USBD_FS_InterfaceStrDescriptor  usbd_desc.o
    0x08002b44   0x08002b44   0x0000000c   Code   RO         2544    i.USBD_FS_LangIDStrDescriptor  usbd_desc.o
    0x08002b50   0x08002b50   0x00000028   Code   RO         2545    i.USBD_FS_ManufacturerStrDescriptor  usbd_desc.o
    0x08002b78   0x08002b78   0x0000002c   Code   RO         2546    i.USBD_FS_ProductStrDescriptor  usbd_desc.o
    0x08002ba4   0x08002ba4   0x00000024   Code   RO         2547    i.USBD_FS_SerialStrDescriptor  usbd_desc.o
    0x08002bc8   0x08002bc8   0x000000e0   Code   RO         2962    i.USBD_GetDescriptor  usbd_ctlreq.o
    0x08002ca8   0x08002ca8   0x00000046   Code   RO         2963    i.USBD_GetString    usbd_ctlreq.o
    0x08002cee   0x08002cee   0x0000000c   Code   RO         3224    i.USBD_HID_DataIn   usbd_hid.o
    0x08002cfa   0x08002cfa   0x0000001e   Code   RO         3225    i.USBD_HID_DeInit   usbd_hid.o
    0x08002d18   0x08002d18   0x0000000c   Code   RO         3226    i.USBD_HID_GetCfgDesc  usbd_hid.o
    0x08002d24   0x08002d24   0x0000000c   Code   RO         3227    i.USBD_HID_GetDeviceQualifierDesc  usbd_hid.o
    0x08002d30   0x08002d30   0x00000028   Code   RO         3229    i.USBD_HID_Init     usbd_hid.o
    0x08002d58   0x08002d58   0x000000a0   Code   RO         3231    i.USBD_HID_Setup    usbd_hid.o
    0x08002df8   0x08002df8   0x0000002a   Code   RO         3088    i.USBD_Init         usbd_core.o
    0x08002e22   0x08002e22   0x00000020   Code   RO         2700    i.USBD_LL_ClearStallEP  usbd_conf.o
    0x08002e42   0x08002e42   0x00000020   Code   RO         2701    i.USBD_LL_CloseEP   usbd_conf.o
    0x08002e62   0x08002e62   0x000000aa   Code   RO         3089    i.USBD_LL_DataInStage  usbd_core.o
    0x08002f0c   0x08002f0c   0x0000006a   Code   RO         3090    i.USBD_LL_DataOutStage  usbd_core.o
    0x08002f76   0x08002f76   0x00000004   Code   RO         3091    i.USBD_LL_DevConnected  usbd_core.o
    0x08002f7a   0x08002f7a   0x00000016   Code   RO         3092    i.USBD_LL_DevDisconnected  usbd_core.o
    0x08002f90   0x08002f90   0x0000007c   Code   RO         2706    i.USBD_LL_Init      usbd_conf.o
    0x0800300c   0x0800300c   0x00000020   Code   RO         2707    i.USBD_LL_IsStallEP  usbd_conf.o
    0x0800302c   0x0800302c   0x00000004   Code   RO         3093    i.USBD_LL_IsoINIncomplete  usbd_core.o
    0x08003030   0x08003030   0x00000004   Code   RO         3094    i.USBD_LL_IsoOUTIncomplete  usbd_core.o
    0x08003034   0x08003034   0x00000026   Code   RO         2708    i.USBD_LL_OpenEP    usbd_conf.o
    0x0800305a   0x0800305a   0x00000020   Code   RO         2709    i.USBD_LL_PrepareReceive  usbd_conf.o
    0x0800307a   0x0800307a   0x0000003e   Code   RO         3095    i.USBD_LL_Reset     usbd_core.o
    0x080030b8   0x080030b8   0x0000000c   Code   RO         3096    i.USBD_LL_Resume    usbd_core.o
    0x080030c4   0x080030c4   0x00000018   Code   RO         3097    i.USBD_LL_SOF       usbd_core.o
    0x080030dc   0x080030dc   0x00000006   Code   RO         3098    i.USBD_LL_SetSpeed  usbd_core.o
    0x080030e2   0x080030e2   0x00000020   Code   RO         2710    i.USBD_LL_SetUSBAddress  usbd_conf.o
    0x08003102   0x08003102   0x0000005a   Code   RO         3099    i.USBD_LL_SetupStage  usbd_core.o
    0x0800315c   0x0800315c   0x00000020   Code   RO         2711    i.USBD_LL_StallEP   usbd_conf.o
    0x0800317c   0x0800317c   0x00000020   Code   RO         2712    i.USBD_LL_Start     usbd_conf.o
    0x0800319c   0x0800319c   0x00000012   Code   RO         3100    i.USBD_LL_Suspend   usbd_core.o
    0x080031ae   0x080031ae   0x00000020   Code   RO         2714    i.USBD_LL_Transmit  usbd_conf.o
    0x080031ce   0x080031ce   0x00000028   Code   RO         2964    i.USBD_ParseSetupRequest  usbd_ctlreq.o
    0x080031f6   0x080031f6   0x00000010   Code   RO         3101    i.USBD_RegisterClass  usbd_core.o
    0x08003206   0x08003206   0x00000016   Code   RO         3103    i.USBD_SetClassConfig  usbd_core.o
    0x0800321c   0x0800321c   0x00000074   Code   RO         2965    i.USBD_SetConfig    usbd_ctlreq.o
    0x08003290   0x08003290   0x0000000a   Code   RO         3104    i.USBD_Start        usbd_core.o
    0x0800329a   0x0800329a   0x000000f2   Code   RO         2966    i.USBD_StdDevReq    usbd_ctlreq.o
    0x0800338c   0x0800338c   0x000000dc   Code   RO         2967    i.USBD_StdEPReq     usbd_ctlreq.o
    0x08003468   0x08003468   0x00000034   Code   RO         2968    i.USBD_StdItfReq    usbd_ctlreq.o
    0x0800349c   0x0800349c   0x00000080   Code   RO          670    i.USB_ActivateEndpoint  stm32f4xx_ll_usb.o
    0x0800351c   0x0800351c   0x00000034   Code   RO          671    i.USB_ActivateSetup  stm32f4xx_ll_usb.o
    0x08003550   0x08003550   0x0000006c   Code   RO          673    i.USB_CoreInit      stm32f4xx_ll_usb.o
    0x080035bc   0x080035bc   0x00000038   Code   RO          674    i.USB_CoreReset     stm32f4xx_ll_usb.o
    0x080035f4   0x080035f4   0x000000c8   Code   RO          676    i.USB_DeactivateEndpoint  stm32f4xx_ll_usb.o
    0x080036bc   0x080036bc   0x00000018   Code   RO          677    i.USB_DevConnect    stm32f4xx_ll_usb.o
    0x080036d4   0x080036d4   0x00000018   Code   RO          678    i.USB_DevDisconnect  stm32f4xx_ll_usb.o
    0x080036ec   0x080036ec   0x00000140   Code   RO          679    i.USB_DevInit       stm32f4xx_ll_usb.o
    0x0800382c   0x0800382c   0x0000000c   Code   RO          680    i.USB_DisableGlobalInt  stm32f4xx_ll_usb.o
    0x08003838   0x08003838   0x00000140   Code   RO          683    i.USB_EP0StartXfer  stm32f4xx_ll_usb.o
    0x08003978   0x08003978   0x0000003e   Code   RO          684    i.USB_EP0_OutStart  stm32f4xx_ll_usb.o
    0x080039b6   0x080039b6   0x00000064   Code   RO          685    i.USB_EPClearStall  stm32f4xx_ll_usb.o
    0x08003a1a   0x08003a1a   0x0000005e   Code   RO          686    i.USB_EPSetStall    stm32f4xx_ll_usb.o
    0x08003a78   0x08003a78   0x0000021c   Code   RO          687    i.USB_EPStartXfer   stm32f4xx_ll_usb.o
    0x08003c94   0x08003c94   0x0000000c   Code   RO          688    i.USB_EnableGlobalInt  stm32f4xx_ll_usb.o
    0x08003ca0   0x08003ca0   0x00000020   Code   RO          689    i.USB_FlushRxFifo   stm32f4xx_ll_usb.o
    0x08003cc0   0x08003cc0   0x00000024   Code   RO          690    i.USB_FlushTxFifo   stm32f4xx_ll_usb.o
    0x08003ce4   0x08003ce4   0x0000003c   Code   RO          692    i.USB_GetDevSpeed   stm32f4xx_ll_usb.o
    0x08003d20   0x08003d20   0x00000008   Code   RO          694    i.USB_GetMode       stm32f4xx_ll_usb.o
    0x08003d28   0x08003d28   0x0000000e   Code   RO          701    i.USB_ReadDevAllInEpInterrupt  stm32f4xx_ll_usb.o
    0x08003d36   0x08003d36   0x0000000e   Code   RO          702    i.USB_ReadDevAllOutEpInterrupt  stm32f4xx_ll_usb.o
    0x08003d44   0x08003d44   0x0000001e   Code   RO          703    i.USB_ReadDevInEPInterrupt  stm32f4xx_ll_usb.o
    0x08003d62   0x08003d62   0x00000010   Code   RO          704    i.USB_ReadDevOutEPInterrupt  stm32f4xx_ll_usb.o
    0x08003d72   0x08003d72   0x00000008   Code   RO          705    i.USB_ReadInterrupts  stm32f4xx_ll_usb.o
    0x08003d7a   0x08003d7a   0x00000020   Code   RO          706    i.USB_ReadPacket    stm32f4xx_ll_usb.o
    0x08003d9a   0x08003d9a   0x0000002c   Code   RO          708    i.USB_SetCurrentMode  stm32f4xx_ll_usb.o
    0x08003dc6   0x08003dc6   0x00000022   Code   RO          709    i.USB_SetDevAddress  stm32f4xx_ll_usb.o
    0x08003de8   0x08003de8   0x00000028   Code   RO          713    i.USB_WritePacket   stm32f4xx_ll_usb.o
    0x08003e10   0x08003e10   0x00000002   Code   RO         2611    i._Error_Handler    main.o
    0x08003e12   0x08003e12   0x00000030   Code   RO         3509    i.__ARM_fpclassify  m_wm.l(fpclassify.o)
    0x08003e42   0x08003e42   0x00000002   PAD
    0x08003e44   0x08003e44   0x00000118   Code   RO         3326    i.__hardfp_acosf    m_wm.l(acosf.o)
    0x08003f5c   0x08003f5c   0x00000004   PAD
    0x08003f60   0x08003f60   0x000000c8   Code   RO         3338    i.__hardfp_sin      m_wm.l(sin.o)
    0x08004028   0x08004028   0x0000007a   Code   RO         3350    i.__hardfp_sqrt     m_wm.l(sqrt.o)
    0x080040a2   0x080040a2   0x00000006   PAD
    0x080040a8   0x080040a8   0x00000438   Code   RO         3440    i.__ieee754_rem_pio2  m_wm.l(rred.o)
    0x080044e0   0x080044e0   0x00000170   Code   RO         3409    i.__kernel_cos      m_wm.l(cos_i.o)
    0x08004650   0x08004650   0x000000f8   Code   RO         3511    i.__kernel_poly     m_wm.l(poly.o)
    0x08004748   0x08004748   0x00000130   Code   RO         3445    i.__kernel_sin      m_wm.l(sin_i.o)
    0x08004878   0x08004878   0x00000014   Code   RO         3413    i.__mathlib_dbl_infnan  m_wm.l(dunder.o)
    0x0800488c   0x0800488c   0x00000004   PAD
    0x08004890   0x08004890   0x00000020   Code   RO         3415    i.__mathlib_dbl_invalid  m_wm.l(dunder.o)
    0x080048b0   0x080048b0   0x00000020   Code   RO         3418    i.__mathlib_dbl_underflow  m_wm.l(dunder.o)
    0x080048d0   0x080048d0   0x00000006   Code   RO         3427    i.__mathlib_flt_infnan  m_wm.l(funder.o)
    0x080048d6   0x080048d6   0x00000002   PAD
    0x080048d8   0x080048d8   0x00000010   Code   RO         3429    i.__mathlib_flt_invalid  m_wm.l(funder.o)
    0x080048e8   0x080048e8   0x0000000e   Code   RO         3523    i.__scatterload_copy  mc_w.l(handlers.o)
    0x080048f6   0x080048f6   0x00000002   Code   RO         3524    i.__scatterload_null  mc_w.l(handlers.o)
    0x080048f8   0x080048f8   0x0000000e   Code   RO         3525    i.__scatterload_zeroinit  mc_w.l(handlers.o)
    0x08004906   0x08004906   0x00000002   PAD
    0x08004908   0x08004908   0x0000000c   Code   RO         3487    i.__set_errno       mc_w.l(errno.o)
    0x08004914   0x08004914   0x00000018   Code   RO         3505    i.fabs              m_wm.l(fabs.o)
    0x0800492c   0x0800492c   0x00000050   Code   RO         3371    i.free              mc_w.l(malloc.o)
    0x0800497c   0x0800497c   0x0000002c   Code   RO         2923    i.invSqrt           madgwickahrs.o
    0x080049a8   0x080049a8   0x00000398   Code   RO         2612    i.main              main.o
    0x08004d40   0x08004d40   0x0000006c   Code   RO         3372    i.malloc            mc_w.l(malloc.o)
    0x08004dac   0x08004dac   0x00000078   Code   RO         2613    i.read_mpu_6050_data  main.o
    0x08004e24   0x08004e24   0x0000006c   Code   RO         2614    i.set_MPU6050_registers  main.o
    0x08004e90   0x08004e90   0x0000003e   Code   RO         3453    i.sqrtf             m_wm.l(sqrtf.o)
    0x08004ece   0x08004ece   0x00000010   Data   RO         3293    .constdata          system_stm32f4xx.o
    0x08004ede   0x08004ede   0x00000008   Data   RO         3294    .constdata          system_stm32f4xx.o
    0x08004ee6   0x08004ee6   0x00000002   PAD
    0x08004ee8   0x08004ee8   0x00000030   Data   RO         3410    .constdata          m_wm.l(cos_i.o)
    0x08004f18   0x08004f18   0x000000c8   Data   RO         3442    .constdata          m_wm.l(rred.o)
    0x08004fe0   0x08004fe0   0x00000028   Data   RO         3446    .constdata          m_wm.l(sin_i.o)
    0x08005008   0x08005008   0x00000020   Data   RO         3521    Region$$Table       anon$$obj.o


    Execution Region RW_IRAM1 (Exec base: 0x20000000, Load base: 0x08005028, Size: 0x00001020, Max: 0x00020000, ABSOLUTE, COMPRESSED[0x000000cc])

    Exec Addr    Load Addr    Size         Type   Attr      Idx    E Section Name        Object

    0x20000000   COMPRESSED   0x00000004   Data   RW          992    .data               stm32f4xx_hal.o
    0x20000004   COMPRESSED   0x0000001c   Data   RW         2549    .data               usbd_desc.o
    0x20000020   COMPRESSED   0x00000016   Data   RW         2550    .data               usbd_desc.o
    0x20000036   COMPRESSED   0x00000002   PAD
    0x20000038   COMPRESSED   0x00000054   Data   RW         2616    .data               main.o
    0x2000008c   COMPRESSED   0x00000014   Data   RW         2924    .data               madgwickahrs.o
    0x200000a0   COMPRESSED   0x00000001   Data   RW         2969    .data               usbd_ctlreq.o
    0x200000a1   COMPRESSED   0x00000003   PAD
    0x200000a4   COMPRESSED   0x00000038   Data   RW         3232    .data               usbd_hid.o
    0x200000dc   COMPRESSED   0x00000086   Data   RW         3233    .data               usbd_hid.o
    0x20000162   COMPRESSED   0x00000002   PAD
    0x20000164   COMPRESSED   0x00000004   Data   RW         3295    .data               system_stm32f4xx.o
    0x20000168   COMPRESSED   0x00000004   Data   RW         3483    .data               mc_w.l(mvars.o)
    0x2000016c   COMPRESSED   0x00000004   Data   RW         3484    .data               mc_w.l(mvars.o)
    0x20000170   COMPRESSED   0x00000004   Data   RW         3488    .data               mc_w.l(errno.o)
    0x20000174        -       0x00000224   Zero   RW         2431    .bss                usb_device.o
    0x20000398        -       0x00000200   Zero   RW         2548    .bss                usbd_desc.o
    0x20000598        -       0x00000094   Zero   RW         2615    .bss                main.o
    0x2000062c        -       0x000003f0   Zero   RW         2715    .bss                usbd_conf.o
    0x20000a1c   COMPRESSED   0x00000004   PAD
    0x20000a20        -       0x00000200   Zero   RW         2952    HEAP                startup_stm32f407xx.o
    0x20000c20        -       0x00000400   Zero   RW         2951    STACK               startup_stm32f407xx.o


==============================================================================

Image component sizes


      Code (inc. data)   RO Data    RW Data    ZI Data      Debug   Object Name

       720         12          0         20          0       2741   madgwickahrs.o
      1358        110          0         84        148       6245   main.o
        36          8        392          0       1536        844   startup_stm32f407xx.o
       148         22          0          4          0       4683   stm32f4xx_hal.o
       228         14          0          0          0      32509   stm32f4xx_hal_cortex.o
       440         44          0          0          0       2497   stm32f4xx_hal_gpio.o
      1966         38          0          0          0      13657   stm32f4xx_hal_i2c.o
       256         28          0          0          0       2335   stm32f4xx_hal_msp.o
      2136         72          0          0          0      11197   stm32f4xx_hal_pcd.o
        76          0          0          0          0       1972   stm32f4xx_hal_pcd_ex.o
      1228         78          0          0          0       5820   stm32f4xx_hal_rcc.o
         0          0          0          0          0     662544   stm32f4xx_hal_tim.o
       782          8          0          0          0       2176   stm32f4xx_hal_uart.o
        32          6          0          0          0       2506   stm32f4xx_it.o
      2420         56          0          0          0      21580   stm32f4xx_ll_usb.o
        84         18         24          4          0       1279   system_stm32f4xx.o
        44         14          0          0        548       5204   usb_device.o
       698         38          0          0       1008      14902   usbd_conf.o
       626          0          0          0          0      12746   usbd_core.o
       986         30          0          1          0       8364   usbd_ctlreq.o
       212        116          0         50        512       5511   usbd_desc.o
       266         12          0        190          0       6427   usbd_hid.o
       102          0          0          0          0       4048   usbd_ioreq.o

    ----------------------------------------------------------------------
     14858        724        450        360       3756     831787   Object Totals
         0          0         32          0          0          0   (incl. Generated)
        14          0          2          7          4          0   (incl. Padding)

    ----------------------------------------------------------------------

      Code (inc. data)   RO Data    RW Data    ZI Data      Debug   Library Member Name

       280         46          0          0          0        176   acosf.o
       368         46         48          0          0        200   cos_i.o
        84         16          0          0          0        372   dunder.o
        24          0          0          0          0        124   fabs.o
        48          0          0          0          0        124   fpclassify.o
        22          6          0          0          0        232   funder.o
       248          0          0          0          0        152   poly.o
      1080        142        200          0          0        188   rred.o
       200         20          0          0          0        164   sin.o
       304         24         40          0          0        208   sin_i.o
       122          0          0          0          0        148   sqrt.o
        62          0          0          0          0        136   sqrtf.o
        86          0          0          0          0          0   __dczerorl2.o
         0          0          0          0          0          0   entry.o
         0          0          0          0          0          0   entry10a.o
         0          0          0          0          0          0   entry11a.o
         8          4          0          0          0          0   entry2.o
         4          0          0          0          0          0   entry5.o
         0          0          0          0          0          0   entry7b.o
         0          0          0          0          0          0   entry8b.o
         8          4          0          0          0          0   entry9a.o
        12          6          0          4          0         68   errno.o
        30          0          0          0          0          0   handlers.o
        36          8          0          0          0         68   init.o
         0          0          0          0          0          0   iusefp.o
        30          0          0          0          0         68   llshl.o
        36          0          0          0          0         68   llsshr.o
        32          0          0          0          0         68   llushr.o
       188         20          0          0          0        160   malloc.o
        36          0          0          0          0         68   memcpya.o
         0          0          0          8          0          0   mvars.o
        98          0          0          0          0         92   uldiv.o
        56          0          0          0          0         88   d2f.o
       334          0          0          0          0        148   dadd.o
       222          0          0          0          0        100   ddiv.o
       186          0          0          0          0        176   depilogue.o
        62          0          0          0          0         80   dfixi.o
        34          0          0          0          0         76   dflti.o
        26          0          0          0          0         76   dfltui.o
       228          0          0          0          0         96   dmul.o
       162          0          0          0          0        100   dsqrt.o
        38          0          0          0          0         68   f2d.o
       110          0          0          0          0        168   fepilogue.o

    ----------------------------------------------------------------------
      4924        346        288         12          0       4060   Library Totals
        20          4          0          0          0          0   (incl. Padding)

    ----------------------------------------------------------------------

      Code (inc. data)   RO Data    RW Data    ZI Data      Debug   Library Name

      2842        300        288          0          0       2224   m_wm.l
       604         42          0         12          0        660   mc_w.l
      1458          0          0          0          0       1176   mf_w.l

    ----------------------------------------------------------------------
      4924        346        288         12          0       4060   Library Totals

    ----------------------------------------------------------------------

==============================================================================


      Code (inc. data)   RO Data    RW Data    ZI Data      Debug   

     19782       1070        738        372       3756     818747   Grand Totals
     19782       1070        738        204       3756     818747   ELF Image Totals (compressed)
     19782       1070        738        204          0          0   ROM Totals

==============================================================================

    Total RO  Size (Code + RO Data)                20520 (  20.04kB)
    Total RW  Size (RW Data + ZI Data)              4128 (   4.03kB)
    Total ROM Size (Code + RO Data + RW Data)      20724 (  20.24kB)

==============================================================================

