Component: ARM Compiler 5.06 update 5 (build 528) Tool: armlink [4d35e2]

==============================================================================

Section Cross References

    startup_stm32f429xx.o(RESET) refers to startup_stm32f429xx.o(STACK) for __initial_sp
    startup_stm32f429xx.o(RESET) refers to startup_stm32f429xx.o(.text) for Reset_Handler
    startup_stm32f429xx.o(RESET) refers to port.o(.emb_text) for SVC_Handler
    startup_stm32f429xx.o(RESET) refers to stm32f4xx_it.o(i.SysTick_Handler) for SysTick_Handler
    startup_stm32f429xx.o(RESET) refers to stm32f4xx_it.o(i.RCC_IRQHandler) for RCC_IRQHandler
    startup_stm32f429xx.o(RESET) refers to stm32f4xx_it.o(i.TIM1_UP_TIM10_IRQHandler) for TIM1_UP_TIM10_IRQHandler
    startup_stm32f429xx.o(RESET) refers to stm32f4xx_it.o(i.USART2_IRQHandler) for USART2_IRQHandler
    startup_stm32f429xx.o(RESET) refers to stm32f4xx_it.o(i.OTG_FS_IRQHandler) for OTG_FS_IRQHandler
    startup_stm32f429xx.o(.text) refers to system_stm32f4xx.o(i.SystemInit) for SystemInit
    startup_stm32f429xx.o(.text) refers to entry.o(.ARM.Collect$$$$00000000) for __main
    system_stm32f4xx.o(i.SystemCoreClockUpdate) refers to system_stm32f4xx.o(.data) for .data
    system_stm32f4xx.o(i.SystemCoreClockUpdate) refers to system_stm32f4xx.o(.constdata) for .constdata
    stm32f4xx_hal_flash_ex.o(i.FLASH_OB_DisableWRP) refers to stm32f4xx_hal_flash.o(i.FLASH_WaitForLastOperation) for FLASH_WaitForLastOperation
    stm32f4xx_hal_flash_ex.o(i.FLASH_OB_EnableWRP) refers to stm32f4xx_hal_flash.o(i.FLASH_WaitForLastOperation) for FLASH_WaitForLastOperation
    stm32f4xx_hal_flash_ex.o(i.HAL_FLASHEx_AdvOBProgram) refers to stm32f4xx_hal_flash.o(i.FLASH_WaitForLastOperation) for FLASH_WaitForLastOperation
    stm32f4xx_hal_flash_ex.o(i.HAL_FLASHEx_Erase) refers to stm32f4xx_hal_flash.o(i.FLASH_WaitForLastOperation) for FLASH_WaitForLastOperation
    stm32f4xx_hal_flash_ex.o(i.HAL_FLASHEx_Erase) refers to stm32f4xx_hal_flash_ex.o(i.FLASH_MassErase) for FLASH_MassErase
    stm32f4xx_hal_flash_ex.o(i.HAL_FLASHEx_Erase) refers to stm32f4xx_hal_flash_ex.o(i.FLASH_Erase_Sector) for FLASH_Erase_Sector
    stm32f4xx_hal_flash_ex.o(i.HAL_FLASHEx_Erase) refers to stm32f4xx_hal_flash_ex.o(i.FLASH_FlushCaches) for FLASH_FlushCaches
    stm32f4xx_hal_flash_ex.o(i.HAL_FLASHEx_Erase) refers to stm32f4xx_hal_flash.o(.bss) for pFlash
    stm32f4xx_hal_flash_ex.o(i.HAL_FLASHEx_Erase_IT) refers to stm32f4xx_hal_flash_ex.o(i.FLASH_Erase_Sector) for FLASH_Erase_Sector
    stm32f4xx_hal_flash_ex.o(i.HAL_FLASHEx_Erase_IT) refers to stm32f4xx_hal_flash_ex.o(i.FLASH_MassErase) for FLASH_MassErase
    stm32f4xx_hal_flash_ex.o(i.HAL_FLASHEx_Erase_IT) refers to stm32f4xx_hal_flash.o(.bss) for pFlash
    stm32f4xx_hal_flash_ex.o(i.HAL_FLASHEx_OBProgram) refers to stm32f4xx_hal_flash_ex.o(i.FLASH_OB_DisableWRP) for FLASH_OB_DisableWRP
    stm32f4xx_hal_flash_ex.o(i.HAL_FLASHEx_OBProgram) refers to stm32f4xx_hal_flash.o(i.FLASH_WaitForLastOperation) for FLASH_WaitForLastOperation
    stm32f4xx_hal_flash_ex.o(i.HAL_FLASHEx_OBProgram) refers to stm32f4xx_hal_flash_ex.o(i.FLASH_OB_EnableWRP) for FLASH_OB_EnableWRP
    stm32f4xx_hal_flash_ex.o(i.HAL_FLASHEx_OBProgram) refers to stm32f4xx_hal_flash.o(.bss) for pFlash
    stm32f4xx_hal_gpio.o(i.HAL_GPIO_EXTI_IRQHandler) refers to stm32f4xx_hal_gpio.o(i.HAL_GPIO_EXTI_Callback) for HAL_GPIO_EXTI_Callback
    stm32f4xx_hal_pwr_ex.o(i.HAL_PWREx_ControlVoltageScaling) refers to stm32f4xx_hal.o(i.HAL_GetTick) for HAL_GetTick
    stm32f4xx_hal_pwr_ex.o(i.HAL_PWREx_DisableBkUpReg) refers to stm32f4xx_hal.o(i.HAL_GetTick) for HAL_GetTick
    stm32f4xx_hal_pwr_ex.o(i.HAL_PWREx_DisableOverDrive) refers to stm32f4xx_hal.o(i.HAL_GetTick) for HAL_GetTick
    stm32f4xx_hal_pwr_ex.o(i.HAL_PWREx_EnableBkUpReg) refers to stm32f4xx_hal.o(i.HAL_GetTick) for HAL_GetTick
    stm32f4xx_hal_pwr_ex.o(i.HAL_PWREx_EnableOverDrive) refers to stm32f4xx_hal.o(i.HAL_GetTick) for HAL_GetTick
    stm32f4xx_hal_dma_ex.o(i.HAL_DMAEx_MultiBufferStart) refers to stm32f4xx_hal_dma_ex.o(i.DMA_MultiBufferSetConfig) for DMA_MultiBufferSetConfig
    stm32f4xx_hal_dma_ex.o(i.HAL_DMAEx_MultiBufferStart_IT) refers to stm32f4xx_hal_dma_ex.o(i.DMA_MultiBufferSetConfig) for DMA_MultiBufferSetConfig
    stm32f4xx_hal_pwr.o(i.HAL_PWR_PVD_IRQHandler) refers to stm32f4xx_hal_pwr.o(i.HAL_PWR_PVDCallback) for HAL_PWR_PVDCallback
    stm32f4xx_hal_tim.o(i.HAL_TIM_Base_DeInit) refers to stm32f4xx_hal_tim.o(i.HAL_TIM_Base_MspDeInit) for HAL_TIM_Base_MspDeInit
    stm32f4xx_hal_tim.o(i.HAL_TIM_Base_Init) refers to stm32f4xx_hal_tim.o(i.HAL_TIM_Base_MspInit) for HAL_TIM_Base_MspInit
    stm32f4xx_hal_tim.o(i.HAL_TIM_Base_Init) refers to stm32f4xx_hal_tim.o(i.TIM_Base_SetConfig) for TIM_Base_SetConfig
    stm32f4xx_hal_tim.o(i.HAL_TIM_Base_Start_DMA) refers to stm32f4xx_hal_dma.o(i.HAL_DMA_Start_IT) for HAL_DMA_Start_IT
[...]
    i.USB_ReadDevOutEPInterrupt              0x08003f92   Section        0  stm32f4xx_ll_usb.o(i.USB_ReadDevOutEPInterrupt)
    i.USB_ReadInterrupts                     0x08003fa2   Section        0  stm32f4xx_ll_usb.o(i.USB_ReadInterrupts)
    i.USB_ReadPacket                         0x08003faa   Section        0  stm32f4xx_ll_usb.o(i.USB_ReadPacket)
    i.USB_SetCurrentMode                     0x08003fca   Section        0  stm32f4xx_ll_usb.o(i.USB_SetCurrentMode)
    i.USB_SetDevAddress                      0x08003ff6   Section        0  stm32f4xx_ll_usb.o(i.USB_SetDevAddress)
    i.USB_WritePacket                        0x08004018   Section        0  stm32f4xx_ll_usb.o(i.USB_WritePacket)
    i._Error_Handler                         0x08004040   Section        0  main.o(i._Error_Handler)
    i.__scatterload_copy                     0x08004042   Section       14  handlers.o(i.__scatterload_copy)
    i.__scatterload_null                     0x08004050   Section        2  handlers.o(i.__scatterload_null)
    i.__scatterload_zeroinit                 0x08004052   Section       14  handlers.o(i.__scatterload_zeroinit)
    i.free                                   0x08004060   Section        0  malloc.o(i.free)
    i.main                                   0x080040b0   Section        0  main.o(i.main)
    i.makeFreeRtosPriority                   0x0800415c   Section        0  cmsis_os.o(i.makeFreeRtosPriority)
    makeFreeRtosPriority                     0x0800415d   Thumb Code    12  cmsis_os.o(i.makeFreeRtosPriority)
    i.malloc                                 0x08004168   Section        0  malloc.o(i.malloc)
    i.mouse                                  0x080041d4   Section        0  main.o(i.mouse)
    i.osDelay                                0x0800427c   Section        0  cmsis_os.o(i.osDelay)
    i.osKernelStart                          0x0800428a   Section        0  cmsis_os.o(i.osKernelStart)
    i.osSystickHandler                       0x08004294   Section        0  cmsis_os.o(i.osSystickHandler)
    i.osThreadCreate                         0x080042a8   Section        0  cmsis_os.o(i.osThreadCreate)
    i.prvAddCurrentTaskToDelayedList         0x080042d8   Section        0  tasks.o(i.prvAddCurrentTaskToDelayedList)
    prvAddCurrentTaskToDelayedList           0x080042d9   Thumb Code   102  tasks.o(i.prvAddCurrentTaskToDelayedList)
    i.prvAddNewTaskToReadyList               0x08004348   Section        0  tasks.o(i.prvAddNewTaskToReadyList)
    prvAddNewTaskToReadyList                 0x08004349   Thumb Code   194  tasks.o(i.prvAddNewTaskToReadyList)
    i.prvCheckTasksWaitingTermination        0x08004418   Section        0  tasks.o(i.prvCheckTasksWaitingTermination)
    prvCheckTasksWaitingTermination          0x08004419   Thumb Code    70  tasks.o(i.prvCheckTasksWaitingTermination)
    i.prvCopyDataFromQueue                   0x08004468   Section        0  queue.o(i.prvCopyDataFromQueue)
    prvCopyDataFromQueue                     0x08004469   Thumb Code    38  queue.o(i.prvCopyDataFromQueue)
    i.prvCopyDataToQueue                     0x0800448e   Section        0  queue.o(i.prvCopyDataToQueue)
    prvCopyDataToQueue                       0x0800448f   Thumb Code   108  queue.o(i.prvCopyDataToQueue)
    i.prvDeleteTCB                           0x080044fa   Section        0  tasks.o(i.prvDeleteTCB)
    prvDeleteTCB                             0x080044fb   Thumb Code    20  tasks.o(i.prvDeleteTCB)
    i.prvHeapInit                            0x08004510   Section        0  heap_4.o(i.prvHeapInit)
    prvHeapInit                              0x08004511   Thumb Code    66  heap_4.o(i.prvHeapInit)
    i.prvIdleTask                            0x0800455c   Section        0  tasks.o(i.prvIdleTask)
    prvIdleTask                              0x0800455d   Thumb Code    30  tasks.o(i.prvIdleTask)
    i.prvInitialiseNewTask                   0x08004584   Section        0  tasks.o(i.prvInitialiseNewTask)
    prvInitialiseNewTask                     0x08004585   Thumb Code   142  tasks.o(i.prvInitialiseNewTask)
    i.prvInsertBlockIntoFreeList             0x08004614   Section        0  heap_4.o(i.prvInsertBlockIntoFreeList)
    prvInsertBlockIntoFreeList               0x08004615   Thumb Code    72  heap_4.o(i.prvInsertBlockIntoFreeList)
    i.prvIsQueueEmpty                        0x08004660   Section        0  queue.o(i.prvIsQueueEmpty)
    prvIsQueueEmpty                          0x08004661   Thumb Code    28  queue.o(i.prvIsQueueEmpty)
    i.prvResetNextTaskUnblockTime            0x0800467c   Section        0  tasks.o(i.prvResetNextTaskUnblockTime)
    prvResetNextTaskUnblockTime              0x0800467d   Thumb Code    26  tasks.o(i.prvResetNextTaskUnblockTime)
    i.prvTaskExitError                       0x0800469c   Section        0  port.o(i.prvTaskExitError)
    prvTaskExitError                         0x0800469d   Thumb Code    36  port.o(i.prvTaskExitError)
    i.prvUnlockQueue                         0x080046c4   Section        0  queue.o(i.prvUnlockQueue)
    prvUnlockQueue                           0x080046c5   Thumb Code   106  queue.o(i.prvUnlockQueue)
    i.pvPortMalloc                           0x08004730   Section        0  heap_4.o(i.pvPortMalloc)
    i.pvTaskIncrementMutexHeldCount          0x08004808   Section        0  tasks.o(i.pvTaskIncrementMutexHeldCount)
    i.pxPortInitialiseStack                  0x08004820   Section        0  port.o(i.pxPortInitialiseStack)
    i.read_mpu                               0x0800484c   Section        0  main.o(i.read_mpu)
    i.set_MPU6050_registers                  0x08004adc   Section        0  main.o(i.set_MPU6050_registers)
    i.uxListRemove                           0x08004b48   Section        0  list.o(i.uxListRemove)
    i.vListInitialise                        0x08004b6c   Section        0  list.o(i.vListInitialise)
    i.vListInitialiseItem                    0x08004b82   Section        0  list.o(i.vListInitialiseItem)
    i.vListInsert                            0x08004b88   Section        0  list.o(i.vListInsert)
    i.vListInsertEnd                         0x08004bb8   Section        0  list.o(i.vListInsertEnd)
    i.vPortEnterCritical                     0x08004bd0   Section        0  port.o(i.vPortEnterCritical)
    i.vPortExitCritical                      0x08004c10   Section        0  port.o(i.vPortExitCritical)
    i.vPortFree                              0x08004c38   Section        0  heap_4.o(i.vPortFree)
    i.vPortSetupTimerInterrupt               0x08004c94   Section        0  port.o(i.vPortSetupTimerInterrupt)
    i.vTaskDelay                             0x08004cb4   Section        0  tasks.o(i.vTaskDelay)
    i.vTaskMissedYield                       0x08004d00   Section        0  tasks.o(i.vTaskMissedYield)
    i.vTaskPlaceOnEventList                  0x08004d0c   Section        0  tasks.o(i.vTaskPlaceOnEventList)
    i.vTaskPriorityInherit                   0x08004d3c   Section        0  tasks.o(i.vTaskPriorityInherit)
    i.vTaskSetTimeOutState                   0x08004dc0   Section        0  tasks.o(i.vTaskSetTimeOutState)
    i.vTaskStartScheduler                    0x08004de4   Section        0  tasks.o(i.vTaskStartScheduler)
    i.vTaskSuspendAll                        0x08004e4c   Section        0  tasks.o(i.vTaskSuspendAll)
    i.vTaskSwitchContext                     0x08004e5c   Section        0  tasks.o(i.vTaskSwitchContext)
    i.xPortStartScheduler                    0x08004eb8   Section        0  port.o(i.xPortStartScheduler)
    i.xPortSysTickHandler                    0x08004f98   Section        0  port.o(i.xPortSysTickHandler)
    i.xQueueGenericCreate                    0x08004fc4   Section        0  queue.o(i.xQueueGenericCreate)
    i.xQueueGenericReceive                   0x0800500c   Section        0  queue.o(i.xQueueGenericReceive)
    i.xQueueGenericReset                     0x08005178   Section        0  queue.o(i.xQueueGenericReset)
    i.xQueueGenericSend                      0x08005200   Section        0  queue.o(i.xQueueGenericSend)
    i.xTaskCheckForTimeOut                   0x08005360   Section        0  tasks.o(i.xTaskCheckForTimeOut)
    i.xTaskCreate                            0x080053cc   Section        0  tasks.o(i.xTaskCreate)
    i.xTaskGetSchedulerState                 0x08005424   Section        0  tasks.o(i.xTaskGetSchedulerState)
    i.xTaskIncrementTick                     0x08005440   Section        0  tasks.o(i.xTaskIncrementTick)
    i.xTaskPriorityDisinherit                0x08005508   Section        0  tasks.o(i.xTaskPriorityDisinherit)
    i.xTaskRemoveFromEventList               0x080055a0   Section        0  tasks.o(i.xTaskRemoveFromEventList)
    i.xTaskResumeAll                         0x08005614   Section        0  tasks.o(i.xTaskResumeAll)
    .constdata                               0x080056d8   Section       16  system_stm32f4xx.o(.constdata)
    .constdata                               0x080056e8   Section        8  system_stm32f4xx.o(.constdata)
    .constdata                               0x080056f0   Section       60  main.o(.constdata)
    .conststring                             0x0800572c   Section       44  main.o(.conststring)
    .data                                    0x20000000   Section        4  system_stm32f4xx.o(.data)
    .data                                    0x20000004   Section        4  stm32f4xx_hal.o(.data)
    .data                                    0x20000008   Section       28  usbd_desc.o(.data)
    .data                                    0x20000024   Section       22  usbd_desc.o(.data)
    .data                                    0x2000003c   Section       84  main.o(.data)
    .data                                    0x20000090   Section        1  usbd_ctlreq.o(.data)
    cfgidx                                   0x20000090   Data           1  usbd_ctlreq.o(.data)
    .data                                    0x20000094   Section       56  usbd_hid.o(.data)
    .data                                    0x200000cc   Section      134  usbd_hid.o(.data)
    USBD_HID_CfgDesc                         0x200000cc   Data          34  usbd_hid.o(.data)
    USBD_HID_Desc                            0x200000f0   Data           9  usbd_hid.o(.data)
    USBD_HID_DeviceQualifierDesc             0x200000fc   Data          10  usbd_hid.o(.data)
    HID_MOUSE_ReportDesc                     0x20000108   Data          74  usbd_hid.o(.data)
    .data                                    0x20000154   Section       12  port.o(.data)
    ucMaxSysCallPriority                     0x20000154   Data           1  port.o(.data)
    uxCriticalNesting                        0x20000158   Data           4  port.o(.data)
    ulMaxPRIGROUPValue                       0x2000015c   Data           4  port.o(.data)
    .data                                    0x20000160   Section       60  tasks.o(.data)
    uxDeletedTasksWaitingCleanUp             0x20000164   Data           4  tasks.o(.data)
    uxCurrentNumberOfTasks                   0x20000168   Data           4  tasks.o(.data)
    xTickCount                               0x2000016c   Data           4  tasks.o(.data)
    uxTopReadyPriority                       0x20000170   Data           4  tasks.o(.data)
    xSchedulerRunning                        0x20000174   Data           4  tasks.o(.data)
    uxPendedTicks                            0x20000178   Data           4  tasks.o(.data)
    xYieldPending                            0x2000017c   Data           4  tasks.o(.data)
    xNumOfOverflows                          0x20000180   Data           4  tasks.o(.data)
    uxTaskNumber                             0x20000184   Data           4  tasks.o(.data)
    xNextTaskUnblockTime                     0x20000188   Data           4  tasks.o(.data)
    xIdleTaskHandle                          0x2000018c   Data           4  tasks.o(.data)
    uxSchedulerSuspended                     0x20000190   Data           4  tasks.o(.data)
    pxDelayedTaskList                        0x20000194   Data           4  tasks.o(.data)
    pxOverflowDelayedTaskList                0x20000198   Data           4  tasks.o(.data)
    .data                                    0x2000019c   Section       24  heap_4.o(.data)
    pxEnd                                    0x2000019c   Data           4  heap_4.o(.data)
    xFreeBytesRemaining                      0x200001a0   Data           4  heap_4.o(.data)
    xMinimumEverFreeBytesRemaining           0x200001a4   Data           4  heap_4.o(.data)
    xBlockAllocatedBit                       0x200001a8   Data           4  heap_4.o(.data)
    xStart                                   0x200001ac   Data           8  heap_4.o(.data)
    .data                                    0x200001b4   Section        4  mvars.o(.data)
    .data                                    0x200001b8   Section        4  mvars.o(.data)
    .bss                                     0x200001bc   Section     1008  usbd_conf.o(.bss)
    .bss                                     0x200005ac   Section      512  usbd_desc.o(.bss)
    .bss                                     0x200007ac   Section      548  usb_device.o(.bss)
    .bss                                     0x200009d0   Section       60  stm32f4xx_hal_timebase_tim.o(.bss)
    .bss                                     0x20000a0c   Section      148  main.o(.bss)
    .bss                                     0x20000aa0   Section      240  tasks.o(.bss)
    pxReadyTasksLists                        0x20000aa0   Data         140  tasks.o(.bss)
    xDelayedTaskList1                        0x20000b2c   Data          20  tasks.o(.bss)
    xDelayedTaskList2                        0x20000b40   Data          20  tasks.o(.bss)
    xPendingReadyList                        0x20000b54   Data          20  tasks.o(.bss)
    xTasksWaitingTermination                 0x20000b68   Data          20  tasks.o(.bss)
    xSuspendedTaskList                       0x20000b7c   Data          20  tasks.o(.bss)
    .bss                                     0x20000b90   Section    15360  heap_4.o(.bss)
    ucHeap                                   0x20000b90   Data       15360  heap_4.o(.bss)
    HEAP                                     0x20004790   Section      512  startup_stm32f429xx.o(HEAP)
    STACK                                    0x20004990   Section     1024  startup_stm32f429xx.o(STACK)

    Global Symbols

    Symbol Name                              Value     Ov Type        Size  Object(Section)

    BuildAttributes$$THM_ISAv4$E$P$D$K$B$S$7EM$VFPi3$EXTD16$VFPS$VFMA$PE$A:L22UL41UL21$X:L11$S22US41US21$IEEE1$IW$USESV6$~STKCKD$USESV7$~SHL$OSPACE$ROPI$EBA8$MICROLIB$REQ8$PRES8$EABIv2 0x00000000   Number         0  anon$$obj.o ABSOLUTE
    __ARM_use_no_argv                        0x00000000   Number         0  main.o ABSOLUTE
    __cpp_initialize__aeabi_                  - Undefined Weak Reference
    __cxa_finalize                            - Undefined Weak Reference
    _clock_init                               - Undefined Weak Reference
    _microlib_exit                            - Undefined Weak Reference
    __Vectors_Size                           0x000001ac   Number         0  startup_stm32f429xx.o ABSOLUTE
    __Vectors                                0x08000000   Data           4  startup_stm32f429xx.o(RESET)
    __Vectors_End                            0x080001ac   Data           0  startup_stm32f429xx.o(RESET)
    __main                                   0x080001ad   Thumb Code     0  entry.o(.ARM.Collect$$$$00000000)
    _main_stk                                0x080001ad   Thumb Code     0  entry2.o(.ARM.Collect$$$$00000001)
    _main_scatterload                        0x080001b1   Thumb Code     0  entry5.o(.ARM.Collect$$$$00000004)
    __main_after_scatterload                 0x080001b5   Thumb Code     0  entry5.o(.ARM.Collect$$$$00000004)
    _main_clock                              0x080001b5   Thumb Code     0  entry7b.o(.ARM.Collect$$$$00000008)
    _main_cpp_init                           0x080001b5   Thumb Code     0  entry8b.o(.ARM.Collect$$$$0000000A)
    _main_init                               0x080001b5   Thumb Code     0  entry9a.o(.ARM.Collect$$$$0000000B)
    __rt_final_cpp                           0x080001bd   Thumb Code     0  entry10a.o(.ARM.Collect$$$$0000000D)
    __rt_final_exit                          0x080001bd   Thumb Code     0  entry11a.o(.ARM.Collect$$$$0000000F)
    SVC_Handler                              0x080001c1   Thumb Code    28  port.o(.emb_text)
    __asm___6_port_c_39a90d8d__prvStartFirstTask 0x080001e1   Thumb Code    28  port.o(.emb_text)
    __asm___6_port_c_39a90d8d__prvEnableVFP  0x08000201   Thumb Code    16  port.o(.emb_text)
    PendSV_Handler                           0x08000215   Thumb Code    92  port.o(.emb_text)
    vPortGetIPSR                             0x08000275   Thumb Code     6  port.o(.emb_text)
    Reset_Handler                            0x0800027d   Thumb Code     8  startup_stm32f429xx.o(.text)
    NMI_Handler                              0x08000285   Thumb Code     2  startup_stm32f429xx.o(.text)
    HardFault_Handler                        0x08000287   Thumb Code     2  startup_stm32f429xx.o(.text)
    MemManage_Handler                        0x08000289   Thumb Code     2  startup_stm32f429xx.o(.text)
    BusFault_Handler                         0x0800028b   Thumb Code     2  startup_stm32f429xx.o(.text)
    UsageFault_Handler                       0x0800028d   Thumb Code     2  startup_stm32f429xx.o(.text)
    DebugMon_Handler                         0x08000291   Thumb Code     2  startup_stm32f429xx.o(.text)
    ADC_IRQHandler                           0x08000297   Thumb Code     0  startup_stm32f429xx.o(.text)
    CAN1_RX0_IRQHandler                      0x08000297   Thumb Code     0  startup_stm32f429xx.o(.text)
    CAN1_RX1_IRQHandler                      0x08000297   Thumb Code     0  startup_stm32f429xx.o(.text)
    CAN1_SCE_IRQHandler                      0x08000297   Thumb Code     0  startup_stm32f429xx.o(.text)
    CAN1_TX_IRQHandler                       0x08000297   Thumb Code     0  startup_stm32f429xx.o(.text)
    CAN2_RX0_IRQHandler                      0x08000297   Thumb Code     0  startup_stm32f429xx.o(.text)
    CAN2_RX1_IRQHandler                      0x08000297   Thumb Code     0  startup_stm32f429xx.o(.text)
    CAN2_SCE_IRQHandler                      0x08000297   Thumb Code     0  startup_stm32f429xx.o(.text)
    CAN2_TX_IRQHandler                       0x08000297   Thumb Code     0  startup_stm32f429xx.o(.text)
    DCMI_IRQHandler                          0x08000297   Thumb Code     0  startup_stm32f429xx.o(.text)
    DMA1_Stream0_IRQHandler                  0x08000297   Thumb Code     0  startup_stm32f429xx.o(.text)
    DMA1_Stream1_IRQHandler                  0x08000297   Thumb Code     0  startup_stm32f429xx.o(.text)
    DMA1_Stream2_IRQHandler                  0x08000297   Thumb Code     0  startup_stm32f429xx.o(.text)
    DMA1_Stream3_IRQHandler                  0x08000297   Thumb Code     0  startup_stm32f429xx.o(.text)
    DMA1_Stream4_IRQHandler                  0x08000297   Thumb Code     0  startup_stm32f429xx.o(.text)
    DMA1_Stream5_IRQHandler                  0x08000297   Thumb Code     0  startup_stm32f429xx.o(.text)
    DMA1_Stream6_IRQHandler                  0x08000297   Thumb Code     0  startup_stm32f429xx.o(.text)
    DMA1_Stream7_IRQHandler                  0x08000297   Thumb Code     0  startup_stm32f429xx.o(.text)
    DMA2D_IRQHandler                         0x08000297   Thumb Code     0  startup_stm32f429xx.o(.text)
    DMA2_Stream0_IRQHandler                  0x08000297   Thumb Code     0  startup_stm32f429xx.o(.text)
    DMA2_Stream1_IRQHandler                  0x08000297   Thumb Code     0  startup_stm32f429xx.o(.text)
    DMA2_Stream2_IRQHandler                  0x08000297   Thumb Code     0  startup_stm32f429xx.o(.text)
    DMA2_Stream3_IRQHandler                  0x08000297   Thumb Code     0  startup_stm32f429xx.o(.text)
    DMA2_Stream4_IRQHandler                  0x08000297   Thumb Code     0  startup_stm32f429xx.o(.text)
    DMA2_Stream5_IRQHandler                  0x08000297   Thumb Code     0  startup_stm32f429xx.o(.text)
    DMA2_Stream6_IRQHandler                  0x08000297   Thumb Code     0  startup_stm32f429xx.o(.text)
    DMA2_Stream7_IRQHandler                  0x08000297   Thumb Code     0  startup_stm32f429xx.o(.text)
    ETH_IRQHandler                           0x08000297   Thumb Code     0  startup_stm32f429xx.o(.text)
    ETH_WKUP_IRQHandler                      0x08000297   Thumb Code     0  startup_stm32f429xx.o(.text)
    EXTI0_IRQHandler                         0x08000297   Thumb Code     0  startup_stm32f429xx.o(.text)
    EXTI15_10_IRQHandler                     0x08000297   Thumb Code     0  startup_stm32f429xx.o(.text)
    EXTI1_IRQHandler                         0x08000297   Thumb Code     0  startup_stm32f429xx.o(.text)
    EXTI2_IRQHandler                         0x08000297   Thumb Code     0  startup_stm32f429xx.o(.text)
    EXTI3_IRQHandler                         0x08000297   Thumb Code     0  startup_stm32f429xx.o(.text)
    EXTI4_IRQHandler                         0x08000297   Thumb Code     0  startup_stm32f429xx.o(.text)
    EXTI9_5_IRQHandler                       0x08000297   Thumb Code     0  startup_stm32f429xx.o(.text)
    FLASH_IRQHandler                         0x08000297   Thumb Code     0  startup_stm32f429xx.o(.text)
    FMC_IRQHandler                           0x08000297   Thumb Code     0  startup_stm32f429xx.o(.text)
    FPU_IRQHandler                           0x08000297   Thumb Code     0  startup_stm32f429xx.o(.text)
    HASH_RNG_IRQHandler                      0x08000297   Thumb Code     0  startup_stm32f429xx.o(.text)
    I2C1_ER_IRQHandler                       0x08000297   Thumb Code     0  startup_stm32f429xx.o(.text)
    I2C1_EV_IRQHandler                       0x08000297   Thumb Code     0  startup_stm32f429xx.o(.text)
    I2C2_ER_IRQHandler                       0x08000297   Thumb Code     0  startup_stm32f429xx.o(.text)
    I2C2_EV_IRQHandler                       0x08000297   Thumb Code     0  startup_stm32f429xx.o(.text)
    I2C3_ER_IRQHandler                       0x08000297   Thumb Code     0  startup_stm32f429xx.o(.text)
    I2C3_EV_IRQHandler                       0x08000297   Thumb Code     0  startup_stm32f429xx.o(.text)
    LTDC_ER_IRQHandler                       0x08000297   Thumb Code     0  startup_stm32f429xx.o(.text)
    LTDC_IRQHandler                          0x08000297   Thumb Code     0  startup_stm32f429xx.o(.text)
    OTG_FS_WKUP_IRQHandler                   0x08000297   Thumb Code     0  startup_stm32f429xx.o(.text)
    OTG_HS_EP1_IN_IRQHandler                 0x08000297   Thumb Code     0  startup_stm32f429xx.o(.text)
    OTG_HS_EP1_OUT_IRQHandler                0x08000297   Thumb Code     0  startup_stm32f429xx.o(.text)
    OTG_HS_IRQHandler                        0x08000297   Thumb Code     0  startup_stm32f429xx.o(.text)
    OTG_HS_WKUP_IRQHandler                   0x08000297   Thumb Code     0  startup_stm32f429xx.o(.text)
    PVD_IRQHandler                           0x08000297   Thumb Code     0  startup_stm32f429xx.o(.text)
    RTC_Alarm_IRQHandler                     0x08000297   Thumb Code     0  startup_stm32f429xx.o(.text)
    RTC_WKUP_IRQHandler                      0x08000297   Thumb Code     0  startup_stm32f429xx.o(.text)
    SAI1_IRQHandler                          0x08000297   Thumb Code     0  startup_stm32f429xx.o(.text)
    SDIO_IRQHandler                          0x08000297   Thumb Code     0  startup_stm32f429xx.o(.text)
    SPI1_IRQHandler                          0x08000297   Thumb Code     0  startup_stm32f429xx.o(.text)
    SPI2_IRQHandler                          0x08000297   Thumb Code     0  startup_stm32f429xx.o(.text)
    SPI3_IRQHandler                          0x08000297   Thumb Code     0  startup_stm32f429xx.o(.text)
    SPI4_IRQHandler                          0x08000297   Thumb Code     0  startup_stm32f429xx.o(.text)
    SPI5_IRQHandler                          0x08000297   Thumb Code     0  startup_stm32f429xx.o(.text)
    SPI6_IRQHandler                          0x08000297   Thumb Code     0  startup_stm32f429xx.o(.text)
    TAMP_STAMP_IRQHandler                    0x08000297   Thumb Code     0  startup_stm32f429xx.o(.text)
    TIM1_BRK_TIM9_IRQHandler                 0x08000297   Thumb Code     0  startup_stm32f429xx.o(.text)
    TIM1_CC_IRQHandler                       0x08000297   Thumb Code     0  startup_stm32f429xx.o(.text)
    TIM1_TRG_COM_TIM11_IRQHandler            0x08000297   Thumb Code     0  startup_stm32f429xx.o(.text)
    TIM2_IRQHandler                          0x08000297   Thumb Code     0  startup_stm32f429xx.o(.text)
    TIM3_IRQHandler                          0x08000297   Thumb Code     0  startup_stm32f429xx.o(.text)
    TIM4_IRQHandler                          0x08000297   Thumb Code     0  startup_stm32f429xx.o(.text)
    TIM5_IRQHandler                          0x08000297   Thumb Code     0  startup_stm32f429xx.o(.text)
    TIM6_DAC_IRQHandler                      0x08000297   Thumb Code     0  startup_stm32f429xx.o(.text)
    TIM7_IRQHandler                          0x08000297   Thumb Code     0  startup_stm32f429xx.o(.text)
    TIM8_BRK_TIM12_IRQHandler                0x08000297   Thumb Code     0  startup_stm32f429xx.o(.text)
    TIM8_CC_IRQHandler                       0x08000297   Thumb Code     0  startup_stm32f429xx.o(.text)
    TIM8_TRG_COM_TIM14_IRQHandler            0x08000297   Thumb Code     0  startup_stm32f429xx.o(.text)
    TIM8_UP_TIM13_IRQHandler                 0x08000297   Thumb Code     0  startup_stm32f429xx.o(.text)
    UART4_IRQHandler                         0x08000297   Thumb Code     0  startup_stm32f429xx.o(.text)
    UART5_IRQHandler                         0x08000297   Thumb Code     0  startup_stm32f429xx.o(.text)
    UART7_IRQHandler                         0x08000297   Thumb Code     0  startup_stm32f429xx.o(.text)
    UART8_IRQHandler                         0x08000297   Thumb Code     0  startup_stm32f429xx.o(.text)
    USART1_IRQHandler                        0x08000297   Thumb Code     0  startup_stm32f429xx.o(.text)
    USART3_IRQHandler                        0x08000297   Thumb Code     0  startup_stm32f429xx.o(.text)
    USART6_IRQHandler                        0x08000297   Thumb Code     0  startup_stm32f429xx.o(.text)
    WWDG_IRQHandler                          0x08000297   Thumb Code     0  startup_stm32f429xx.o(.text)
    __aeabi_uldivmod                         0x080002a1   Thumb Code    98  uldiv.o(.text)
    __aeabi_memcpy                           0x08000303   Thumb Code    36  memcpya.o(.text)
    __aeabi_memcpy4                          0x08000303   Thumb Code     0  memcpya.o(.text)
    __aeabi_memcpy8                          0x08000303   Thumb Code     0  memcpya.o(.text)
    __aeabi_dadd                             0x08000327   Thumb Code   322  dadd.o(.text)
    __aeabi_dsub                             0x08000469   Thumb Code     6  dadd.o(.text)
    __aeabi_drsub                            0x0800046f   Thumb Code     6  dadd.o(.text)
    __aeabi_dmul                             0x08000475   Thumb Code   228  dmul.o(.text)
    __aeabi_i2d                              0x08000559   Thumb Code    34  dflti.o(.text)
    __aeabi_d2iz                             0x0800057b   Thumb Code    62  dfixi.o(.text)
    __aeabi_llsl                             0x080005b9   Thumb Code    30  llshl.o(.text)
    _ll_shift_l                              0x080005b9   Thumb Code     0  llshl.o(.text)
    __aeabi_llsr                             0x080005d7   Thumb Code    32  llushr.o(.text)
    _ll_ushift_r                             0x080005d7   Thumb Code     0  llushr.o(.text)
    __aeabi_lasr                             0x080005f7   Thumb Code    36  llsshr.o(.text)
    _ll_sshift_r                             0x080005f7   Thumb Code     0  llsshr.o(.text)
    __I$use$fp                               0x0800061b   Thumb Code     0  iusefp.o(.text)
    _double_round                            0x0800061b   Thumb Code    30  depilogue.o(.text)
    _double_epilogue                         0x08000639   Thumb Code   156  depilogue.o(.text)
    __scatterload                            0x080006d5   Thumb Code    28  init.o(.text)
    __scatterload_rt2                        0x080006d5   Thumb Code     0  init.o(.text)
    __decompress                             0x080006f9   Thumb Code     0  __dczerorl2.o(.text)
    __decompress1                            0x080006f9   Thumb Code    86  __dczerorl2.o(.text)
    HAL_DMA_Abort_IT                         0x0800074f   Thumb Code    36  stm32f4xx_hal_dma.o(i.HAL_DMA_Abort_IT)
    HAL_Delay                                0x08000773   Thumb Code    28  stm32f4xx_hal.o(i.HAL_Delay)
    HAL_GPIO_Init                            0x08000791   Thumb Code   408  stm32f4xx_hal_gpio.o(i.HAL_GPIO_Init)
    HAL_GPIO_WritePin                        0x0800095d   Thumb Code    10  stm32f4xx_hal_gpio.o(i.HAL_GPIO_WritePin)
    HAL_GetTick                              0x08000969   Thumb Code     6  stm32f4xx_hal.o(i.HAL_GetTick)
    HAL_I2C_GetState                         0x08000975   Thumb Code     6  stm32f4xx_hal_i2c.o(i.HAL_I2C_GetState)
    HAL_I2C_Init                             0x0800097d   Thumb Code   254  stm32f4xx_hal_i2c.o(i.HAL_I2C_Init)
    HAL_I2C_Master_Receive                   0x08000a85   Thumb Code   474  stm32f4xx_hal_i2c.o(i.HAL_I2C_Master_Receive)
    HAL_I2C_Master_Transmit                  0x08000c6d   Thumb Code   304  stm32f4xx_hal_i2c.o(i.HAL_I2C_Master_Transmit)
    HAL_I2C_MspInit                          0x08000da5   Thumb Code    62  stm32f4xx_hal_msp.o(i.HAL_I2C_MspInit)
    HAL_IncTick                              0x08000df1   Thumb Code    10  stm32f4xx_hal.o(i.HAL_IncTick)
    HAL_Init                                 0x08000e01   Thumb Code    48  stm32f4xx_hal.o(i.HAL_Init)
    HAL_InitTick                             0x08000e35   Thumb Code    98  stm32f4xx_hal_timebase_tim.o(i.HAL_InitTick)
    HAL_MspInit                              0x08000ea9   Thumb Code   104  stm32f4xx_hal_msp.o(i.HAL_MspInit)
    HAL_NVIC_EnableIRQ                       0x08000f11   Thumb Code    22  stm32f4xx_hal_cortex.o(i.HAL_NVIC_EnableIRQ)
    HAL_NVIC_SetPriority                     0x08000f29   Thumb Code    60  stm32f4xx_hal_cortex.o(i.HAL_NVIC_SetPriority)
    HAL_NVIC_SetPriorityGrouping             0x08000f69   Thumb Code    26  stm32f4xx_hal_cortex.o(i.HAL_NVIC_SetPriorityGrouping)
    HAL_PCDEx_SetRxFiFo                      0x08000f8d   Thumb Code     8  stm32f4xx_hal_pcd_ex.o(i.HAL_PCDEx_SetRxFiFo)
    HAL_PCDEx_SetTxFiFo                      0x08000f95   Thumb Code    68  stm32f4xx_hal_pcd_ex.o(i.HAL_PCDEx_SetTxFiFo)
    HAL_PCD_ConnectCallback                  0x08000fd9   Thumb Code     8  usbd_conf.o(i.HAL_PCD_ConnectCallback)
    HAL_PCD_DataInStageCallback              0x08000fe1   Thumb Code    18  usbd_conf.o(i.HAL_PCD_DataInStageCallback)
    HAL_PCD_DataOutStageCallback             0x08000ff3   Thumb Code    20  usbd_conf.o(i.HAL_PCD_DataOutStageCallback)
    HAL_PCD_DisconnectCallback               0x08001007   Thumb Code     8  usbd_conf.o(i.HAL_PCD_DisconnectCallback)
    HAL_PCD_EP_Close                         0x0800100f   Thumb Code    68  stm32f4xx_hal_pcd.o(i.HAL_PCD_EP_Close)
    HAL_PCD_EP_ClrStall                      0x08001053   Thumb Code    80  stm32f4xx_hal_pcd.o(i.HAL_PCD_EP_ClrStall)
    HAL_PCD_EP_Open                          0x080010a3   Thumb Code    84  stm32f4xx_hal_pcd.o(i.HAL_PCD_EP_Open)
    HAL_PCD_EP_Receive                       0x080010f7   Thumb Code    72  stm32f4xx_hal_pcd.o(i.HAL_PCD_EP_Receive)
    HAL_PCD_EP_SetStall                      0x0800113f   Thumb Code    96  stm32f4xx_hal_pcd.o(i.HAL_PCD_EP_SetStall)
    HAL_PCD_EP_Transmit                      0x0800119f   Thumb Code    64  stm32f4xx_hal_pcd.o(i.HAL_PCD_EP_Transmit)
    HAL_PCD_IRQHandler                       0x080011e1   Thumb Code  1196  stm32f4xx_hal_pcd.o(i.HAL_PCD_IRQHandler)
    HAL_PCD_ISOINIncompleteCallback          0x080016d5   Thumb Code     8  usbd_conf.o(i.HAL_PCD_ISOINIncompleteCallback)
    HAL_PCD_ISOOUTIncompleteCallback         0x080016dd   Thumb Code     8  usbd_conf.o(i.HAL_PCD_ISOOUTIncompleteCallback)
    HAL_PCD_Init                             0x080016e5   Thumb Code   190  stm32f4xx_hal_pcd.o(i.HAL_PCD_Init)
    HAL_PCD_MspInit                          0x080017a5   Thumb Code    92  usbd_conf.o(i.HAL_PCD_MspInit)
    HAL_PCD_ResetCallback                    0x08001809   Thumb Code    32  usbd_conf.o(i.HAL_PCD_ResetCallback)
    HAL_PCD_ResumeCallback                   0x08001829   Thumb Code     8  usbd_conf.o(i.HAL_PCD_ResumeCallback)
    HAL_PCD_SOFCallback                      0x08001831   Thumb Code     8  usbd_conf.o(i.HAL_PCD_SOFCallback)
    HAL_PCD_SetAddress                       0x08001839   Thumb Code    36  stm32f4xx_hal_pcd.o(i.HAL_PCD_SetAddress)
    HAL_PCD_SetupStageCallback               0x0800185d   Thumb Code    14  usbd_conf.o(i.HAL_PCD_SetupStageCallback)
    HAL_PCD_Start                            0x0800186b   Thumb Code    42  stm32f4xx_hal_pcd.o(i.HAL_PCD_Start)
    HAL_PCD_SuspendCallback                  0x08001895   Thumb Code    44  usbd_conf.o(i.HAL_PCD_SuspendCallback)
    HAL_RCC_ClockConfig                      0x080018c5   Thumb Code   286  stm32f4xx_hal_rcc.o(i.HAL_RCC_ClockConfig)
    HAL_RCC_GetClockConfig                   0x080019f5   Thumb Code    54  stm32f4xx_hal_rcc.o(i.HAL_RCC_GetClockConfig)
    HAL_RCC_GetHCLKFreq                      0x08001a35   Thumb Code     6  stm32f4xx_hal_rcc.o(i.HAL_RCC_GetHCLKFreq)
    HAL_RCC_GetPCLK1Freq                     0x08001a41   Thumb Code    20  stm32f4xx_hal_rcc.o(i.HAL_RCC_GetPCLK1Freq)
    HAL_RCC_GetPCLK2Freq                     0x08001a61   Thumb Code    20  stm32f4xx_hal_rcc.o(i.HAL_RCC_GetPCLK2Freq)
    HAL_RCC_GetSysClockFreq                  0x08001a81   Thumb Code    88  stm32f4xx_hal_rcc.o(i.HAL_RCC_GetSysClockFreq)
    HAL_RCC_OscConfig                        0x08001ae1   Thumb Code   730  stm32f4xx_hal_rcc.o(i.HAL_RCC_OscConfig)
    HAL_SYSTICK_CLKSourceConfig              0x08001dd1   Thumb Code    24  stm32f4xx_hal_cortex.o(i.HAL_SYSTICK_CLKSourceConfig)
    HAL_SYSTICK_Config                       0x08001de9   Thumb Code    40  stm32f4xx_hal_cortex.o(i.HAL_SYSTICK_Config)
    HAL_TIMEx_BreakCallback                  0x08001e11   Thumb Code     2  stm32f4xx_hal_tim_ex.o(i.HAL_TIMEx_BreakCallback)
    HAL_TIMEx_CommutationCallback            0x08001e13   Thumb Code     2  stm32f4xx_hal_tim_ex.o(i.HAL_TIMEx_CommutationCallback)
    HAL_TIM_Base_Init                        0x08001e15   Thumb Code    54  stm32f4xx_hal_tim.o(i.HAL_TIM_Base_Init)
    HAL_TIM_Base_MspInit                     0x08001e4b   Thumb Code     2  stm32f4xx_hal_tim.o(i.HAL_TIM_Base_MspInit)
    HAL_TIM_Base_Start_IT                    0x08001e4d   Thumb Code    24  stm32f4xx_hal_tim.o(i.HAL_TIM_Base_Start_IT)
    HAL_TIM_IC_CaptureCallback               0x08001e65   Thumb Code     2  stm32f4xx_hal_tim.o(i.HAL_TIM_IC_CaptureCallback)
    HAL_TIM_IRQHandler                       0x08001e67   Thumb Code   358  stm32f4xx_hal_tim.o(i.HAL_TIM_IRQHandler)
    HAL_TIM_OC_DelayElapsedCallback          0x08001fcd   Thumb Code     2  stm32f4xx_hal_tim.o(i.HAL_TIM_OC_DelayElapsedCallback)
    HAL_TIM_PWM_PulseFinishedCallback        0x08001fcf   Thumb Code     2  stm32f4xx_hal_tim.o(i.HAL_TIM_PWM_PulseFinishedCallback)
    HAL_TIM_PeriodElapsedCallback            0x08001fd1   Thumb Code    14  main.o(i.HAL_TIM_PeriodElapsedCallback)
    HAL_TIM_TriggerCallback                  0x08001fe5   Thumb Code     2  stm32f4xx_hal_tim.o(i.HAL_TIM_TriggerCallback)
    HAL_UART_ErrorCallback                   0x08001fe7   Thumb Code     2  stm32f4xx_hal_uart.o(i.HAL_UART_ErrorCallback)
    HAL_UART_IRQHandler                      0x08001fe9   Thumb Code   266  stm32f4xx_hal_uart.o(i.HAL_UART_IRQHandler)
    HAL_UART_Init                            0x080020f9   Thumb Code    98  stm32f4xx_hal_uart.o(i.HAL_UART_Init)
    HAL_UART_MspInit                         0x0800215d   Thumb Code    78  stm32f4xx_hal_msp.o(i.HAL_UART_MspInit)
    HAL_UART_RxCpltCallback                  0x080021b9   Thumb Code     2  stm32f4xx_hal_uart.o(i.HAL_UART_RxCpltCallback)
    HAL_UART_TxCpltCallback                  0x080021bb   Thumb Code     2  stm32f4xx_hal_uart.o(i.HAL_UART_TxCpltCallback)
    MX_USB_DEVICE_Init                       0x080025f1   Thumb Code    30  usb_device.o(i.MX_USB_DEVICE_Init)
    OTG_FS_IRQHandler                        0x0800263d   Thumb Code     6  stm32f4xx_it.o(i.OTG_FS_IRQHandler)
    RCC_IRQHandler                           0x080026d1   Thumb Code     2  stm32f4xx_it.o(i.RCC_IRQHandler)
    StartDefaultTask                         0x080026d3   Thumb Code    12  main.o(i.StartDefaultTask)
    SysTick_Handler                          0x080026df   Thumb Code     4  stm32f4xx_it.o(i.SysTick_Handler)
    SystemClock_Config                       0x080026e5   Thumb Code   148  main.o(i.SystemClock_Config)
    SystemInit                               0x08002781   Thumb Code    66  system_stm32f4xx.o(i.SystemInit)
    TIM1_UP_TIM10_IRQHandler                 0x080027d5   Thumb Code     6  stm32f4xx_it.o(i.TIM1_UP_TIM10_IRQHandler)
    TIM_Base_SetConfig                       0x080027e1   Thumb Code   148  stm32f4xx_hal_tim.o(i.TIM_Base_SetConfig)
    USART2_IRQHandler                        0x08002c69   Thumb Code     6  stm32f4xx_it.o(i.USART2_IRQHandler)
    USBD_ClrClassConfig                      0x08002c75   Thumb Code    14  usbd_core.o(i.USBD_ClrClassConfig)
    USBD_CtlContinueRx                       0x08002c83   Thumb Code    16  usbd_ioreq.o(i.USBD_CtlContinueRx)
    USBD_CtlContinueSendData                 0x08002c93   Thumb Code    16  usbd_ioreq.o(i.USBD_CtlContinueSendData)
    USBD_CtlError                            0x08002ca3   Thumb Code    22  usbd_ctlreq.o(i.USBD_CtlError)
    USBD_CtlReceiveStatus                    0x08002cb9   Thumb Code    22  usbd_ioreq.o(i.USBD_CtlReceiveStatus)
    USBD_CtlSendData                         0x08002ccf   Thumb Code    26  usbd_ioreq.o(i.USBD_CtlSendData)
    USBD_CtlSendStatus                       0x08002ce9   Thumb Code    22  usbd_ioreq.o(i.USBD_CtlSendStatus)
    USBD_FS_ConfigStrDescriptor              0x08002d01   Thumb Code    16  usbd_desc.o(i.USBD_FS_ConfigStrDescriptor)
    USBD_FS_DeviceDescriptor                 0x08002d21   Thumb Code     8  usbd_desc.o(i.USBD_FS_DeviceDescriptor)
    USBD_FS_InterfaceStrDescriptor           0x08002d2d   Thumb Code    16  usbd_desc.o(i.USBD_FS_InterfaceStrDescriptor)
    USBD_FS_LangIDStrDescriptor              0x08002d51   Thumb Code     8  usbd_desc.o(i.USBD_FS_LangIDStrDescriptor)
    USBD_FS_ManufacturerStrDescriptor        0x08002d5d   Thumb Code    16  usbd_desc.o(i.USBD_FS_ManufacturerStrDescriptor)
    USBD_FS_ProductStrDescriptor             0x08002d85   Thumb Code    16  usbd_desc.o(i.USBD_FS_ProductStrDescriptor)
    USBD_FS_SerialStrDescriptor              0x08002db1   Thumb Code    16  usbd_desc.o(i.USBD_FS_SerialStrDescriptor)
    USBD_GetString                           0x08002eb5   Thumb Code    70  usbd_ctlreq.o(i.USBD_GetString)
    USBD_HID_SendReport                      0x08002f65   Thumb Code    36  usbd_hid.o(i.USBD_HID_SendReport)
    USBD_Init                                0x08003029   Thumb Code    42  usbd_core.o(i.USBD_Init)
    USBD_LL_ClearStallEP                     0x08003053   Thumb Code    32  usbd_conf.o(i.USBD_LL_ClearStallEP)
    USBD_LL_CloseEP                          0x08003073   Thumb Code    32  usbd_conf.o(i.USBD_LL_CloseEP)
    USBD_LL_DataInStage                      0x08003093   Thumb Code   170  usbd_core.o(i.USBD_LL_DataInStage)
    USBD_LL_DataOutStage                     0x0800313d   Thumb Code   106  usbd_core.o(i.USBD_LL_DataOutStage)
    USBD_LL_DevConnected                     0x080031a7   Thumb Code     4  usbd_core.o(i.USBD_LL_DevConnected)
    USBD_LL_DevDisconnected                  0x080031ab   Thumb Code    22  usbd_core.o(i.USBD_LL_DevDisconnected)
    USBD_LL_Init                             0x080031c1   Thumb Code    98  usbd_conf.o(i.USBD_LL_Init)
    USBD_LL_IsStallEP                        0x0800323d   Thumb Code    32  usbd_conf.o(i.USBD_LL_IsStallEP)
    USBD_LL_IsoINIncomplete                  0x0800325d   Thumb Code     4  usbd_core.o(i.USBD_LL_IsoINIncomplete)
    USBD_LL_IsoOUTIncomplete                 0x08003261   Thumb Code     4  usbd_core.o(i.USBD_LL_IsoOUTIncomplete)
    USBD_LL_OpenEP                           0x08003265   Thumb Code    38  usbd_conf.o(i.USBD_LL_OpenEP)
    USBD_LL_PrepareReceive                   0x0800328b   Thumb Code    32  usbd_conf.o(i.USBD_LL_PrepareReceive)
    USBD_LL_Reset                            0x080032ab   Thumb Code    62  usbd_core.o(i.USBD_LL_Reset)
    USBD_LL_Resume                           0x080032e9   Thumb Code    12  usbd_core.o(i.USBD_LL_Resume)
    USBD_LL_SOF                              0x080032f5   Thumb Code    24  usbd_core.o(i.USBD_LL_SOF)
    USBD_LL_SetSpeed                         0x0800330d   Thumb Code     6  usbd_core.o(i.USBD_LL_SetSpeed)
    USBD_LL_SetUSBAddress                    0x08003313   Thumb Code    32  usbd_conf.o(i.USBD_LL_SetUSBAddress)
    USBD_LL_SetupStage                       0x08003333   Thumb Code    90  usbd_core.o(i.USBD_LL_SetupStage)
    USBD_LL_StallEP                          0x0800338d   Thumb Code    32  usbd_conf.o(i.USBD_LL_StallEP)
    USBD_LL_Start                            0x080033ad   Thumb Code    32  usbd_conf.o(i.USBD_LL_Start)
    USBD_LL_Suspend                          0x080033cd   Thumb Code    18  usbd_core.o(i.USBD_LL_Suspend)
    USBD_LL_Transmit                         0x080033df   Thumb Code    32  usbd_conf.o(i.USBD_LL_Transmit)
    USBD_ParseSetupRequest                   0x080033ff   Thumb Code    40  usbd_ctlreq.o(i.USBD_ParseSetupRequest)
    USBD_RegisterClass                       0x08003427   Thumb Code    16  usbd_core.o(i.USBD_RegisterClass)
    USBD_SetClassConfig                      0x08003437   Thumb Code    22  usbd_core.o(i.USBD_SetClassConfig)
    USBD_Start                               0x080034c1   Thumb Code    10  usbd_core.o(i.USBD_Start)
    USBD_StdDevReq                           0x080034cb   Thumb Code   242  usbd_ctlreq.o(i.USBD_StdDevReq)
    USBD_StdEPReq                            0x080035bd   Thumb Code   220  usbd_ctlreq.o(i.USBD_StdEPReq)
    USBD_StdItfReq                           0x08003699   Thumb Code    52  usbd_ctlreq.o(i.USBD_StdItfReq)
    USB_ActivateEndpoint                     0x080036cd   Thumb Code   122  stm32f4xx_ll_usb.o(i.USB_ActivateEndpoint)
    USB_ActivateSetup                        0x0800374d   Thumb Code    52  stm32f4xx_ll_usb.o(i.USB_ActivateSetup)
    USB_CoreInit                             0x08003781   Thumb Code   104  stm32f4xx_ll_usb.o(i.USB_CoreInit)
    USB_DeactivateEndpoint                   0x08003825   Thumb Code   196  stm32f4xx_ll_usb.o(i.USB_DeactivateEndpoint)
    USB_DevConnect                           0x080038ed   Thumb Code    24  stm32f4xx_ll_usb.o(i.USB_DevConnect)
    USB_DevDisconnect                        0x08003905   Thumb Code    24  stm32f4xx_ll_usb.o(i.USB_DevDisconnect)
    USB_DevInit                              0x0800391d   Thumb Code   302  stm32f4xx_ll_usb.o(i.USB_DevInit)
    USB_DisableGlobalInt                     0x08003a5d   Thumb Code    12  stm32f4xx_ll_usb.o(i.USB_DisableGlobalInt)
    USB_EP0StartXfer                         0x08003a69   Thumb Code   316  stm32f4xx_ll_usb.o(i.USB_EP0StartXfer)
    USB_EP0_OutStart                         0x08003ba9   Thumb Code    62  stm32f4xx_ll_usb.o(i.USB_EP0_OutStart)
    USB_EPClearStall                         0x08003be7   Thumb Code   100  stm32f4xx_ll_usb.o(i.USB_EPClearStall)
    USB_EPSetStall                           0x08003c4b   Thumb Code    94  stm32f4xx_ll_usb.o(i.USB_EPSetStall)
    USB_EPStartXfer                          0x08003ca9   Thumb Code   534  stm32f4xx_ll_usb.o(i.USB_EPStartXfer)
    USB_EnableGlobalInt                      0x08003ec5   Thumb Code    12  stm32f4xx_ll_usb.o(i.USB_EnableGlobalInt)
    USB_FlushRxFifo                          0x08003ed1   Thumb Code    28  stm32f4xx_ll_usb.o(i.USB_FlushRxFifo)
    USB_FlushTxFifo                          0x08003ef1   Thumb Code    32  stm32f4xx_ll_usb.o(i.USB_FlushTxFifo)
    USB_GetDevSpeed                          0x08003f15   Thumb Code    60  stm32f4xx_ll_usb.o(i.USB_GetDevSpeed)
    USB_GetMode                              0x08003f51   Thumb Code     8  stm32f4xx_ll_usb.o(i.USB_GetMode)
    USB_ReadDevAllInEpInterrupt              0x08003f59   Thumb Code    14  stm32f4xx_ll_usb.o(i.USB_ReadDevAllInEpInterrupt)
    USB_ReadDevAllOutEpInterrupt             0x08003f67   Thumb Code    14  stm32f4xx_ll_usb.o(i.USB_ReadDevAllOutEpInterrupt)
    USB_ReadDevInEPInterrupt                 0x08003f75   Thumb Code    30  stm32f4xx_ll_usb.o(i.USB_ReadDevInEPInterrupt)
    USB_ReadDevOutEPInterrupt                0x08003f93   Thumb Code    16  stm32f4xx_ll_usb.o(i.USB_ReadDevOutEPInterrupt)
    USB_ReadInterrupts                       0x08003fa3   Thumb Code     8  stm32f4xx_ll_usb.o(i.USB_ReadInterrupts)
    USB_ReadPacket                           0x08003fab   Thumb Code    32  stm32f4xx_ll_usb.o(i.USB_ReadPacket)
    USB_SetCurrentMode                       0x08003fcb   Thumb Code    44  stm32f4xx_ll_usb.o(i.USB_SetCurrentMode)
    USB_SetDevAddress                        0x08003ff7   Thumb Code    34  stm32f4xx_ll_usb.o(i.USB_SetDevAddress)
    USB_WritePacket                          0x08004019   Thumb Code    40  stm32f4xx_ll_usb.o(i.USB_WritePacket)
    _Error_Handler                           0x08004041   Thumb Code     2  main.o(i._Error_Handler)
    __scatterload_copy                       0x08004043   Thumb Code    14  handlers.o(i.__scatterload_copy)
    __scatterload_null                       0x08004051   Thumb Code     2  handlers.o(i.__scatterload_null)
    __scatterload_zeroinit                   0x08004053   Thumb Code    14  handlers.o(i.__scatterload_zeroinit)
    free                                     0x08004061   Thumb Code    76  malloc.o(i.free)
    main                                     0x080040b1   Thumb Code   154  main.o(i.main)
    malloc                                   0x08004169   Thumb Code    92  malloc.o(i.malloc)
    mouse                                    0x080041d5   Thumb Code   160  main.o(i.mouse)
    osDelay                                  0x0800427d   Thumb Code    14  cmsis_os.o(i.osDelay)
    osKernelStart                            0x0800428b   Thumb Code    10  cmsis_os.o(i.osKernelStart)
    osSystickHandler                         0x08004295   Thumb Code    20  cmsis_os.o(i.osSystickHandler)
    osThreadCreate                           0x080042a9   Thumb Code    46  cmsis_os.o(i.osThreadCreate)
    pvPortMalloc                             0x08004731   Thumb Code   210  heap_4.o(i.pvPortMalloc)
    pvTaskIncrementMutexHeldCount            0x08004809   Thumb Code    18  tasks.o(i.pvTaskIncrementMutexHeldCount)
    pxPortInitialiseStack                    0x08004821   Thumb Code    40  port.o(i.pxPortInitialiseStack)
    read_mpu                                 0x0800484d   Thumb Code   630  main.o(i.read_mpu)
    set_MPU6050_registers                    0x08004add   Thumb Code   102  main.o(i.set_MPU6050_registers)
    uxListRemove                             0x08004b49   Thumb Code    36  list.o(i.uxListRemove)
    vListInitialise                          0x08004b6d   Thumb Code    22  list.o(i.vListInitialise)
    vListInitialiseItem                      0x08004b83   Thumb Code     6  list.o(i.vListInitialiseItem)
    vListInsert                              0x08004b89   Thumb Code    48  list.o(i.vListInsert)
    vListInsertEnd                           0x08004bb9   Thumb Code    24  list.o(i.vListInsertEnd)
    vPortEnterCritical                       0x08004bd1   Thumb Code    54  port.o(i.vPortEnterCritical)
    vPortExitCritical                        0x08004c11   Thumb Code    34  port.o(i.vPortExitCritical)
    vPortFree                                0x08004c39   Thumb Code    88  heap_4.o(i.vPortFree)
    vPortSetupTimerInterrupt                 0x08004c95   Thumb Code    26  port.o(i.vPortSetupTimerInterrupt)
    vTaskDelay                               0x08004cb5   Thumb Code    66  tasks.o(i.vTaskDelay)
    vTaskMissedYield                         0x08004d01   Thumb Code     8  tasks.o(i.vTaskMissedYield)
    vTaskPlaceOnEventList                    0x08004d0d   Thumb Code    44  tasks.o(i.vTaskPlaceOnEventList)
    vTaskPriorityInherit                     0x08004d3d   Thumb Code   124  tasks.o(i.vTaskPriorityInherit)
    vTaskSetTimeOutState                     0x08004dc1   Thumb Code    30  tasks.o(i.vTaskSetTimeOutState)
    vTaskStartScheduler                      0x08004de5   Thumb Code    86  tasks.o(i.vTaskStartScheduler)
    vTaskSuspendAll                          0x08004e4d   Thumb Code    10  tasks.o(i.vTaskSuspendAll)
    vTaskSwitchContext                       0x08004e5d   Thumb Code    82  tasks.o(i.vTaskSwitchContext)
    xPortStartScheduler                      0x08004eb9   Thumb Code   202  port.o(i.xPortStartScheduler)
    xPortSysTickHandler                      0x08004f99   Thumb Code    38  port.o(i.xPortSysTickHandler)
    xQueueGenericCreate                      0x08004fc5   Thumb Code    72  queue.o(i.xQueueGenericCreate)
    xQueueGenericReceive                     0x0800500d   Thumb Code   360  queue.o(i.xQueueGenericReceive)
    xQueueGenericReset                       0x08005179   Thumb Code   132  queue.o(i.xQueueGenericReset)
    xQueueGenericSend                        0x08005201   Thumb Code   346  queue.o(i.xQueueGenericSend)
    xTaskCheckForTimeOut                     0x08005361   Thumb Code   102  tasks.o(i.xTaskCheckForTimeOut)
    xTaskCreate                              0x080053cd   Thumb Code    86  tasks.o(i.xTaskCreate)
    xTaskGetSchedulerState                   0x08005425   Thumb Code    22  tasks.o(i.xTaskGetSchedulerState)
    xTaskIncrementTick                       0x08005441   Thumb Code   192  tasks.o(i.xTaskIncrementTick)
    xTaskPriorityDisinherit                  0x08005509   Thumb Code   144  tasks.o(i.xTaskPriorityDisinherit)
    xTaskRemoveFromEventList                 0x080055a1   Thumb Code   108  tasks.o(i.xTaskRemoveFromEventList)
    xTaskResumeAll                           0x08005615   Thumb Code   182  tasks.o(i.xTaskResumeAll)
    AHBPrescTable                            0x080056d8   Data          16  system_stm32f4xx.o(.constdata)
    APBPrescTable                            0x080056e8   Data           8  system_stm32f4xx.o(.constdata)
    Region$$Table$$Base                      0x08005758   Number         0  anon$$obj.o(Region$$Table)
    Region$$Table$$Limit                     0x08005778   Number         0  anon$$obj.o(Region$$Table)
    SystemCoreClock                          0x20000000   Data           4  system_stm32f4xx.o(.data)
    uwTick                                   0x20000004   Data           4  stm32f4xx_hal.o(.data)
    FS_Desc                                  0x20000008   Data          28  usbd_desc.o(.data)
    USBD_LangIDDesc                          0x20000024   Data           4  usbd_desc.o(.data)
    USBD_FS_DeviceDesc                       0x20000028   Data          18  usbd_desc.o(.data)
    acc_x_output                             0x2000003c   Data           2  main.o(.data)
    acc_y_output                             0x2000003e   Data           2  main.o(.data)
    acc_z_output                             0x20000040   Data           2  main.o(.data)
    gyro_x_output                            0x20000042   Data           2  main.o(.data)
    gyro_y_output                            0x20000044   Data           2  main.o(.data)
    gyro_z_output                            0x20000046   Data           2  main.o(.data)
    acc_x                                    0x20000048   Data           2  main.o(.data)
    acc_y                                    0x2000004a   Data           2  main.o(.data)
    acc_z                                    0x2000004c   Data           2  main.o(.data)
    cal_int                                  0x20000050   Data           4  main.o(.data)
    queue_handle                             0x20000054   Data           4  main.o(.data)
    defaultTaskHandle                        0x20000058   Data           4  main.o(.data)
    read_mpu6050Handle                       0x2000005c   Data           4  main.o(.data)
    USB_HID_mouseHandle                      0x20000060   Data           4  main.o(.data)
    gyro_x                                   0x20000064   Data           4  main.o(.data)
    gyro_y                                   0x20000068   Data           4  main.o(.data)
    gyro_z                                   0x2000006c   Data           4  main.o(.data)
    acc_x_cal                                0x20000070   Data           4  main.o(.data)
    acc_y_cal                                0x20000074   Data           4  main.o(.data)
    acc_z_cal                                0x20000078   Data           4  main.o(.data)
    temperature                              0x2000007c   Data           4  main.o(.data)
    gyro_x_cal                               0x20000080   Data           4  main.o(.data)
    gyro_y_cal                               0x20000084   Data           4  main.o(.data)
    gyro_z_cal                               0x20000088   Data           4  main.o(.data)
    button                                   0x2000008c   Data           4  main.o(.data)
    USBD_HID                                 0x20000094   Data          56  usbd_hid.o(.data)
    pxCurrentTCB                             0x20000160   Data           4  tasks.o(.data)
    __microlib_freelist                      0x200001b4   Data           4  mvars.o(.data)
    __microlib_freelist_initialised          0x200001b8   Data           4  mvars.o(.data)
    hpcd_USB_OTG_FS                          0x200001bc   Data        1008  usbd_conf.o(.bss)
    USBD_StrDesc                             0x200005ac   Data         512  usbd_desc.o(.bss)
    hUsbDeviceFS                             0x200007ac   Data         548  usb_device.o(.bss)
    htim1                                    0x200009d0   Data          60  stm32f4xx_hal_timebase_tim.o(.bss)
    hi2c1                                    0x20000a0c   Data          84  main.o(.bss)
    huart2                                   0x20000a60   Data          64  main.o(.bss)
    __heap_base                              0x20004790   Data           0  startup_stm32f429xx.o(HEAP)
    __heap_limit                             0x20004990   Data           0  startup_stm32f429xx.o(HEAP)
    __initial_sp                             0x20004d90   Data           0  startup_stm32f429xx.o(STACK)



==============================================================================

Memory Map of the image

  Image Entry point : 0x080001ad

  Load Region LR_IROM1 (Base: 0x08000000, Size: 0x00005934, Max: 0x00200000, ABSOLUTE, COMPRESSED[0x00005840])

    Execution Region ER_IROM1 (Exec base: 0x08000000, Load base: 0x08000000, Size: 0x00005778, Max: 0x00200000, ABSOLUTE)

    Exec Addr    Load Addr    Size         Type   Attr      Idx    E Section Name        Object

    0x08000000   0x08000000   0x000001ac   Data   RO            3    RESET               startup_stm32f429xx.o
    0x080001ac   0x080001ac   0x00000000   Code   RO         5572  * .ARM.Collect$$$$00000000  mc_w.l(entry.o)
    0x080001ac   0x080001ac   0x00000004   Code   RO         5617    .ARM.Collect$$$$00000001  mc_w.l(entry2.o)
    0x080001b0   0x080001b0   0x00000004   Code   RO         5620    .ARM.Collect$$$$00000004  mc_w.l(entry5.o)
    0x080001b4   0x080001b4   0x00000000   Code   RO         5622    .ARM.Collect$$$$00000008  mc_w.l(entry7b.o)
    0x080001b4   0x080001b4   0x00000000   Code   RO         5624    .ARM.Collect$$$$0000000A  mc_w.l(entry8b.o)
    0x080001b4   0x080001b4   0x00000008   Code   RO         5625    .ARM.Collect$$$$0000000B  mc_w.l(entry9a.o)
    0x080001bc   0x080001bc   0x00000000   Code   RO         5627    .ARM.Collect$$$$0000000D  mc_w.l(entry10a.o)
    0x080001bc   0x080001bc   0x00000000   Code   RO         5629    .ARM.Collect$$$$0000000F  mc_w.l(entry11a.o)
    0x080001bc   0x080001bc   0x00000004   Code   RO         5618    .ARM.Collect$$$$00002712  mc_w.l(entry2.o)
    0x080001c0   0x080001c0   0x000000ba   Code   RO         4963    .emb_text           port.o
    0x0800027a   0x0800027a   0x00000002   PAD
    0x0800027c   0x0800027c   0x00000024   Code   RO            4    .text               startup_stm32f429xx.o
    0x080002a0   0x080002a0   0x00000062   Code   RO         5575    .text               mc_w.l(uldiv.o)
    0x08000302   0x08000302   0x00000024   Code   RO         5577    .text               mc_w.l(memcpya.o)
    0x08000326   0x08000326   0x0000014e   Code   RO         5609    .text               mf_w.l(dadd.o)
    0x08000474   0x08000474   0x000000e4   Code   RO         5611    .text               mf_w.l(dmul.o)
    0x08000558   0x08000558   0x00000022   Code   RO         5613    .text               mf_w.l(dflti.o)
    0x0800057a   0x0800057a   0x0000003e   Code   RO         5615    .text               mf_w.l(dfixi.o)
    0x080005b8   0x080005b8   0x0000001e   Code   RO         5631    .text               mc_w.l(llshl.o)
    0x080005d6   0x080005d6   0x00000020   Code   RO         5633    .text               mc_w.l(llushr.o)
    0x080005f6   0x080005f6   0x00000024   Code   RO         5635    .text               mc_w.l(llsshr.o)
    0x0800061a   0x0800061a   0x00000000   Code   RO         5639    .text               mc_w.l(iusefp.o)
    0x0800061a   0x0800061a   0x000000ba   Code   RO         5640    .text               mf_w.l(depilogue.o)
    0x080006d4   0x080006d4   0x00000024   Code   RO         5642    .text               mc_w.l(init.o)
    0x080006f8   0x080006f8   0x00000056   Code   RO         5652    .text               mc_w.l(__dczerorl2.o)
    0x0800074e   0x0800074e   0x00000024   Code   RO         3100    i.HAL_DMA_Abort_IT  stm32f4xx_hal_dma.o
    0x08000772   0x08000772   0x0000001c   Code   RO         2056    i.HAL_Delay         stm32f4xx_hal.o
    0x0800078e   0x0800078e   0x00000002   PAD
    0x08000790   0x08000790   0x000001cc   Code   RO          281    i.HAL_GPIO_Init     stm32f4xx_hal_gpio.o
    0x0800095c   0x0800095c   0x0000000a   Code   RO          285    i.HAL_GPIO_WritePin  stm32f4xx_hal_gpio.o
    0x08000966   0x08000966   0x00000002   PAD
    0x08000968   0x08000968   0x0000000c   Code   RO         2064    i.HAL_GetTick       stm32f4xx_hal.o
    0x08000974   0x08000974   0x00000006   Code   RO         1619    i.HAL_I2C_GetState  stm32f4xx_hal_i2c.o
    0x0800097a   0x0800097a   0x00000002   PAD
    0x0800097c   0x0800097c   0x00000108   Code   RO         1620    i.HAL_I2C_Init      stm32f4xx_hal_i2c.o
    0x08000a84   0x08000a84   0x000001e8   Code   RO         1626    i.HAL_I2C_Master_Receive  stm32f4xx_hal_i2c.o
    0x08000c6c   0x08000c6c   0x00000138   Code   RO         1631    i.HAL_I2C_Master_Transmit  stm32f4xx_hal_i2c.o
    0x08000da4   0x08000da4   0x0000004c   Code   RO         3827    i.HAL_I2C_MspInit   stm32f4xx_hal_msp.o
    0x08000df0   0x08000df0   0x00000010   Code   RO         2066    i.HAL_IncTick       stm32f4xx_hal.o
    0x08000e00   0x08000e00   0x00000034   Code   RO         2067    i.HAL_Init          stm32f4xx_hal.o
    0x08000e34   0x08000e34   0x00000074   Code   RO         3874    i.HAL_InitTick      stm32f4xx_hal_timebase_tim.o
    0x08000ea8   0x08000ea8   0x00000068   Code   RO         3828    i.HAL_MspInit       stm32f4xx_hal_msp.o
    0x08000f10   0x08000f10   0x00000016   Code   RO         3237    i.HAL_NVIC_EnableIRQ  stm32f4xx_hal_cortex.o
    0x08000f26   0x08000f26   0x00000002   PAD
    0x08000f28   0x08000f28   0x00000040   Code   RO         3243    i.HAL_NVIC_SetPriority  stm32f4xx_hal_cortex.o
    0x08000f68   0x08000f68   0x00000024   Code   RO         3244    i.HAL_NVIC_SetPriorityGrouping  stm32f4xx_hal_cortex.o
    0x08000f8c   0x08000f8c   0x00000008   Code   RO         3202    i.HAL_PCDEx_SetRxFiFo  stm32f4xx_hal_pcd_ex.o
    0x08000f94   0x08000f94   0x00000044   Code   RO         3203    i.HAL_PCDEx_SetTxFiFo  stm32f4xx_hal_pcd_ex.o
    0x08000fd8   0x08000fd8   0x00000008   Code   RO         3494    i.HAL_PCD_ConnectCallback  usbd_conf.o
    0x08000fe0   0x08000fe0   0x00000012   Code   RO         3495    i.HAL_PCD_DataInStageCallback  usbd_conf.o
    0x08000ff2   0x08000ff2   0x00000014   Code   RO         3496    i.HAL_PCD_DataOutStageCallback  usbd_conf.o
    0x08001006   0x08001006   0x00000008   Code   RO         3497    i.HAL_PCD_DisconnectCallback  usbd_conf.o
    0x0800100e   0x0800100e   0x00000044   Code   RO         2325    i.HAL_PCD_EP_Close  stm32f4xx_hal_pcd.o
    0x08001052   0x08001052   0x00000050   Code   RO         2326    i.HAL_PCD_EP_ClrStall  stm32f4xx_hal_pcd.o
    0x080010a2   0x080010a2   0x00000054   Code   RO         2329    i.HAL_PCD_EP_Open   stm32f4xx_hal_pcd.o
    0x080010f6   0x080010f6   0x00000048   Code   RO         2330    i.HAL_PCD_EP_Receive  stm32f4xx_hal_pcd.o
    0x0800113e   0x0800113e   0x00000060   Code   RO         2331    i.HAL_PCD_EP_SetStall  stm32f4xx_hal_pcd.o
    0x0800119e   0x0800119e   0x00000040   Code   RO         2332    i.HAL_PCD_EP_Transmit  stm32f4xx_hal_pcd.o
    0x080011de   0x080011de   0x00000002   PAD
    0x080011e0   0x080011e0   0x000004f4   Code   RO         2334    i.HAL_PCD_IRQHandler  stm32f4xx_hal_pcd.o
    0x080016d4   0x080016d4   0x00000008   Code   RO         3498    i.HAL_PCD_ISOINIncompleteCallback  usbd_conf.o
    0x080016dc   0x080016dc   0x00000008   Code   RO         3499    i.HAL_PCD_ISOOUTIncompleteCallback  usbd_conf.o
    0x080016e4   0x080016e4   0x000000be   Code   RO         2337    i.HAL_PCD_Init      stm32f4xx_hal_pcd.o
    0x080017a2   0x080017a2   0x00000002   PAD
    0x080017a4   0x080017a4   0x00000064   Code   RO         3501    i.HAL_PCD_MspInit   usbd_conf.o
    0x08001808   0x08001808   0x00000020   Code   RO         3502    i.HAL_PCD_ResetCallback  usbd_conf.o
    0x08001828   0x08001828   0x00000008   Code   RO         3503    i.HAL_PCD_ResumeCallback  usbd_conf.o
    0x08001830   0x08001830   0x00000008   Code   RO         3504    i.HAL_PCD_SOFCallback  usbd_conf.o
    0x08001838   0x08001838   0x00000024   Code   RO         2343    i.HAL_PCD_SetAddress  stm32f4xx_hal_pcd.o
    0x0800185c   0x0800185c   0x0000000e   Code   RO         3505    i.HAL_PCD_SetupStageCallback  usbd_conf.o
    0x0800186a   0x0800186a   0x0000002a   Code   RO         2345    i.HAL_PCD_Start     stm32f4xx_hal_pcd.o
    0x08001894   0x08001894   0x00000030   Code   RO         3506    i.HAL_PCD_SuspendCallback  usbd_conf.o
    0x080018c4   0x080018c4   0x00000130   Code   RO         2215    i.HAL_RCC_ClockConfig  stm32f4xx_hal_rcc.o
    0x080019f4   0x080019f4   0x00000040   Code   RO         2219    i.HAL_RCC_GetClockConfig  stm32f4xx_hal_rcc.o
    0x08001a34   0x08001a34   0x0000000c   Code   RO         2220    i.HAL_RCC_GetHCLKFreq  stm32f4xx_hal_rcc.o
    0x08001a40   0x08001a40   0x00000020   Code   RO         2222    i.HAL_RCC_GetPCLK1Freq  stm32f4xx_hal_rcc.o
    0x08001a60   0x08001a60   0x00000020   Code   RO         2223    i.HAL_RCC_GetPCLK2Freq  stm32f4xx_hal_rcc.o
    0x08001a80   0x08001a80   0x00000060   Code   RO         2224    i.HAL_RCC_GetSysClockFreq  stm32f4xx_hal_rcc.o
    0x08001ae0   0x08001ae0   0x000002f0   Code   RO         2227    i.HAL_RCC_OscConfig  stm32f4xx_hal_rcc.o
    0x08001dd0   0x08001dd0   0x00000018   Code   RO         3246    i.HAL_SYSTICK_CLKSourceConfig  stm32f4xx_hal_cortex.o
    0x08001de8   0x08001de8   0x00000028   Code   RO         3248    i.HAL_SYSTICK_Config  stm32f4xx_hal_cortex.o
    0x08001e10   0x08001e10   0x00000002   Code   RO         2531    i.HAL_TIMEx_BreakCallback  stm32f4xx_hal_tim_ex.o
    0x08001e12   0x08001e12   0x00000002   Code   RO         2532    i.HAL_TIMEx_CommutationCallback  stm32f4xx_hal_tim_ex.o
    0x08001e14   0x08001e14   0x00000036   Code   RO          579    i.HAL_TIM_Base_Init  stm32f4xx_hal_tim.o
    0x08001e4a   0x08001e4a   0x00000002   Code   RO          581    i.HAL_TIM_Base_MspInit  stm32f4xx_hal_tim.o
    0x08001e4c   0x08001e4c   0x00000018   Code   RO          584    i.HAL_TIM_Base_Start_IT  stm32f4xx_hal_tim.o
    0x08001e64   0x08001e64   0x00000002   Code   RO          608    i.HAL_TIM_IC_CaptureCallback  stm32f4xx_hal_tim.o
    0x08001e66   0x08001e66   0x00000166   Code   RO          621    i.HAL_TIM_IRQHandler  stm32f4xx_hal_tim.o
    0x08001fcc   0x08001fcc   0x00000002   Code   RO          624    i.HAL_TIM_OC_DelayElapsedCallback  stm32f4xx_hal_tim.o
    0x08001fce   0x08001fce   0x00000002   Code   RO          651    i.HAL_TIM_PWM_PulseFinishedCallback  stm32f4xx_hal_tim.o
    0x08001fd0   0x08001fd0   0x00000014   Code   RO         3914    i.HAL_TIM_PeriodElapsedCallback  main.o
    0x08001fe4   0x08001fe4   0x00000002   Code   RO          662    i.HAL_TIM_TriggerCallback  stm32f4xx_hal_tim.o
    0x08001fe6   0x08001fe6   0x00000002   Code   RO         2791    i.HAL_UART_ErrorCallback  stm32f4xx_hal_uart.o
    0x08001fe8   0x08001fe8   0x00000110   Code   RO         2794    i.HAL_UART_IRQHandler  stm32f4xx_hal_uart.o
    0x080020f8   0x080020f8   0x00000062   Code   RO         2795    i.HAL_UART_Init     stm32f4xx_hal_uart.o
    0x0800215a   0x0800215a   0x00000002   PAD
    0x0800215c   0x0800215c   0x0000005c   Code   RO         3830    i.HAL_UART_MspInit  stm32f4xx_hal_msp.o
    0x080021b8   0x080021b8   0x00000002   Code   RO         2801    i.HAL_UART_RxCpltCallback  stm32f4xx_hal_uart.o
    0x080021ba   0x080021ba   0x00000002   Code   RO         2806    i.HAL_UART_TxCpltCallback  stm32f4xx_hal_uart.o
    0x080021bc   0x080021bc   0x00000028   Code   RO         1658    i.I2C_IsAcknowledgeFailed  stm32f4xx_hal_i2c.o
    0x080021e4   0x080021e4   0x000000de   Code   RO         1661    i.I2C_MasterRequestRead  stm32f4xx_hal_i2c.o
    0x080022c2   0x080022c2   0x00000002   PAD
    0x080022c4   0x080022c4   0x00000094   Code   RO         1662    i.I2C_MasterRequestWrite  stm32f4xx_hal_i2c.o
    0x08002358   0x08002358   0x0000004e   Code   RO         1671    i.I2C_WaitOnBTFFlagUntilTimeout  stm32f4xx_hal_i2c.o
    0x080023a6   0x080023a6   0x00000060   Code   RO         1672    i.I2C_WaitOnFlagUntilTimeout  stm32f4xx_hal_i2c.o
    0x08002406   0x08002406   0x00000002   PAD
    0x08002408   0x08002408   0x00000088   Code   RO         1673    i.I2C_WaitOnMasterAddressFlagUntilTimeout  stm32f4xx_hal_i2c.o
    0x08002490   0x08002490   0x00000062   Code   RO         1674    i.I2C_WaitOnRXNEFlagUntilTimeout  stm32f4xx_hal_i2c.o
    0x080024f2   0x080024f2   0x0000004e   Code   RO         1675    i.I2C_WaitOnTXEFlagUntilTimeout  stm32f4xx_hal_i2c.o
    0x08002540   0x08002540   0x00000078   Code   RO         3915    i.MX_GPIO_Init      main.o
    0x080025b8   0x080025b8   0x00000038   Code   RO         3916    i.MX_I2C1_Init      main.o
    0x080025f0   0x080025f0   0x0000002c   Code   RO         3788    i.MX_USB_DEVICE_Init  usb_device.o
    0x0800261c   0x0800261c   0x00000020   Code   RO         3250    i.NVIC_SetPriority  stm32f4xx_hal_cortex.o
    0x0800263c   0x0800263c   0x0000000c   Code   RO         3397    i.OTG_FS_IRQHandler  stm32f4xx_it.o
    0x08002648   0x08002648   0x00000088   Code   RO         2348    i.PCD_WriteEmptyTxFifo  stm32f4xx_hal_pcd.o
    0x080026d0   0x080026d0   0x00000002   Code   RO         3398    i.RCC_IRQHandler    stm32f4xx_it.o
    0x080026d2   0x080026d2   0x0000000c   Code   RO         3917    i.StartDefaultTask  main.o
    0x080026de   0x080026de   0x00000004   Code   RO         3399    i.SysTick_Handler   stm32f4xx_it.o
    0x080026e2   0x080026e2   0x00000002   PAD
    0x080026e4   0x080026e4   0x0000009c   Code   RO         3918    i.SystemClock_Config  main.o
    0x08002780   0x08002780   0x00000054   Code   RO           14    i.SystemInit        system_stm32f4xx.o
    0x080027d4   0x080027d4   0x0000000c   Code   RO         3400    i.TIM1_UP_TIM10_IRQHandler  stm32f4xx_it.o
    0x080027e0   0x080027e0   0x000000c0   Code   RO          663    i.TIM_Base_SetConfig  stm32f4xx_hal_tim.o
    0x080028a0   0x080028a0   0x00000010   Code   RO         2808    i.UART_DMAAbortOnError  stm32f4xx_hal_uart.o
    0x080028b0   0x080028b0   0x0000001c   Code   RO         2818    i.UART_EndRxTransfer  stm32f4xx_hal_uart.o
    0x080028cc   0x080028cc   0x0000008c   Code   RO         2820    i.UART_Receive_IT   stm32f4xx_hal_uart.o
    0x08002958   0x08002958   0x000002ac   Code   RO         2821    i.UART_SetConfig    stm32f4xx_hal_uart.o
    0x08002c04   0x08002c04   0x00000062   Code   RO         2822    i.UART_Transmit_IT  stm32f4xx_hal_uart.o
    0x08002c66   0x08002c66   0x00000002   PAD
    0x08002c68   0x08002c68   0x0000000c   Code   RO         3401    i.USART2_IRQHandler  stm32f4xx_it.o
    0x08002c74   0x08002c74   0x0000000e   Code   RO         4362    i.USBD_ClrClassConfig  usbd_core.o
    0x08002c82   0x08002c82   0x00000010   Code   RO         4235    i.USBD_CtlContinueRx  usbd_ioreq.o
    0x08002c92   0x08002c92   0x00000010   Code   RO         4236    i.USBD_CtlContinueSendData  usbd_ioreq.o
    0x08002ca2   0x08002ca2   0x00000016   Code   RO         4170    i.USBD_CtlError     usbd_ctlreq.o
    0x08002cb8   0x08002cb8   0x00000016   Code   RO         4238    i.USBD_CtlReceiveStatus  usbd_ioreq.o
    0x08002cce   0x08002cce   0x0000001a   Code   RO         4239    i.USBD_CtlSendData  usbd_ioreq.o
    0x08002ce8   0x08002ce8   0x00000016   Code   RO         4240    i.USBD_CtlSendStatus  usbd_ioreq.o
    0x08002cfe   0x08002cfe   0x00000002   PAD
    0x08002d00   0x08002d00   0x00000020   Code   RO         3704    i.USBD_FS_ConfigStrDescriptor  usbd_desc.o
    0x08002d20   0x08002d20   0x0000000c   Code   RO         3705    i.USBD_FS_DeviceDescriptor  usbd_desc.o
    0x08002d2c   0x08002d2c   0x00000024   Code   RO         3706    i.USBD_FS_InterfaceStrDescriptor  usbd_desc.o
    0x08002d50   0x08002d50   0x0000000c   Code   RO         3707    i.USBD_FS_LangIDStrDescriptor  usbd_desc.o
    0x08002d5c   0x08002d5c   0x00000028   Code   RO         3708    i.USBD_FS_ManufacturerStrDescriptor  usbd_desc.o
    0x08002d84   0x08002d84   0x0000002c   Code   RO         3709    i.USBD_FS_ProductStrDescriptor  usbd_desc.o
    0x08002db0   0x08002db0   0x00000024   Code   RO         3710    i.USBD_FS_SerialStrDescriptor  usbd_desc.o
    0x08002dd4   0x08002dd4   0x000000e0   Code   RO         4171    i.USBD_GetDescriptor  usbd_ctlreq.o
    0x08002eb4   0x08002eb4   0x00000046   Code   RO         4172    i.USBD_GetString    usbd_ctlreq.o
    0x08002efa   0x08002efa   0x0000000c   Code   RO         4295    i.USBD_HID_DataIn   usbd_hid.o
    0x08002f06   0x08002f06   0x0000001e   Code   RO         4296    i.USBD_HID_DeInit   usbd_hid.o
    0x08002f24   0x08002f24   0x0000000c   Code   RO         4297    i.USBD_HID_GetCfgDesc  usbd_hid.o
    0x08002f30   0x08002f30   0x0000000c   Code   RO         4298    i.USBD_HID_GetDeviceQualifierDesc  usbd_hid.o
    0x08002f3c   0x08002f3c   0x00000028   Code   RO         4300    i.USBD_HID_Init     usbd_hid.o
    0x08002f64   0x08002f64   0x00000024   Code   RO         4301    i.USBD_HID_SendReport  usbd_hid.o
    0x08002f88   0x08002f88   0x000000a0   Code   RO         4302    i.USBD_HID_Setup    usbd_hid.o
    0x08003028   0x08003028   0x0000002a   Code   RO         4364    i.USBD_Init         usbd_core.o
    0x08003052   0x08003052   0x00000020   Code   RO         3507    i.USBD_LL_ClearStallEP  usbd_conf.o
    0x08003072   0x08003072   0x00000020   Code   RO         3508    i.USBD_LL_CloseEP   usbd_conf.o
    0x08003092   0x08003092   0x000000aa   Code   RO         4365    i.USBD_LL_DataInStage  usbd_core.o
    0x0800313c   0x0800313c   0x0000006a   Code   RO         4366    i.USBD_LL_DataOutStage  usbd_core.o
    0x080031a6   0x080031a6   0x00000004   Code   RO         4367    i.USBD_LL_DevConnected  usbd_core.o
    0x080031aa   0x080031aa   0x00000016   Code   RO         4368    i.USBD_LL_DevDisconnected  usbd_core.o
    0x080031c0   0x080031c0   0x0000007c   Code   RO         3513    i.USBD_LL_Init      usbd_conf.o
    0x0800323c   0x0800323c   0x00000020   Code   RO         3514    i.USBD_LL_IsStallEP  usbd_conf.o
    0x0800325c   0x0800325c   0x00000004   Code   RO         4369    i.USBD_LL_IsoINIncomplete  usbd_core.o
    0x08003260   0x08003260   0x00000004   Code   RO         4370    i.USBD_LL_IsoOUTIncomplete  usbd_core.o
    0x08003264   0x08003264   0x00000026   Code   RO         3515    i.USBD_LL_OpenEP    usbd_conf.o
    0x0800328a   0x0800328a   0x00000020   Code   RO         3516    i.USBD_LL_PrepareReceive  usbd_conf.o
    0x080032aa   0x080032aa   0x0000003e   Code   RO         4371    i.USBD_LL_Reset     usbd_core.o
    0x080032e8   0x080032e8   0x0000000c   Code   RO         4372    i.USBD_LL_Resume    usbd_core.o
    0x080032f4   0x080032f4   0x00000018   Code   RO         4373    i.USBD_LL_SOF       usbd_core.o
    0x0800330c   0x0800330c   0x00000006   Code   RO         4374    i.USBD_LL_SetSpeed  usbd_core.o
    0x08003312   0x08003312   0x00000020   Code   RO         3517    i.USBD_LL_SetUSBAddress  usbd_conf.o
    0x08003332   0x08003332   0x0000005a   Code   RO         4375    i.USBD_LL_SetupStage  usbd_core.o
    0x0800338c   0x0800338c   0x00000020   Code   RO         3518    i.USBD_LL_StallEP   usbd_conf.o
    0x080033ac   0x080033ac   0x00000020   Code   RO         3519    i.USBD_LL_Start     usbd_conf.o
    0x080033cc   0x080033cc   0x00000012   Code   RO         4376    i.USBD_LL_Suspend   usbd_core.o
    0x080033de   0x080033de   0x00000020   Code   RO         3521    i.USBD_LL_Transmit  usbd_conf.o
    0x080033fe   0x080033fe   0x00000028   Code   RO         4173    i.USBD_ParseSetupRequest  usbd_ctlreq.o
    0x08003426   0x08003426   0x00000010   Code   RO         4377    i.USBD_RegisterClass  usbd_core.o
    0x08003436   0x08003436   0x00000016   Code   RO         4379    i.USBD_SetClassConfig  usbd_core.o
    0x0800344c   0x0800344c   0x00000074   Code   RO         4174    i.USBD_SetConfig    usbd_ctlreq.o
    0x080034c0   0x080034c0   0x0000000a   Code   RO         4380    i.USBD_Start        usbd_core.o
    0x080034ca   0x080034ca   0x000000f2   Code   RO         4175    i.USBD_StdDevReq    usbd_ctlreq.o
    0x080035bc   0x080035bc   0x000000dc   Code   RO         4176    i.USBD_StdEPReq     usbd_ctlreq.o
    0x08003698   0x08003698   0x00000034   Code   RO         4177    i.USBD_StdItfReq    usbd_ctlreq.o
    0x080036cc   0x080036cc   0x00000080   Code   RO         1327    i.USB_ActivateEndpoint  stm32f4xx_ll_usb.o
    0x0800374c   0x0800374c   0x00000034   Code   RO         1328    i.USB_ActivateSetup  stm32f4xx_ll_usb.o
    0x08003780   0x08003780   0x0000006c   Code   RO         1330    i.USB_CoreInit      stm32f4xx_ll_usb.o
    0x080037ec   0x080037ec   0x00000038   Code   RO         1331    i.USB_CoreReset     stm32f4xx_ll_usb.o
    0x08003824   0x08003824   0x000000c8   Code   RO         1333    i.USB_DeactivateEndpoint  stm32f4xx_ll_usb.o
    0x080038ec   0x080038ec   0x00000018   Code   RO         1334    i.USB_DevConnect    stm32f4xx_ll_usb.o
    0x08003904   0x08003904   0x00000018   Code   RO         1335    i.USB_DevDisconnect  stm32f4xx_ll_usb.o
    0x0800391c   0x0800391c   0x00000140   Code   RO         1336    i.USB_DevInit       stm32f4xx_ll_usb.o
    0x08003a5c   0x08003a5c   0x0000000c   Code   RO         1337    i.USB_DisableGlobalInt  stm32f4xx_ll_usb.o
    0x08003a68   0x08003a68   0x00000140   Code   RO         1340    i.USB_EP0StartXfer  stm32f4xx_ll_usb.o
    0x08003ba8   0x08003ba8   0x0000003e   Code   RO         1341    i.USB_EP0_OutStart  stm32f4xx_ll_usb.o
    0x08003be6   0x08003be6   0x00000064   Code   RO         1342    i.USB_EPClearStall  stm32f4xx_ll_usb.o
    0x08003c4a   0x08003c4a   0x0000005e   Code   RO         1343    i.USB_EPSetStall    stm32f4xx_ll_usb.o
    0x08003ca8   0x08003ca8   0x0000021c   Code   RO         1344    i.USB_EPStartXfer   stm32f4xx_ll_usb.o
    0x08003ec4   0x08003ec4   0x0000000c   Code   RO         1345    i.USB_EnableGlobalInt  stm32f4xx_ll_usb.o
    0x08003ed0   0x08003ed0   0x00000020   Code   RO         1346    i.USB_FlushRxFifo   stm32f4xx_ll_usb.o
    0x08003ef0   0x08003ef0   0x00000024   Code   RO         1347    i.USB_FlushTxFifo   stm32f4xx_ll_usb.o
    0x08003f14   0x08003f14   0x0000003c   Code   RO         1349    i.USB_GetDevSpeed   stm32f4xx_ll_usb.o
    0x08003f50   0x08003f50   0x00000008   Code   RO         1351    i.USB_GetMode       stm32f4xx_ll_usb.o
    0x08003f58   0x08003f58   0x0000000e   Code   RO         1358    i.USB_ReadDevAllInEpInterrupt  stm32f4xx_ll_usb.o
    0x08003f66   0x08003f66   0x0000000e   Code   RO         1359    i.USB_ReadDevAllOutEpInterrupt  stm32f4xx_ll_usb.o
    0x08003f74   0x08003f74   0x0000001e   Code   RO         1360    i.USB_ReadDevInEPInterrupt  stm32f4xx_ll_usb.o
    0x08003f92   0x08003f92   0x00000010   Code   RO         1361    i.USB_ReadDevOutEPInterrupt  stm32f4xx_ll_usb.o
    0x08003fa2   0x08003fa2   0x00000008   Code   RO         1362    i.USB_ReadInterrupts  stm32f4xx_ll_usb.o
    0x08003faa   0x08003faa   0x00000020   Code   RO         1363    i.USB_ReadPacket    stm32f4xx_ll_usb.o
    0x08003fca   0x08003fca   0x0000002c   Code   RO         1365    i.USB_SetCurrentMode  stm32f4xx_ll_usb.o
    0x08003ff6   0x08003ff6   0x00000022   Code   RO         1366    i.USB_SetDevAddress  stm32f4xx_ll_usb.o
    0x08004018   0x08004018   0x00000028   Code   RO         1370    i.USB_WritePacket   stm32f4xx_ll_usb.o
    0x08004040   0x08004040   0x00000002   Code   RO         3919    i._Error_Handler    main.o
    0x08004042   0x08004042   0x0000000e   Code   RO         5646    i.__scatterload_copy  mc_w.l(handlers.o)
    0x08004050   0x08004050   0x00000002   Code   RO         5647    i.__scatterload_null  mc_w.l(handlers.o)
    0x08004052   0x08004052   0x0000000e   Code   RO         5648    i.__scatterload_zeroinit  mc_w.l(handlers.o)
    0x08004060   0x08004060   0x00000050   Code   RO         5581    i.free              mc_w.l(malloc.o)
    0x080040b0   0x080040b0   0x000000ac   Code   RO         3920    i.main              main.o
    0x0800415c   0x0800415c   0x0000000c   Code   RO         4501    i.makeFreeRtosPriority  cmsis_os.o
    0x08004168   0x08004168   0x0000006c   Code   RO         5582    i.malloc            mc_w.l(malloc.o)
    0x080041d4   0x080041d4   0x000000a8   Code   RO         3921    i.mouse             main.o
    0x0800427c   0x0800427c   0x0000000e   Code   RO         4503    i.osDelay           cmsis_os.o
    0x0800428a   0x0800428a   0x0000000a   Code   RO         4506    i.osKernelStart     cmsis_os.o
    0x08004294   0x08004294   0x00000014   Code   RO         4539    i.osSystickHandler  cmsis_os.o
    0x080042a8   0x080042a8   0x0000002e   Code   RO         4540    i.osThreadCreate    cmsis_os.o
    0x080042d6   0x080042d6   0x00000002   PAD
    0x080042d8   0x080042d8   0x00000070   Code   RO         5232    i.prvAddCurrentTaskToDelayedList  tasks.o
    0x08004348   0x08004348   0x000000d0   Code   RO         5233    i.prvAddNewTaskToReadyList  tasks.o
    0x08004418   0x08004418   0x00000050   Code   RO         5234    i.prvCheckTasksWaitingTermination  tasks.o
    0x08004468   0x08004468   0x00000026   Code   RO         5077    i.prvCopyDataFromQueue  queue.o
    0x0800448e   0x0800448e   0x0000006c   Code   RO         5078    i.prvCopyDataToQueue  queue.o
    0x080044fa   0x080044fa   0x00000014   Code   RO         5235    i.prvDeleteTCB      tasks.o
    0x0800450e   0x0800450e   0x00000002   PAD
    0x08004510   0x08004510   0x0000004c   Code   RO         5511    i.prvHeapInit       heap_4.o
    0x0800455c   0x0800455c   0x00000028   Code   RO         5236    i.prvIdleTask       tasks.o
    0x08004584   0x08004584   0x0000008e   Code   RO         5237    i.prvInitialiseNewTask  tasks.o
    0x08004612   0x08004612   0x00000002   PAD
    0x08004614   0x08004614   0x0000004c   Code   RO         5512    i.prvInsertBlockIntoFreeList  heap_4.o
    0x08004660   0x08004660   0x0000001c   Code   RO         5079    i.prvIsQueueEmpty   queue.o
    0x0800467c   0x0800467c   0x00000020   Code   RO         5238    i.prvResetNextTaskUnblockTime  tasks.o
    0x0800469c   0x0800469c   0x00000028   Code   RO         4964    i.prvTaskExitError  port.o
    0x080046c4   0x080046c4   0x0000006a   Code   RO         5080    i.prvUnlockQueue    queue.o
    0x0800472e   0x0800472e   0x00000002   PAD
    0x08004730   0x08004730   0x000000d8   Code   RO         5513    i.pvPortMalloc      heap_4.o
    0x08004808   0x08004808   0x00000018   Code   RO         5240    i.pvTaskIncrementMutexHeldCount  tasks.o
    0x08004820   0x08004820   0x0000002c   Code   RO         4965    i.pxPortInitialiseStack  port.o
    0x0800484c   0x0800484c   0x00000290   Code   RO         3922    i.read_mpu          main.o
    0x08004adc   0x08004adc   0x0000006c   Code   RO         3923    i.set_MPU6050_registers  main.o
    0x08004b48   0x08004b48   0x00000024   Code   RO         5040    i.uxListRemove      list.o
    0x08004b6c   0x08004b6c   0x00000016   Code   RO         5041    i.vListInitialise   list.o
    0x08004b82   0x08004b82   0x00000006   Code   RO         5042    i.vListInitialiseItem  list.o
    0x08004b88   0x08004b88   0x00000030   Code   RO         5043    i.vListInsert       list.o
    0x08004bb8   0x08004bb8   0x00000018   Code   RO         5044    i.vListInsertEnd    list.o
    0x08004bd0   0x08004bd0   0x00000040   Code   RO         4967    i.vPortEnterCritical  port.o
    0x08004c10   0x08004c10   0x00000028   Code   RO         4968    i.vPortExitCritical  port.o
    0x08004c38   0x08004c38   0x0000005c   Code   RO         5514    i.vPortFree         heap_4.o
    0x08004c94   0x08004c94   0x00000020   Code   RO         4969    i.vPortSetupTimerInterrupt  port.o
    0x08004cb4   0x08004cb4   0x0000004c   Code   RO         5246    i.vTaskDelay        tasks.o
    0x08004d00   0x08004d00   0x0000000c   Code   RO         5249    i.vTaskMissedYield  tasks.o
    0x08004d0c   0x08004d0c   0x00000030   Code   RO         5251    i.vTaskPlaceOnEventList  tasks.o
    0x08004d3c   0x08004d3c   0x00000084   Code   RO         5253    i.vTaskPriorityInherit  tasks.o
    0x08004dc0   0x08004dc0   0x00000024   Code   RO         5256    i.vTaskSetTimeOutState  tasks.o
    0x08004de4   0x08004de4   0x00000068   Code   RO         5257    i.vTaskStartScheduler  tasks.o
    0x08004e4c   0x08004e4c   0x00000010   Code   RO         5259    i.vTaskSuspendAll   tasks.o
    0x08004e5c   0x08004e5c   0x0000005c   Code   RO         5260    i.vTaskSwitchContext  tasks.o
    0x08004eb8   0x08004eb8   0x000000e0   Code   RO         4971    i.xPortStartScheduler  port.o
    0x08004f98   0x08004f98   0x0000002c   Code   RO         4972    i.xPortSysTickHandler  port.o
    0x08004fc4   0x08004fc4   0x00000048   Code   RO         5088    i.xQueueGenericCreate  queue.o
    0x0800500c   0x0800500c   0x0000016c   Code   RO         5089    i.xQueueGenericReceive  queue.o
    0x08005178   0x08005178   0x00000088   Code   RO         5090    i.xQueueGenericReset  queue.o
    0x08005200   0x08005200   0x00000160   Code   RO         5091    i.xQueueGenericSend  queue.o
    0x08005360   0x08005360   0x0000006c   Code   RO         5261    i.xTaskCheckForTimeOut  tasks.o
    0x080053cc   0x080053cc   0x00000056   Code   RO         5262    i.xTaskCreate       tasks.o
    0x08005422   0x08005422   0x00000002   PAD
    0x08005424   0x08005424   0x0000001c   Code   RO         5266    i.xTaskGetSchedulerState  tasks.o
    0x08005440   0x08005440   0x000000c8   Code   RO         5269    i.xTaskIncrementTick  tasks.o
    0x08005508   0x08005508   0x00000098   Code   RO         5272    i.xTaskPriorityDisinherit  tasks.o
    0x080055a0   0x080055a0   0x00000074   Code   RO         5273    i.xTaskRemoveFromEventList  tasks.o
    0x08005614   0x08005614   0x000000c4   Code   RO         5275    i.xTaskResumeAll    tasks.o
    0x080056d8   0x080056d8   0x00000010   Data   RO           15    .constdata          system_stm32f4xx.o
    0x080056e8   0x080056e8   0x00000008   Data   RO           16    .constdata          system_stm32f4xx.o
    0x080056f0   0x080056f0   0x0000003c   Data   RO         3925    .constdata          main.o
    0x0800572c   0x0800572c   0x0000002c   Data   RO         3926    .conststring        main.o
    0x08005758   0x08005758   0x00000020   Data   RO         5644    Region$$Table       anon$$obj.o


    Execution Region RW_IRAM1 (Exec base: 0x20000000, Load base: 0x08005778, Size: 0x00004d90, Max: 0x00030000, ABSOLUTE, COMPRESSED[0x000000c8])

    Exec Addr    Load Addr    Size         Type   Attr      Idx    E Section Name        Object

    0x20000000   COMPRESSED   0x00000004   Data   RW           17    .data               system_stm32f4xx.o
    0x20000004   COMPRESSED   0x00000004   Data   RW         2073    .data               stm32f4xx_hal.o
    0x20000008   COMPRESSED   0x0000001c   Data   RW         3712    .data               usbd_desc.o
    0x20000024   COMPRESSED   0x00000016   Data   RW         3713    .data               usbd_desc.o
    0x2000003a   COMPRESSED   0x00000002   PAD
    0x2000003c   COMPRESSED   0x00000054   Data   RW         3927    .data               main.o
    0x20000090   COMPRESSED   0x00000001   Data   RW         4178    .data               usbd_ctlreq.o
    0x20000091   COMPRESSED   0x00000003   PAD
    0x20000094   COMPRESSED   0x00000038   Data   RW         4303    .data               usbd_hid.o
    0x200000cc   COMPRESSED   0x00000086   Data   RW         4304    .data               usbd_hid.o
    0x20000152   COMPRESSED   0x00000002   PAD
    0x20000154   COMPRESSED   0x0000000c   Data   RW         4973    .data               port.o
    0x20000160   COMPRESSED   0x0000003c   Data   RW         5278    .data               tasks.o
    0x2000019c   COMPRESSED   0x00000018   Data   RW         5519    .data               heap_4.o
    0x200001b4   COMPRESSED   0x00000004   Data   RW         5637    .data               mc_w.l(mvars.o)
    0x200001b8   COMPRESSED   0x00000004   Data   RW         5638    .data               mc_w.l(mvars.o)
    0x200001bc        -       0x000003f0   Zero   RW         3522    .bss                usbd_conf.o
    0x200005ac        -       0x00000200   Zero   RW         3711    .bss                usbd_desc.o
    0x200007ac        -       0x00000224   Zero   RW         3789    .bss                usb_device.o
    0x200009d0        -       0x0000003c   Zero   RW         3877    .bss                stm32f4xx_hal_timebase_tim.o
    0x20000a0c        -       0x00000094   Zero   RW         3924    .bss                main.o
    0x20000aa0        -       0x000000f0   Zero   RW         5277    .bss                tasks.o
    0x20000b90        -       0x00003c00   Zero   RW         5518    .bss                heap_4.o
    0x20004790        -       0x00000200   Zero   RW            2    HEAP                startup_stm32f429xx.o
    0x20004990        -       0x00000400   Zero   RW            1    STACK               startup_stm32f429xx.o


==============================================================================

Image component sizes


      Code (inc. data)   RO Data    RW Data    ZI Data      Debug   Object Name

       102          0          0          0          0      13596   cmsis_os.o
         0          0          0          0          0       9620   event_groups.o
       460         24          0         24      15360       7559   heap_4.o
       136          0          0          0          0       3734   list.o
      1470         94        104         84        148     760431   main.o
       674         74          0         12          0      11388   port.o
      1204         14          0          0          0      11014   queue.o
        36          8        428          0       1536        868   startup_stm32f429xx.o
       108         16          0          4          0       3964   stm32f4xx_hal.o
       218         14          0          0          0      31261   stm32f4xx_hal_cortex.o
        36          0          0          0          0       1279   stm32f4xx_hal_dma.o
       470         52          0          0          0       2536   stm32f4xx_hal_gpio.o
      1966         38          0          0          0      13549   stm32f4xx_hal_i2c.o
       272         28          0          0          0       2311   stm32f4xx_hal_msp.o
      2136         72          0          0          0      11085   stm32f4xx_hal_pcd.o
        76          0          0          0          0       1944   stm32f4xx_hal_pcd_ex.o
      1292         88          0          0          0       6445   stm32f4xx_hal_rcc.o
       638         44          0          0          0       7362   stm32f4xx_hal_tim.o
         4          0          0          0          0       1706   stm32f4xx_hal_tim_ex.o
       116         18          0          0         60       1544   stm32f4xx_hal_timebase_tim.o
      1342         14          0          0          0       7807   stm32f4xx_hal_uart.o
        42         18          0          0          0      16854   stm32f4xx_it.o
      2420         56          0          0          0      21324   stm32f4xx_ll_usb.o
        84         18         24          4          0     750823   system_stm32f4xx.o
      2060        172          0         60        240      23185   tasks.o
        44         14          0          0        548        784   usb_device.o
       698         38          0          0       1008      19074   usbd_conf.o
       626          0          0          0          0      12586   usbd_core.o
       986         30          0          1          0       8276   usbd_ctlreq.o
       212        116          0         50        512       5435   usbd_desc.o
       302         12          0        190          0       7165   usbd_hid.o
       102          0          0          0          0       3996   usbd_ioreq.o

    ----------------------------------------------------------------------
     20368       1072        588        436      19412    1780505   Object Totals
         0          0         32          0          0          0   (incl. Generated)
        36          0          0          7          0          0   (incl. Padding)

    ----------------------------------------------------------------------

      Code (inc. data)   RO Data    RW Data    ZI Data      Debug   Library Member Name

        86          0          0          0          0          0   __dczerorl2.o
         0          0          0          0          0          0   entry.o
         0          0          0          0          0          0   entry10a.o
         0          0          0          0          0          0   entry11a.o
         8          4          0          0          0          0   entry2.o
         4          0          0          0          0          0   entry5.o
         0          0          0          0          0          0   entry7b.o
         0          0          0          0          0          0   entry8b.o
         8          4          0          0          0          0   entry9a.o
        30          0          0          0          0          0   handlers.o
        36          8          0          0          0         68   init.o
         0          0          0          0          0          0   iusefp.o
        30          0          0          0          0         68   llshl.o
        36          0          0          0          0         68   llsshr.o
        32          0          0          0          0         68   llushr.o
       188         20          0          0          0        160   malloc.o
        36          0          0          0          0         68   memcpya.o
         0          0          0          8          0          0   mvars.o
        98          0          0          0          0         92   uldiv.o
       334          0          0          0          0        148   dadd.o
       186          0          0          0          0        176   depilogue.o
        62          0          0          0          0         80   dfixi.o
        34          0          0          0          0         76   dflti.o
       228          0          0          0          0         96   dmul.o

    ----------------------------------------------------------------------
      1436         36          0          8          0       1168   Library Totals
         0          0          0          0          0          0   (incl. Padding)

    ----------------------------------------------------------------------

      Code (inc. data)   RO Data    RW Data    ZI Data      Debug   Library Name

       592         36          0          8          0        592   mc_w.l
       844          0          0          0          0        576   mf_w.l

    ----------------------------------------------------------------------
      1436         36          0          8          0       1168   Library Totals

    ----------------------------------------------------------------------

==============================================================================


      Code (inc. data)   RO Data    RW Data    ZI Data      Debug   

     21804       1108        588        444      19412    1758685   Grand Totals
     21804       1108        588        200      19412    1758685   ELF Image Totals (compressed)
     21804       1108        588        200          0          0   ROM Totals

==============================================================================

    Total RO  Size (Code + RO Data)                22392 (  21.87kB)
    Total RW  Size (RW Data + ZI Data)             19856 (  19.39kB)
    Total ROM Size (Code + RO Data + RW Data)      22592 (  22.06kB)

==============================================================================

